[CVT] database loaded from /home/lqin/one/one/robots/manipulators/franka/fr3/data
[    1/1500] R=0.545 len= 31.8/59.9 succ=0.32 pi=-0.165 V=0.670 H=+3.22 ec=0.020 KL=0.119* cf=0.28 (1.9s) [max_steps:31|joint_limit:31|pos_err_exceeded:25|self_collision:8]
[   10/1500] R=0.514 len= 30.8/59.8 succ=0.31 pi=-0.024 V=0.143 H=+4.71 ec=0.020 KL=0.132* cf=0.07 (17.3s) [joint_limit:41|max_steps:30|pos_err_exceeded:16|self_collision:5]
[   20/1500] R=0.603 len= 35.3/58.7 succ=0.35 pi=-0.150 V=0.159 H=+4.80 ec=0.020 KL=0.204* cf=0.16 (34.3s) [max_steps:34|joint_limit:31|pos_err_exceeded:24|self_collision:4]
[   30/1500] R=0.563 len= 32.3/58.0 succ=0.40 pi=-0.248 V=0.148 H=+5.90 ec=0.019 KL=0.082  cf=0.11 (51.4s) [max_steps:38|joint_limit:34|pos_err_exceeded:18|init_ik_fail:4]
[   40/1500] R=0.572 len= 33.5/60.3 succ=0.38 pi=-0.097 V=0.102 H=+5.96 ec=0.019 KL=0.006  cf=0.18 (68.3s) [max_steps:36|joint_limit:26|pos_err_exceeded:26|self_collision:8]
[   50/1500] R=0.606 len= 35.2/58.6 succ=0.39 pi=-0.247 V=0.112 H=+6.39 ec=0.019 KL=0.192* cf=0.23 (85.3s) [max_steps:37|pos_err_exceeded:27|joint_limit:27|init_ik_fail:3]
[   60/1500] R=0.624 len= 37.8/60.7 succ=0.44 pi=+0.022 V=0.203 H=+6.11 ec=0.019 KL=0.103* cf=0.27 (102.2s) [max_steps:42|pos_err_exceeded:25|joint_limit:25|self_collision:4]
[   70/1500] R=0.577 len= 34.3/60.5 succ=0.35 pi=-0.238 V=0.117 H=+6.65 ec=0.019 KL=0.058  cf=0.17 (119.2s) [max_steps:34|pos_err_exceeded:28|joint_limit:26|self_collision:6]
[   80/1500] R=0.511 len= 29.2/59.4 succ=0.31 pi=-0.192 V=0.120 H=+7.70 ec=0.018 KL=0.122* cf=0.09 (136.2s) [joint_limit:34|max_steps:30|pos_err_exceeded:25|self_collision:6]
[   90/1500] R=0.561 len= 33.7/59.7 succ=0.36 pi=-0.080 V=0.174 H=+8.06 ec=0.018 KL=0.010  cf=0.24 (153.3s) [max_steps:35|joint_limit:30|pos_err_exceeded:23|self_collision:5]
[  100/1500] R=0.540 len= 31.6/59.3 succ=0.41 pi=-0.320 V=0.139 H=+10.08 ec=0.018 KL=0.007  cf=0.19 (170.3s) [max_steps:39|joint_limit:32|pos_err_exceeded:18|self_collision:7]
[  110/1500] R=0.586 len= 34.8/60.9 succ=0.39 pi=-0.122 V=0.131 H=+10.89 ec=0.018 KL=0.058  cf=0.13 (187.4s) [max_steps:37|joint_limit:34|pos_err_exceeded:22|self_collision:2]
[  120/1500] R=0.593 len= 36.7/61.4 succ=0.41 pi=-0.251 V=0.116 H=+11.06 ec=0.018 KL=0.101* cf=0.24 (204.7s) [max_steps:39|joint_limit:31|pos_err_exceeded:18|self_collision:8]
[  130/1500] R=0.597 len= 35.1/59.1 succ=0.40 pi=-0.064 V=0.165 H=+10.94 ec=0.017 KL=0.019  cf=0.11 (221.7s) [max_steps:38|joint_limit:29|pos_err_exceeded:22|self_collision:5]
[  140/1500] R=0.528 len= 31.4/60.3 succ=0.36 pi=-0.208 V=0.104 H=+10.37 ec=0.017 KL=0.082  cf=0.11 (238.7s) [max_steps:35|joint_limit:30|pos_err_exceeded:22|self_collision:7]
[  150/1500] R=0.570 len= 33.3/59.8 succ=0.39 pi=-0.084 V=0.162 H=+9.96 ec=0.017 KL=0.005  cf=0.11 (255.6s) [max_steps:37|joint_limit:27|pos_err_exceeded:25|init_ik_fail:4]
[  160/1500] R=0.548 len= 33.0/60.7 succ=0.40 pi=-0.178 V=0.123 H=+10.42 ec=0.017 KL=0.045  cf=0.11 (272.6s) [max_steps:38|joint_limit:30|pos_err_exceeded:20|self_collision:7]
[  170/1500] R=0.639 len= 37.5/60.6 succ=0.41 pi=-0.215 V=0.097 H=+9.88 ec=0.017 KL=0.157* cf=0.10 (289.5s) [max_steps:39|joint_limit:26|pos_err_exceeded:23|self_collision:5]
[  180/1500] R=0.630 len= 38.6/61.1 succ=0.46 pi=-0.307 V=0.119 H=+8.85 ec=0.016 KL=0.127* cf=0.03 (306.3s) [max_steps:44|joint_limit:29|pos_err_exceeded:15|self_collision:8]
[  190/1500] R=0.601 len= 35.5/59.6 succ=0.41 pi=-0.234 V=0.112 H=+8.97 ec=0.016 KL=0.040  cf=0.19 (323.3s) [max_steps:39|pos_err_exceeded:28|joint_limit:23|self_collision:4]
[  200/1500] R=0.571 len= 35.5/63.1 succ=0.39 pi=-0.099 V=0.150 H=+8.39 ec=0.016 KL=0.123* cf=0.06 (340.2s) [max_steps:37|joint_limit:29|pos_err_exceeded:24|self_collision:6]
[  210/1500] R=0.558 len= 33.8/60.5 succ=0.35 pi=-0.088 V=0.109 H=+8.41 ec=0.016 KL=0.181* cf=0.09 (356.8s) [max_steps:34|joint_limit:30|pos_err_exceeded:24|self_collision:6]
[  220/1500] R=0.582 len= 34.2/59.1 succ=0.39 pi=-0.297 V=0.088 H=+8.53 ec=0.016 KL=0.082  cf=0.15 (373.6s) [max_steps:37|joint_limit:28|pos_err_exceeded:25|self_collision:5]
[  230/1500] R=0.579 len= 34.1/59.0 succ=0.42 pi=-0.280 V=0.124 H=+8.31 ec=0.015 KL=0.139* cf=0.14 (390.3s) [max_steps:40|joint_limit:28|pos_err_exceeded:17|self_collision:10]
[  240/1500] R=0.566 len= 34.9/61.9 succ=0.33 pi=-0.081 V=0.177 H=+8.00 ec=0.015 KL=0.168* cf=0.14 (407.0s) [max_steps:32|pos_err_exceeded:32|joint_limit:27|self_collision:4]
[  250/1500] R=0.633 len= 38.9/60.8 succ=0.49 pi=-0.189 V=0.151 H=+8.45 ec=0.015 KL=0.110* cf=0.17 (423.8s) [max_steps:47|joint_limit:19|pos_err_exceeded:19|init_ik_fail:8]
[  260/1500] R=0.635 len= 36.6/59.2 succ=0.43 pi=-0.291 V=0.084 H=+9.41 ec=0.015 KL=0.198* cf=0.15 (440.7s) [max_steps:41|pos_err_exceeded:25|joint_limit:23|self_collision:7]
[  270/1500] R=0.564 len= 32.1/58.3 succ=0.30 pi=-0.174 V=0.095 H=+9.47 ec=0.015 KL=0.172* cf=0.19 (457.7s) [pos_err_exceeded:38|max_steps:29|joint_limit:23|self_collision:6]
[  280/1500] R=0.615 len= 36.7/59.9 succ=0.46 pi=-0.249 V=0.132 H=+10.31 ec=0.014 KL=0.138* cf=0.04 (474.6s) [max_steps:44|joint_limit:21|pos_err_exceeded:19|self_collision:9]
[  290/1500] R=0.612 len= 34.8/58.6 succ=0.45 pi=-0.136 V=0.098 H=+10.22 ec=0.014 KL=0.106* cf=0.12 (491.7s) [max_steps:43|joint_limit:28|pos_err_exceeded:17|self_collision:6]
[  300/1500] R=0.563 len= 33.2/59.1 succ=0.41 pi=-0.288 V=0.070 H=+10.65 ec=0.014 KL=0.052  cf=0.06 (508.7s) [max_steps:39|joint_limit:27|pos_err_exceeded:24|self_collision:5]
[  310/1500] R=0.603 len= 36.8/61.4 succ=0.44 pi=-0.098 V=0.068 H=+10.41 ec=0.014 KL=0.034  cf=0.06 (525.6s) [max_steps:42|joint_limit:23|pos_err_exceeded:23|self_collision:6]
[  320/1500] R=0.649 len= 38.6/60.4 succ=0.47 pi=-0.287 V=0.131 H=+10.51 ec=0.014 KL=0.163* cf=0.11 (542.8s) [max_steps:45|pos_err_exceeded:25|joint_limit:16|self_collision:8]
[  330/1500] R=0.634 len= 35.9/58.0 succ=0.45 pi=-0.257 V=0.104 H=+10.63 ec=0.013 KL=0.131* cf=0.02 (559.8s) [max_steps:43|pos_err_exceeded:25|joint_limit:22|self_collision:6]
[  340/1500] R=0.681 len= 40.7/60.4 succ=0.50 pi=-0.250 V=0.100 H=+10.17 ec=0.013 KL=0.244* cf=0.12 (576.9s) [max_steps:48|pos_err_exceeded:23|joint_limit:18|self_collision:5]
[  350/1500] R=0.600 len= 35.7/59.6 succ=0.43 pi=-0.114 V=0.116 H=+10.33 ec=0.013 KL=0.173* cf=0.08 (593.7s) [max_steps:41|joint_limit:30|pos_err_exceeded:15|self_collision:7]
[  360/1500] R=0.598 len= 35.7/59.9 succ=0.38 pi=-0.410 V=0.103 H=+9.55 ec=0.013 KL=0.118* cf=0.20 (610.5s) [max_steps:36|joint_limit:25|pos_err_exceeded:23|self_collision:11]
[  370/1500] R=0.533 len= 31.8/60.3 succ=0.41 pi=+0.100 V=0.130 H=+10.20 ec=0.013 KL=0.143* cf=0.11 (627.4s) [max_steps:39|joint_limit:31|pos_err_exceeded:17|self_collision:8]
[  380/1500] R=0.613 len= 33.9/58.3 succ=0.45 pi=-0.389 V=0.095 H=+10.62 ec=0.012 KL=0.138* cf=0.09 (644.4s) [max_steps:43|pos_err_exceeded:24|joint_limit:17|self_collision:7]
[  390/1500] R=0.588 len= 36.6/60.5 succ=0.39 pi=-0.235 V=0.093 H=+10.91 ec=0.012 KL=0.032  cf=0.27 (661.5s) [max_steps:37|joint_limit:27|pos_err_exceeded:24|self_collision:5]
[  400/1500] R=0.624 len= 36.8/59.5 succ=0.44 pi=-0.392 V=0.060 H=+11.04 ec=0.012 KL=-0.007  cf=0.17 (678.6s) [max_steps:42|pos_err_exceeded:24|joint_limit:21|self_collision:6]
[  410/1500] R=0.646 len= 38.3/59.0 succ=0.48 pi=-0.361 V=0.064 H=+11.00 ec=0.012 KL=0.059  cf=0.14 (695.8s) [max_steps:46|pos_err_exceeded:23|joint_limit:19|self_collision:6]
[  420/1500] R=0.619 len= 36.2/59.9 succ=0.45 pi=-0.002 V=0.093 H=+10.87 ec=0.012 KL=0.055  cf=0.06 (713.1s) [max_steps:43|joint_limit:27|pos_err_exceeded:21|self_collision:4]
[  430/1500] R=0.615 len= 36.7/59.0 succ=0.45 pi=-0.273 V=0.190 H=+10.65 ec=0.011 KL=0.102* cf=0.04 (729.9s) [max_steps:43|pos_err_exceeded:22|joint_limit:21|self_collision:8]
[  440/1500] R=0.580 len= 33.7/61.1 succ=0.42 pi=-0.117 V=0.113 H=+10.69 ec=0.011 KL=0.242* cf=0.03 (746.7s) [max_steps:40|pos_err_exceeded:25|joint_limit:21|self_collision:8]
[  450/1500] R=0.619 len= 37.8/62.0 succ=0.40 pi=-0.272 V=0.097 H=+10.64 ec=0.011 KL=3.436* cf=0.05 (763.3s) [max_steps:38|joint_limit:28|pos_err_exceeded:21|self_collision:7]
[  460/1500] R=0.615 len= 35.7/59.4 succ=0.48 pi=-0.162 V=0.077 H=+10.30 ec=0.011 KL=12.782* cf=0.04 (779.9s) [max_steps:46|joint_limit:21|pos_err_exceeded:16|self_collision:10]
[  470/1500] R=0.645 len= 38.0/59.2 succ=0.40 pi=-0.599 V=0.143 H=+10.67 ec=0.011 KL=0.127* cf=0.02 (796.5s) [max_steps:38|pos_err_exceeded:29|joint_limit:21|self_collision:8]
[  480/1500] R=0.543 len= 32.9/62.4 succ=0.35 pi=-0.180 V=0.117 H=+10.68 ec=0.010 KL=0.199* cf=0.02 (813.2s) [max_steps:34|joint_limit:32|pos_err_exceeded:23|self_collision:6]
[  490/1500] R=0.537 len= 30.8/58.0 succ=0.40 pi=-0.130 V=0.114 H=+10.39 ec=0.010 KL=4.480* cf=0.05 (829.8s) [max_steps:38|joint_limit:28|pos_err_exceeded:16|self_collision:9]
[  500/1500] R=0.636 len= 38.5/61.7 succ=0.41 pi=-0.215 V=0.098 H=+10.14 ec=0.010 KL=0.638* cf=0.03 (846.6s) [max_steps:39|joint_limit:27|pos_err_exceeded:24|self_collision:6]
[  510/1500] R=0.625 len= 37.1/60.4 succ=0.44 pi=-0.071 V=0.100 H=+10.19 ec=0.010 KL=0.137* cf=0.06 (863.5s) [max_steps:42|joint_limit:24|pos_err_exceeded:22|self_collision:6]
[  520/1500] R=0.587 len= 34.4/60.9 succ=0.44 pi=-0.125 V=0.067 H=+10.21 ec=0.010 KL=2.985* cf=0.08 (880.2s) [max_steps:42|pos_err_exceeded:25|joint_limit:23|self_collision:5]
[  530/1500] R=0.616 len= 37.4/60.9 succ=0.45 pi=-0.126 V=0.097 H=+10.76 ec=0.009 KL=0.175* cf=0.02 (896.9s) [max_steps:43|pos_err_exceeded:25|joint_limit:21|self_collision:6]
[  540/1500] R=0.612 len= 35.9/60.3 succ=0.45 pi=-0.077 V=0.134 H=+10.49 ec=0.009 KL=0.377* cf=0.03 (913.6s) [max_steps:43|pos_err_exceeded:23|joint_limit:22|self_collision:4]
[  550/1500] R=0.625 len= 38.7/61.4 succ=0.43 pi=-0.094 V=0.091 H=+10.72 ec=0.009 KL=0.107* cf=0.16 (930.4s) [max_steps:41|joint_limit:24|pos_err_exceeded:19|self_collision:9]
[  560/1500] R=0.620 len= 35.6/58.6 succ=0.43 pi=+0.034 V=0.090 H=+10.48 ec=0.009 KL=0.151* cf=0.03 (947.3s) [max_steps:41|joint_limit:29|pos_err_exceeded:19|self_collision:5]
[  570/1500] R=0.614 len= 36.1/60.4 succ=0.44 pi=-0.219 V=0.129 H=+10.49 ec=0.009 KL=0.125* cf=0.06 (964.2s) [max_steps:42|joint_limit:25|pos_err_exceeded:23|self_collision:5]
[  580/1500] R=0.627 len= 36.7/59.9 succ=0.38 pi=-0.078 V=0.074 H=+10.59 ec=0.008 KL=0.351* cf=0.03 (981.1s) [max_steps:36|joint_limit:26|pos_err_exceeded:23|self_collision:9]
[  590/1500] R=0.623 len= 37.0/60.1 succ=0.45 pi=-0.361 V=0.069 H=+10.55 ec=0.008 KL=0.298* cf=0.10 (997.9s) [max_steps:43|joint_limit:25|pos_err_exceeded:21|self_collision:4]
[  600/1500] R=0.659 len= 38.3/58.4 succ=0.48 pi=-0.231 V=0.069 H=+10.73 ec=0.008 KL=0.101* cf=0.02 (1014.7s) [max_steps:46|joint_limit:24|pos_err_exceeded:17|self_collision:8]
[  610/1500] R=0.620 len= 35.7/58.4 succ=0.41 pi=-0.296 V=0.059 H=+10.37 ec=0.008 KL=1.143* cf=0.04 (1031.6s) [max_steps:39|joint_limit:24|pos_err_exceeded:24|self_collision:8]
[  620/1500] R=0.583 len= 36.0/61.7 succ=0.42 pi=-0.137 V=0.106 H=+9.80 ec=0.008 KL=0.226* cf=0.09 (1048.4s) [max_steps:40|joint_limit:28|pos_err_exceeded:22|init_ik_fail:3]
[  630/1500] R=0.580 len= 36.8/63.3 succ=0.34 pi=+0.020 V=0.069 H=+9.33 ec=0.007 KL=1.158* cf=0.14 (1065.0s) [max_steps:33|pos_err_exceeded:29|joint_limit:21|self_collision:12]
[  640/1500] R=0.643 len= 38.0/60.1 succ=0.40 pi=-0.235 V=0.096 H=+9.64 ec=0.007 KL=3.761* cf=0.12 (1081.7s) [max_steps:38|pos_err_exceeded:29|joint_limit:27|self_collision:2]
[  650/1500] R=0.581 len= 36.1/61.4 succ=0.38 pi=-0.012 V=0.108 H=+10.07 ec=0.007 KL=0.176* cf=0.06 (1098.4s) [max_steps:36|pos_err_exceeded:29|joint_limit:23|self_collision:6]
[  660/1500] R=0.575 len= 34.3/59.5 succ=0.39 pi=+0.169 V=0.123 H=+9.77 ec=0.007 KL=0.129* cf=0.06 (1115.1s) [max_steps:37|pos_err_exceeded:25|joint_limit:22|self_collision:9]
[  670/1500] R=0.642 len= 39.2/60.0 succ=0.44 pi=-0.312 V=0.079 H=+10.31 ec=0.007 KL=0.250* cf=0.06 (1131.9s) [max_steps:42|joint_limit:28|pos_err_exceeded:23|self_collision:3]
[  680/1500] R=0.593 len= 35.5/61.5 succ=0.43 pi=-0.137 V=0.115 H=+9.65 ec=0.006 KL=7.730* cf=0.09 (1148.5s) [max_steps:41|joint_limit:23|pos_err_exceeded:22|self_collision:7]
[  690/1500] R=0.551 len= 33.1/61.5 succ=0.39 pi=-0.099 V=0.133 H=+9.96 ec=0.006 KL=0.576* cf=0.04 (1165.1s) [max_steps:37|joint_limit:24|pos_err_exceeded:23|self_collision:7]
[  700/1500] R=0.596 len= 35.7/59.9 succ=0.41 pi=-0.114 V=0.114 H=+10.35 ec=0.006 KL=0.115* cf=0.08 (1181.7s) [max_steps:39|joint_limit:29|pos_err_exceeded:21|self_collision:6]
[  710/1500] R=0.619 len= 37.3/61.7 succ=0.42 pi=+0.116 V=0.103 H=+9.14 ec=0.006 KL=0.106* cf=0.09 (1198.3s) [max_steps:40|joint_limit:25|pos_err_exceeded:21|self_collision:8]
[  720/1500] R=0.555 len= 32.7/59.0 succ=0.34 pi=-0.209 V=0.101 H=+9.46 ec=0.006 KL=0.397* cf=0.10 (1215.1s) [max_steps:33|joint_limit:28|pos_err_exceeded:27|self_collision:6]
[  730/1500] R=0.615 len= 37.3/60.2 succ=0.43 pi=+0.149 V=0.108 H=+9.80 ec=0.005 KL=0.341* cf=0.03 (1231.9s) [max_steps:41|joint_limit:24|pos_err_exceeded:21|self_collision:6]
[  740/1500] R=0.555 len= 34.2/61.6 succ=0.35 pi=+0.060 V=0.066 H=+10.14 ec=0.005 KL=0.213* cf=0.08 (1248.7s) [max_steps:34|pos_err_exceeded:29|joint_limit:26|self_collision:7]
[  750/1500] R=0.655 len= 38.8/59.9 succ=0.42 pi=+0.122 V=0.105 H=+9.92 ec=0.005 KL=0.854* cf=0.03 (1265.5s) [max_steps:40|joint_limit:26|pos_err_exceeded:21|self_collision:7]
[  760/1500] R=0.612 len= 36.3/61.1 succ=0.43 pi=-0.124 V=0.124 H=+9.91 ec=0.005 KL=4.916* cf=0.06 (1282.0s) [max_steps:41|joint_limit:25|pos_err_exceeded:19|self_collision:9]
[  770/1500] R=0.638 len= 38.5/59.7 succ=0.47 pi=-0.152 V=0.063 H=+9.94 ec=0.005 KL=0.208* cf=0.07 (1298.7s) [max_steps:45|pos_err_exceeded:26|joint_limit:17|self_collision:5]
[  780/1500] R=0.586 len= 33.3/57.7 succ=0.44 pi=-0.139 V=0.099 H=+9.88 ec=0.004 KL=3.167* cf=0.08 (1315.3s) [max_steps:42|pos_err_exceeded:22|joint_limit:18|self_collision:9]
[  790/1500] R=0.619 len= 35.5/59.7 succ=0.43 pi=-0.151 V=0.111 H=+10.38 ec=0.004 KL=0.106* cf=0.01 (1332.1s) [max_steps:41|pos_err_exceeded:24|joint_limit:20|self_collision:9]
[  800/1500] R=0.556 len= 33.4/60.9 succ=0.35 pi=+0.012 V=0.127 H=+10.01 ec=0.004 KL=1.008* cf=0.06 (1349.0s) [max_steps:34|pos_err_exceeded:30|joint_limit:25|init_ik_fail:4]
[  810/1500] R=0.524 len= 32.3/61.3 succ=0.36 pi=+0.110 V=0.166 H=+9.66 ec=0.004 KL=0.627* cf=0.08 (1365.7s) [max_steps:35|joint_limit:32|pos_err_exceeded:19|self_collision:7]
[  820/1500] R=0.618 len= 36.9/60.8 succ=0.42 pi=+0.064 V=0.101 H=+9.78 ec=0.004 KL=0.254* cf=0.04 (1382.6s) [max_steps:40|joint_limit:24|pos_err_exceeded:22|self_collision:8]
[  830/1500] R=0.530 len= 31.2/60.1 succ=0.36 pi=+0.100 V=0.100 H=+9.04 ec=0.003 KL=1.040* cf=0.07 (1399.3s) [max_steps:35|joint_limit:34|pos_err_exceeded:19|self_collision:5]
[  840/1500] R=0.554 len= 33.4/60.5 succ=0.38 pi=+0.018 V=0.097 H=+9.27 ec=0.003 KL=0.198* cf=0.05 (1415.9s) [max_steps:36|joint_limit:27|pos_err_exceeded:23|self_collision:8]
[  850/1500] R=0.684 len= 39.8/59.4 succ=0.50 pi=-0.093 V=0.101 H=+9.17 ec=0.003 KL=0.392* cf=0.14 (1432.6s) [max_steps:48|joint_limit:21|pos_err_exceeded:20|self_collision:4]
[  860/1500] R=0.530 len= 32.1/60.3 succ=0.29 pi=+0.094 V=0.072 H=+9.00 ec=0.003 KL=1.480* cf=0.14 (1449.2s) [pos_err_exceeded:31|joint_limit:29|max_steps:28|self_collision:6]
[  870/1500] R=0.645 len= 39.6/61.7 succ=0.46 pi=+0.014 V=0.093 H=+9.39 ec=0.003 KL=0.931* cf=0.13 (1465.9s) [max_steps:44|joint_limit:27|pos_err_exceeded:19|self_collision:6]
[  880/1500] R=0.650 len= 39.0/60.7 succ=0.40 pi=-0.185 V=0.074 H=+9.07 ec=0.002 KL=0.584* cf=0.08 (1482.5s) [max_steps:38|joint_limit:33|pos_err_exceeded:22|self_collision:2]
[  890/1500] R=0.663 len= 40.1/61.0 succ=0.50 pi=-0.110 V=0.118 H=+9.04 ec=0.002 KL=0.176* cf=0.07 (1499.2s) [max_steps:48|joint_limit:22|pos_err_exceeded:20|self_collision:3]
[  900/1500] R=0.670 len= 39.7/59.4 succ=0.50 pi=-0.076 V=0.082 H=+9.58 ec=0.002 KL=0.110* cf=0.07 (1516.0s) [max_steps:48|pos_err_exceeded:22|joint_limit:18|self_collision:4]
[  910/1500] R=0.596 len= 35.9/59.4 succ=0.44 pi=-0.480 V=0.089 H=+9.17 ec=0.002 KL=0.263* cf=0.01 (1532.8s) [max_steps:42|pos_err_exceeded:25|joint_limit:21|self_collision:5]
[  920/1500] R=0.640 len= 39.2/61.4 succ=0.46 pi=-0.377 V=0.086 H=+9.03 ec=0.002 KL=0.882* cf=0.11 (1549.6s) [max_steps:44|joint_limit:23|pos_err_exceeded:22|self_collision:5]
[  930/1500] R=0.585 len= 36.5/61.8 succ=0.42 pi=-0.180 V=0.070 H=+8.70 ec=0.001 KL=0.144* cf=0.10 (1566.3s) [max_steps:40|joint_limit:25|pos_err_exceeded:21|self_collision:8]
[  940/1500] R=0.593 len= 36.6/62.2 succ=0.39 pi=-0.164 V=0.069 H=+8.63 ec=0.001 KL=0.133* cf=0.09 (1583.0s) [max_steps:37|pos_err_exceeded:29|joint_limit:25|self_collision:4]
[  950/1500] R=0.606 len= 36.6/60.0 succ=0.40 pi=-0.168 V=0.064 H=+8.66 ec=0.001 KL=1.853* cf=0.11 (1599.7s) [max_steps:38|joint_limit:31|pos_err_exceeded:19|self_collision:7]
[  960/1500] R=0.549 len= 31.7/58.9 succ=0.36 pi=-0.399 V=0.148 H=+8.61 ec=0.001 KL=0.235* cf=0.08 (1616.3s) [max_steps:35|joint_limit:31|pos_err_exceeded:20|self_collision:6]
[  970/1500] R=0.637 len= 39.0/60.9 succ=0.50 pi=+0.013 V=0.044 H=+9.35 ec=0.001 KL=0.101* cf=0.14 (1633.1s) [max_steps:48|joint_limit:27|pos_err_exceeded:12|self_collision:7]
[  980/1500] R=0.638 len= 38.6/61.6 succ=0.45 pi=+0.064 V=0.156 H=+9.99 ec=0.000 KL=0.267* cf=0.05 (1650.0s) [max_steps:43|pos_err_exceeded:25|joint_limit:22|self_collision:6]
[  990/1500] R=0.498 len= 28.8/58.7 succ=0.31 pi=+0.079 V=0.129 H=+9.25 ec=0.000 KL=0.228* cf=0.06 (1666.8s) [joint_limit:32|max_steps:30|pos_err_exceeded:25|self_collision:9]
[ 1000/1500] R=0.597 len= 35.7/59.1 succ=0.41 pi=-0.387 V=0.118 H=+9.81 ec=0.000 KL=0.134* cf=0.03 (1683.5s) [max_steps:39|pos_err_exceeded:27|joint_limit:23|self_collision:6]
[ 1010/1500] R=0.681 len= 39.4/59.0 succ=0.50 pi=-0.027 V=0.088 H=+9.85 ec=0.000 KL=0.345* cf=0.05 (1700.4s) [max_steps:48|joint_limit:27|pos_err_exceeded:17|self_collision:4]
[ 1020/1500] R=0.643 len= 37.3/59.8 succ=0.44 pi=-0.027 V=0.100 H=+9.06 ec=0.000 KL=0.203* cf=0.04 (1717.2s) [max_steps:42|joint_limit:25|pos_err_exceeded:20|self_collision:8]
[ 1030/1500] R=0.644 len= 38.3/61.2 succ=0.47 pi=+0.347 V=0.123 H=+9.81 ec=0.000 KL=0.576* cf=0.04 (1733.9s) [max_steps:45|joint_limit:25|pos_err_exceeded:20|self_collision:5]
[ 1040/1500] R=0.565 len= 32.9/60.9 succ=0.33 pi=-0.001 V=0.082 H=+9.98 ec=0.000 KL=0.117* cf=0.05 (1750.6s) [max_steps:32|pos_err_exceeded:31|joint_limit:23|self_collision:7]
[ 1050/1500] R=0.609 len= 36.5/61.3 succ=0.44 pi=-0.168 V=0.069 H=+9.71 ec=0.000 KL=0.175* cf=0.03 (1767.3s) [max_steps:42|joint_limit:32|pos_err_exceeded:18|self_collision:3]
[ 1060/1500] R=0.597 len= 36.0/60.2 succ=0.41 pi=+0.001 V=0.089 H=+9.57 ec=0.000 KL=0.167* cf=0.04 (1784.0s) [max_steps:39|joint_limit:30|pos_err_exceeded:22|self_collision:5]
[ 1070/1500] R=0.603 len= 35.8/58.9 succ=0.40 pi=-0.154 V=0.053 H=+9.06 ec=0.000 KL=1.599* cf=0.07 (1800.6s) [max_steps:38|joint_limit:25|pos_err_exceeded:21|self_collision:10]
[ 1080/1500] R=0.600 len= 34.9/58.9 succ=0.44 pi=+0.043 V=0.088 H=+9.29 ec=0.000 KL=1.085* cf=0.00 (1817.3s) [max_steps:42|pos_err_exceeded:24|joint_limit:20|self_collision:10]
[ 1090/1500] R=0.676 len= 40.0/60.5 succ=0.42 pi=-0.031 V=0.048 H=+9.16 ec=0.000 KL=0.721* cf=0.07 (1834.1s) [max_steps:40|joint_limit:31|pos_err_exceeded:19|self_collision:6]
[ 1100/1500] R=0.680 len= 41.6/61.9 succ=0.50 pi=+0.119 V=0.139 H=+8.82 ec=0.000 KL=1.425* cf=0.05 (1850.8s) [max_steps:48|joint_limit:25|pos_err_exceeded:11|self_collision:11]
[ 1110/1500] R=0.626 len= 36.7/59.6 succ=0.41 pi=-0.068 V=0.074 H=+8.66 ec=0.000 KL=15.763* cf=0.16 (1867.3s) [max_steps:39|joint_limit:23|pos_err_exceeded:22|self_collision:12]
[ 1120/1500] R=0.558 len= 34.6/61.9 succ=0.35 pi=-0.002 V=0.115 H=+9.40 ec=0.000 KL=1.210* cf=0.10 (1883.9s) [max_steps:34|joint_limit:30|pos_err_exceeded:24|self_collision:5]
[ 1130/1500] R=0.550 len= 32.6/60.2 succ=0.41 pi=-0.223 V=0.059 H=+8.96 ec=0.000 KL=5.443* cf=0.10 (1900.5s) [max_steps:39|joint_limit:26|pos_err_exceeded:22|init_ik_fail:5]
[ 1140/1500] R=0.580 len= 34.6/61.6 succ=0.40 pi=+0.165 V=0.113 H=+8.83 ec=0.000 KL=0.408* cf=0.07 (1917.0s) [max_steps:38|joint_limit:31|pos_err_exceeded:24|self_collision:2]
[ 1150/1500] R=0.661 len= 40.1/60.1 succ=0.45 pi=-0.098 V=0.063 H=+8.41 ec=0.000 KL=1.466* cf=0.05 (1933.7s) [max_steps:43|pos_err_exceeded:24|joint_limit:18|self_collision:9]
[ 1160/1500] R=0.588 len= 34.6/59.6 succ=0.42 pi=-0.070 V=0.088 H=+8.08 ec=0.000 KL=5.487* cf=0.15 (1950.4s) [max_steps:40|pos_err_exceeded:23|joint_limit:21|self_collision:9]
[ 1170/1500] R=0.634 len= 36.7/58.1 succ=0.42 pi=+0.180 V=0.077 H=+8.44 ec=0.000 KL=0.159* cf=0.12 (1967.1s) [max_steps:40|joint_limit:25|pos_err_exceeded:18|self_collision:11]
[ 1180/1500] R=0.595 len= 35.9/60.7 succ=0.43 pi=-0.060 V=0.090 H=+7.66 ec=0.000 KL=0.719* cf=0.06 (1983.7s) [max_steps:41|joint_limit:25|pos_err_exceeded:22|self_collision:8]
[ 1190/1500] R=0.639 len= 39.1/61.5 succ=0.45 pi=+0.154 V=0.085 H=+7.95 ec=0.000 KL=1.964* cf=0.11 (2000.5s) [max_steps:43|joint_limit:23|pos_err_exceeded:23|self_collision:5]
[ 1200/1500] R=0.631 len= 38.6/61.6 succ=0.47 pi=+0.138 V=0.130 H=+7.57 ec=0.000 KL=0.594* cf=0.11 (2017.2s) [max_steps:45|joint_limit:22|pos_err_exceeded:19|self_collision:7]
[ 1210/1500] R=0.621 len= 36.8/59.2 succ=0.44 pi=+0.053 V=0.151 H=+7.56 ec=0.000 KL=20.042* cf=0.15 (2034.0s) [max_steps:42|joint_limit:24|pos_err_exceeded:23|init_ik_fail:4]
[ 1220/1500] R=0.519 len= 29.7/58.1 succ=0.33 pi=-0.266 V=0.099 H=+7.54 ec=0.000 KL=3.633* cf=0.06 (2050.7s) [max_steps:32|pos_err_exceeded:28|joint_limit:24|self_collision:9]
[ 1230/1500] R=0.627 len= 39.0/62.8 succ=0.43 pi=+0.372 V=0.189 H=+7.81 ec=0.000 KL=1.194* cf=0.14 (2067.4s) [max_steps:41|pos_err_exceeded:24|joint_limit:20|self_collision:8]
[ 1240/1500] R=0.600 len= 36.6/61.5 succ=0.40 pi=+0.149 V=0.101 H=+8.24 ec=0.000 KL=6.013* cf=0.11 (2084.0s) [max_steps:38|joint_limit:27|pos_err_exceeded:24|self_collision:5]
[ 1250/1500] R=0.561 len= 34.0/61.4 succ=0.36 pi=-0.041 V=0.083 H=+7.92 ec=0.000 KL=1.748* cf=0.16 (2100.6s) [max_steps:35|pos_err_exceeded:27|joint_limit:24|self_collision:8]
[ 1260/1500] R=0.583 len= 35.4/61.4 succ=0.38 pi=-0.154 V=0.065 H=+8.72 ec=0.000 KL=7.642* cf=0.11 (2117.2s) [max_steps:36|joint_limit:30|pos_err_exceeded:23|self_collision:5]
[ 1270/1500] R=0.626 len= 38.6/61.7 succ=0.46 pi=-0.089 V=0.134 H=+8.61 ec=0.000 KL=1.067* cf=0.07 (2133.8s) [max_steps:44|pos_err_exceeded:23|joint_limit:20|self_collision:6]
[ 1280/1500] R=0.528 len= 32.4/61.7 succ=0.31 pi=-0.060 V=0.079 H=+9.34 ec=0.000 KL=0.687* cf=0.04 (2150.5s) [max_steps:30|joint_limit:28|pos_err_exceeded:25|self_collision:10]
[ 1290/1500] R=0.645 len= 38.9/60.9 succ=0.45 pi=+0.199 V=0.086 H=+9.67 ec=0.000 KL=0.753* cf=0.03 (2167.1s) [max_steps:43|pos_err_exceeded:22|joint_limit:20|self_collision:9]
[ 1300/1500] R=0.598 len= 35.2/59.0 succ=0.41 pi=+0.152 V=0.105 H=+10.08 ec=0.000 KL=11.474* cf=0.08 (2183.9s) [max_steps:39|pos_err_exceeded:26|joint_limit:26|self_collision:4]
[ 1310/1500] R=0.666 len= 40.0/60.1 succ=0.52 pi=+0.102 V=0.115 H=+9.34 ec=0.000 KL=0.395* cf=0.03 (2200.6s) [max_steps:50|joint_limit:29|pos_err_exceeded:11|self_collision:6]
[ 1320/1500] R=0.645 len= 37.9/59.0 succ=0.47 pi=+0.166 V=0.109 H=+9.31 ec=0.000 KL=0.107* cf=0.04 (2217.3s) [max_steps:45|joint_limit:24|pos_err_exceeded:18|self_collision:8]
[ 1330/1500] R=0.588 len= 33.1/58.4 succ=0.42 pi=-0.095 V=0.084 H=+9.51 ec=0.000 KL=1.145* cf=0.05 (2234.1s) [max_steps:40|joint_limit:23|pos_err_exceeded:20|self_collision:8]
[ 1340/1500] R=0.635 len= 35.8/58.2 succ=0.45 pi=+0.090 V=0.097 H=+9.90 ec=0.000 KL=0.361* cf=0.05 (2250.9s) [max_steps:43|joint_limit:25|pos_err_exceeded:19|self_collision:5]
[ 1350/1500] R=0.660 len= 40.1/62.3 succ=0.48 pi=+0.371 V=0.107 H=+10.03 ec=0.000 KL=0.351* cf=0.04 (2267.7s) [max_steps:46|pos_err_exceeded:20|joint_limit:20|self_collision:9]
[ 1360/1500] R=0.547 len= 31.3/58.8 succ=0.35 pi=+0.067 V=0.146 H=+9.50 ec=0.000 KL=0.586* cf=0.15 (2284.5s) [max_steps:34|joint_limit:28|pos_err_exceeded:26|self_collision:6]
[ 1370/1500] R=0.604 len= 35.0/58.8 succ=0.41 pi=-0.064 V=0.100 H=+9.33 ec=0.000 KL=0.325* cf=0.06 (2301.2s) [max_steps:39|pos_err_exceeded:26|joint_limit:21|self_collision:9]
[ 1380/1500] R=0.568 len= 33.9/60.4 succ=0.39 pi=-0.244 V=0.082 H=+9.74 ec=0.000 KL=1.102* cf=0.03 (2317.8s) [max_steps:37|joint_limit:27|pos_err_exceeded:24|self_collision:8]
[ 1390/1500] R=0.566 len= 33.6/60.2 succ=0.35 pi=+0.150 V=0.097 H=+9.58 ec=0.000 KL=0.509* cf=0.07 (2334.6s) [max_steps:34|joint_limit:26|pos_err_exceeded:26|self_collision:7]
[ 1400/1500] R=0.580 len= 34.1/59.2 succ=0.38 pi=+0.252 V=0.122 H=+9.52 ec=0.000 KL=1.326* cf=0.08 (2351.2s) [max_steps:36|joint_limit:29|pos_err_exceeded:17|self_collision:9]
[ 1410/1500] R=0.563 len= 34.0/60.6 succ=0.36 pi=+0.073 V=0.060 H=+8.84 ec=0.000 KL=3.224* cf=0.15 (2367.8s) [max_steps:35|pos_err_exceeded:26|joint_limit:25|init_ik_fail:5]
[ 1420/1500] R=0.621 len= 36.1/59.9 succ=0.44 pi=-0.082 V=0.072 H=+8.95 ec=0.000 KL=0.372* cf=0.09 (2384.5s) [max_steps:42|pos_err_exceeded:28|joint_limit:20|self_collision:3]
[ 1430/1500] R=0.588 len= 34.9/58.8 succ=0.44 pi=+0.161 V=0.110 H=+8.99 ec=0.000 KL=2.870* cf=0.12 (2401.1s) [max_steps:42|pos_err_exceeded:24|joint_limit:21|self_collision:8]
[ 1440/1500] R=0.667 len= 38.0/58.6 succ=0.43 pi=+0.057 V=0.081 H=+9.33 ec=0.000 KL=0.373* cf=0.09 (2417.9s) [max_steps:41|joint_limit:24|pos_err_exceeded:20|self_collision:7]
[ 1450/1500] R=0.651 len= 38.6/60.8 succ=0.47 pi=+0.154 V=0.090 H=+8.87 ec=0.000 KL=0.512* cf=0.11 (2434.7s) [max_steps:45|pos_err_exceeded:24|joint_limit:21|self_collision:5]
[ 1460/1500] R=0.624 len= 36.3/59.3 succ=0.46 pi=-0.079 V=0.123 H=+9.45 ec=0.000 KL=0.343* cf=0.04 (2451.5s) [max_steps:44|joint_limit:21|pos_err_exceeded:21|self_collision:8]
[ 1470/1500] R=0.612 len= 35.7/59.7 succ=0.45 pi=+0.152 V=0.111 H=+8.98 ec=0.000 KL=0.937* cf=0.11 (2468.3s) [max_steps:43|joint_limit:27|pos_err_exceeded:17|self_collision:8]
[ 1480/1500] R=0.590 len= 33.0/57.2 succ=0.40 pi=+0.324 V=0.112 H=+8.09 ec=0.000 KL=0.137* cf=0.11 (2485.2s) [max_steps:38|joint_limit:27|pos_err_exceeded:24|self_collision:5]
[ 1490/1500] R=0.532 len= 31.5/59.3 succ=0.34 pi=-0.037 V=0.109 H=+7.99 ec=0.000 KL=3.269* cf=0.15 (2502.1s) [max_steps:33|joint_limit:30|pos_err_exceeded:22|self_collision:10]
[ 1500/1500] R=0.603 len= 36.7/60.7 succ=0.38 pi=-0.044 V=0.108 H=+8.14 ec=0.000 KL=0.320* cf=0.12 (2518.8s) [max_steps:36|joint_limit:27|pos_err_exceeded:26|self_collision:6]
