wandb: [wandb.login()] Loaded credentials for https://api.wandb.ai from /home/lqin/.netrc.
wandb: Currently logged in as: xinyiyuan (xinyiyuan_robo) to https://api.wandb.ai. Use `wandb login --relogin` to force relogin
wandb: Tracking run with wandb version 0.26.1
wandb: Run data is saved locally in /home/lqin/one/wandb/run-20260504_123331-bvu3qnah
wandb: Run `wandb offline` to turn off syncing.
wandb: Syncing run v13_q_calibrated_10k
wandb: ⭐️ View project at https://wandb.ai/xinyiyuan_robo/fr3-rl-branch
wandb: 🚀 View run at https://wandb.ai/xinyiyuan_robo/fr3-rl-branch/runs/bvu3qnah
[CVT] database loaded from /home/lqin/one/one/robots/manipulators/franka/fr3/data
[warmup] collecting 1024 rollouts before learning starts
[    1/10000] buf= 4096 R=0.627 raw=0.270 orc=0.422 len= 38.2/150.7 succ=0.07 q=0.0532 qens=0.1912 pi=-1.023 a=0.0500 H=+2.72 (6.5s) [pos_err_exceeded:1307|joint_limit:486|max_steps:139|self_collision:106]
[   10/10000] buf=22528 R=0.570 raw=0.362 orc=0.589 len= 48.7/145.9 succ=0.15 q=0.0719 qens=0.1609 pi=-0.755 a=0.0497 H=+2.70 (33.2s) [pos_err_exceeded:1097|joint_limit:525|max_steps:298|self_collision:121]
[   20/10000] buf=43008 R=0.636 raw=0.304 orc=0.460 len= 36.8/139.1 succ=0.10 q=0.0693 qens=0.1564 pi=-0.763 a=0.0494 H=+2.73 (61.3s) [pos_err_exceeded:1149|joint_limit:555|max_steps:202|self_collision:137]
[   30/10000] buf=63488 R=0.655 raw=0.380 orc=0.579 len= 47.8/132.6 succ=0.16 q=0.0520 qens=0.1574 pi=-0.720 a=0.0491 H=+2.72 (90.1s) [pos_err_exceeded:1134|joint_limit:502|max_steps:324|self_collision:82]
[   40/10000] buf=83968 R=0.578 raw=0.392 orc=0.597 len= 50.5/138.9 succ=0.17 q=0.0516 qens=0.1728 pi=-0.824 a=0.0488 H=+2.74 (118.4s) [pos_err_exceeded:957|joint_limit:542|max_steps:338|self_collision:135]
[   50/10000] buf=104448 R=0.627 raw=0.364 orc=0.553 len= 46.2/146.5 succ=0.12 q=0.0502 qens=0.1487 pi=-0.807 a=0.0485 H=+2.70 (147.5s) [pos_err_exceeded:1111|joint_limit:493|max_steps:246|self_collision:180]
[   60/10000] buf=124928 R=0.602 raw=0.330 orc=0.488 len= 39.7/145.2 succ=0.16 q=0.0612 qens=0.1571 pi=-0.704 a=0.0482 H=+2.69 (176.5s) [pos_err_exceeded:1149|max_steps:333|joint_limit:316|self_collision:238]
[   70/10000] buf=145408 R=0.629 raw=0.396 orc=0.623 len= 43.8/132.1 succ=0.20 q=0.0652 qens=0.1607 pi=-0.731 a=0.0479 H=+2.64 (206.0s) [pos_err_exceeded:1110|joint_limit:406|max_steps:404|self_collision:114]
[   80/10000] buf=165888 R=0.616 raw=0.406 orc=0.620 len= 45.7/133.2 succ=0.20 q=0.0697 qens=0.1631 pi=-0.650 a=0.0477 H=+2.66 (235.9s) [pos_err_exceeded:968|joint_limit:476|max_steps:415|self_collision:184]
[   90/10000] buf=186368 R=0.665 raw=0.406 orc=0.581 len= 45.2/129.9 succ=0.20 q=0.0859 qens=0.1635 pi=-0.740 a=0.0474 H=+2.71 (264.7s) [pos_err_exceeded:1092|joint_limit:416|max_steps:411|self_collision:85]
[  100/10000] buf=200000 R=0.684 raw=0.370 orc=0.510 len= 49.0/152.1 succ=0.11 q=0.0801 qens=0.1583 pi=-0.720 a=0.0471 H=+2.60 (293.2s) [pos_err_exceeded:1176|joint_limit:574|max_steps:227|self_collision:67]
[  110/10000] buf=200000 R=0.607 raw=0.366 orc=0.579 len= 43.8/136.7 succ=0.15 q=0.0658 qens=0.1713 pi=-0.702 a=0.0468 H=+2.68 (322.7s) [pos_err_exceeded:1196|joint_limit:453|max_steps:298|self_collision:91]
[  120/10000] buf=200000 R=0.642 raw=0.372 orc=0.552 len= 47.7/145.0 succ=0.17 q=0.0791 qens=0.1640 pi=-0.715 a=0.0465 H=+2.67 (351.6s) [pos_err_exceeded:1135|joint_limit:430|max_steps:350|self_collision:131]
[  130/10000] buf=200000 R=0.584 raw=0.335 orc=0.507 len= 38.7/133.5 succ=0.15 q=0.0620 qens=0.1714 pi=-0.704 a=0.0463 H=+2.63 (382.8s) [pos_err_exceeded:1094|joint_limit:467|max_steps:302|self_collision:167]
[  140/10000] buf=200000 R=0.644 raw=0.368 orc=0.578 len= 52.5/149.6 succ=0.15 q=0.0647 qens=0.1597 pi=-0.720 a=0.0460 H=+2.65 (413.0s) [pos_err_exceeded:1162|joint_limit:481|max_steps:308|self_collision:74]
[  150/10000] buf=200000 R=0.671 raw=0.399 orc=0.594 len= 44.3/125.8 succ=0.15 q=0.0648 qens=0.1499 pi=-0.770 a=0.0457 H=+2.66 (442.3s) [pos_err_exceeded:1114|joint_limit:506|max_steps:314|self_collision:91]
[  160/10000] buf=200000 R=0.571 raw=0.379 orc=0.579 len= 45.8/130.2 succ=0.16 q=0.0660 qens=0.1638 pi=-0.674 a=0.0454 H=+2.61 (471.5s) [pos_err_exceeded:981|joint_limit:492|max_steps:323|self_collision:249]
[  170/10000] buf=200000 R=0.649 raw=0.374 orc=0.583 len= 47.4/146.4 succ=0.14 q=0.0601 qens=0.1447 pi=-0.723 a=0.0452 H=+2.65 (500.7s) [pos_err_exceeded:1213|joint_limit:467|max_steps:292|init_ik_fail:38]
[  180/10000] buf=200000 R=0.617 raw=0.336 orc=0.511 len= 44.5/142.0 succ=0.10 q=0.0616 qens=0.1539 pi=-0.817 a=0.0449 H=+2.68 (531.5s) [pos_err_exceeded:1351|joint_limit:347|max_steps:211|self_collision:81]
[  190/10000] buf=200000 R=0.639 raw=0.386 orc=0.580 len= 45.1/139.7 succ=0.17 q=0.0573 qens=0.1570 pi=-0.725 a=0.0446 H=+2.63 (560.4s) [pos_err_exceeded:1112|joint_limit:423|max_steps:357|self_collision:106]
[  200/10000] buf=200000 R=0.639 raw=0.399 orc=0.584 len= 54.6/143.2 succ=0.17 q=0.0558 qens=0.1503 pi=-0.725 a=0.0444 H=+2.64 (590.0s) [pos_err_exceeded:1101|joint_limit:505|max_steps:338|self_collision:78]
wandb: WARNING Symlinked 1 file into the W&B run directory; call wandb.save again to sync new files.
[  210/10000] buf=200000 R=0.599 raw=0.357 orc=0.542 len= 42.6/143.0 succ=0.17 q=0.0686 qens=0.1653 pi=-0.684 a=0.0441 H=+2.66 (619.4s) [pos_err_exceeded:1138|joint_limit:440|max_steps:349|self_collision:98]
[  220/10000] buf=200000 R=0.709 raw=0.469 orc=0.607 len= 47.9/123.6 succ=0.28 q=0.0505 qens=0.1519 pi=-0.712 a=0.0438 H=+2.65 (648.3s) [pos_err_exceeded:856|max_steps:567|joint_limit:544|self_collision:77]
[  230/10000] buf=200000 R=0.656 raw=0.410 orc=0.601 len= 52.4/142.1 succ=0.14 q=0.0711 qens=0.1610 pi=-0.723 a=0.0436 H=+2.67 (678.1s) [pos_err_exceeded:1151|joint_limit:477|max_steps:284|self_collision:109]
[  240/10000] buf=200000 R=0.651 raw=0.340 orc=0.509 len= 44.3/141.4 succ=0.16 q=0.0691 qens=0.1522 pi=-0.711 a=0.0433 H=+2.62 (707.8s) [pos_err_exceeded:1150|joint_limit:406|max_steps:335|self_collision:153]
[  250/10000] buf=200000 R=0.641 raw=0.387 orc=0.591 len= 47.4/141.2 succ=0.15 q=0.0652 qens=0.1426 pi=-0.757 a=0.0430 H=+2.68 (737.2s) [pos_err_exceeded:1283|joint_limit:372|max_steps:302|self_collision:89]
[  260/10000] buf=200000 R=0.631 raw=0.375 orc=0.547 len= 44.2/140.6 succ=0.14 q=0.0744 qens=0.1510 pi=-0.725 a=0.0428 H=+2.67 (766.5s) [pos_err_exceeded:1191|joint_limit:498|max_steps:293|self_collision:58]
[  270/10000] buf=200000 R=0.617 raw=0.400 orc=0.579 len= 50.9/143.1 succ=0.22 q=0.0633 qens=0.1479 pi=-0.752 a=0.0425 H=+2.66 (796.4s) [pos_err_exceeded:972|joint_limit:469|max_steps:444|self_collision:127]
[  280/10000] buf=200000 R=0.620 raw=0.353 orc=0.537 len= 41.2/132.5 succ=0.13 q=0.0503 qens=0.1350 pi=-0.782 a=0.0423 H=+2.70 (824.5s) [pos_err_exceeded:1115|joint_limit:488|max_steps:269|self_collision:132]
[  290/10000] buf=200000 R=0.619 raw=0.349 orc=0.535 len= 45.0/138.3 succ=0.15 q=0.0501 qens=0.1574 pi=-0.690 a=0.0420 H=+2.64 (854.6s) [pos_err_exceeded:1166|joint_limit:486|max_steps:315|self_collision:81]
[  300/10000] buf=200000 R=0.674 raw=0.417 orc=0.595 len= 45.8/131.2 succ=0.21 q=0.0538 qens=0.1448 pi=-0.740 a=0.0418 H=+2.63 (883.2s) [pos_err_exceeded:1085|joint_limit:472|max_steps:422|self_collision:66]
[  310/10000] buf=200000 R=0.624 raw=0.323 orc=0.494 len= 41.2/140.2 succ=0.10 q=0.0676 qens=0.1467 pi=-0.714 a=0.0415 H=+2.66 (912.4s) [pos_err_exceeded:1272|joint_limit:482|max_steps:197|self_collision:91]
[  320/10000] buf=200000 R=0.626 raw=0.366 orc=0.556 len= 46.6/141.9 succ=0.15 q=0.0796 qens=0.1592 pi=-0.702 a=0.0413 H=+2.65 (941.7s) [pos_err_exceeded:1218|joint_limit:445|max_steps:298|self_collision:85]
[  330/10000] buf=200000 R=0.659 raw=0.391 orc=0.543 len= 50.4/146.1 succ=0.19 q=0.0787 qens=0.1538 pi=-0.718 a=0.0410 H=+2.66 (971.5s) [pos_err_exceeded:1026|joint_limit:477|max_steps:390|self_collision:151]
[  340/10000] buf=200000 R=0.599 raw=0.357 orc=0.565 len= 44.3/136.6 succ=0.14 q=0.0626 qens=0.1579 pi=-0.675 a=0.0408 H=+2.67 (1000.5s) [pos_err_exceeded:1117|joint_limit:434|max_steps:279|self_collision:181]
[  350/10000] buf=200000 R=0.690 raw=0.384 orc=0.522 len= 50.1/145.5 succ=0.14 q=0.0722 qens=0.1455 pi=-0.752 a=0.0405 H=+2.60 (1030.7s) [pos_err_exceeded:1258|joint_limit:429|max_steps:284|self_collision:73]
[  360/10000] buf=200000 R=0.589 raw=0.342 orc=0.509 len= 40.0/138.6 succ=0.13 q=0.0721 qens=0.1651 pi=-0.679 a=0.0403 H=+2.66 (1060.6s) [pos_err_exceeded:1038|joint_limit:530|max_steps:269|self_collision:199]
[  370/10000] buf=200000 R=0.666 raw=0.364 orc=0.516 len= 43.6/141.8 succ=0.15 q=0.0605 qens=0.1554 pi=-0.775 a=0.0401 H=+2.67 (1089.3s) [pos_err_exceeded:1230|joint_limit:396|max_steps:302|self_collision:120]
[  380/10000] buf=200000 R=0.699 raw=0.423 orc=0.571 len= 50.5/137.6 succ=0.18 q=0.0407 qens=0.1533 pi=-0.727 a=0.0398 H=+2.63 (1119.0s) [pos_err_exceeded:1057|joint_limit:510|max_steps:359|self_collision:99]
[  390/10000] buf=200000 R=0.585 raw=0.368 orc=0.534 len= 39.8/135.8 succ=0.18 q=0.0659 qens=0.1629 pi=-0.711 a=0.0396 H=+2.69 (1149.4s) [pos_err_exceeded:989|joint_limit:462|max_steps:376|self_collision:198]
[  400/10000] buf=200000 R=0.660 raw=0.371 orc=0.547 len= 45.6/136.7 succ=0.18 q=0.0722 qens=0.1505 pi=-0.759 a=0.0393 H=+2.65 (1178.1s) [pos_err_exceeded:1020|joint_limit:480|max_steps:369|self_collision:164]
wandb: WARNING Symlinked 1 file into the W&B run directory; call wandb.save again to sync new files.
[  410/10000] buf=200000 R=0.611 raw=0.355 orc=0.526 len= 52.0/158.8 succ=0.09 q=0.0562 qens=0.1606 pi=-0.773 a=0.0391 H=+2.61 (1207.7s) [pos_err_exceeded:1031|joint_limit:533|self_collision:261|max_steps:190]
[  420/10000] buf=200000 R=0.580 raw=0.313 orc=0.514 len= 40.5/142.8 succ=0.11 q=0.0506 qens=0.1326 pi=-0.691 a=0.0389 H=+2.67 (1237.9s) [pos_err_exceeded:1179|joint_limit:452|max_steps:227|self_collision:165]
[  430/10000] buf=200000 R=0.692 raw=0.383 orc=0.543 len= 47.7/138.6 succ=0.17 q=0.0567 qens=0.1422 pi=-0.721 a=0.0386 H=+2.58 (1267.4s) [pos_err_exceeded:1150|joint_limit:404|max_steps:352|self_collision:140]
[  440/10000] buf=200000 R=0.586 raw=0.300 orc=0.458 len= 40.6/148.1 succ=0.07 q=0.0589 qens=0.1518 pi=-0.693 a=0.0384 H=+2.66 (1296.4s) [pos_err_exceeded:1206|joint_limit:530|self_collision:150|max_steps:139]
[  450/10000] buf=200000 R=0.654 raw=0.389 orc=0.568 len= 46.6/133.1 succ=0.19 q=0.0683 qens=0.1522 pi=-0.702 a=0.0382 H=+2.63 (1325.8s) [pos_err_exceeded:1125|joint_limit:432|max_steps:386|self_collision:91]
[  460/10000] buf=200000 R=0.611 raw=0.324 orc=0.512 len= 41.6/149.0 succ=0.14 q=0.0534 qens=0.1357 pi=-0.759 a=0.0380 H=+2.64 (1355.8s) [pos_err_exceeded:1033|joint_limit:616|max_steps:279|self_collision:117]
[  470/10000] buf=200000 R=0.656 raw=0.348 orc=0.501 len= 39.8/141.7 succ=0.14 q=0.0617 qens=0.1542 pi=-0.654 a=0.0377 H=+2.66 (1384.6s) [pos_err_exceeded:1271|joint_limit:347|max_steps:288|self_collision:132]
[  480/10000] buf=200000 R=0.633 raw=0.363 orc=0.557 len= 43.5/140.4 succ=0.16 q=0.0510 qens=0.1463 pi=-0.668 a=0.0375 H=+2.63 (1413.9s) [pos_err_exceeded:1082|joint_limit:545|max_steps:327|self_collision:86]
[  490/10000] buf=200000 R=0.619 raw=0.326 orc=0.501 len= 43.1/146.9 succ=0.10 q=0.0619 qens=0.1403 pi=-0.688 a=0.0373 H=+2.61 (1444.1s) [pos_err_exceeded:1196|joint_limit:453|max_steps:203|self_collision:169]
[  500/10000] buf=200000 R=0.644 raw=0.390 orc=0.577 len= 47.0/140.2 succ=0.16 q=0.0468 qens=0.1437 pi=-0.675 a=0.0371 H=+2.61 (1473.7s) [pos_err_exceeded:1156|joint_limit:390|max_steps:329|self_collision:135]
[  510/10000] buf=200000 R=0.642 raw=0.386 orc=0.593 len= 49.7/141.2 succ=0.17 q=0.0436 qens=0.1450 pi=-0.734 a=0.0368 H=+2.63 (1503.2s) [pos_err_exceeded:1141|joint_limit:454|max_steps:353|self_collision:69]
[  520/10000] buf=200000 R=0.657 raw=0.444 orc=0.633 len= 49.7/140.2 succ=0.18 q=0.0557 qens=0.1600 pi=-0.755 a=0.0366 H=+2.59 (1532.0s) [pos_err_exceeded:979|joint_limit:552|max_steps:364|self_collision:149]
[  530/10000] buf=200000 R=0.695 raw=0.436 orc=0.613 len= 52.0/135.2 succ=0.26 q=0.0567 qens=0.1391 pi=-0.756 a=0.0364 H=+2.64 (1561.5s) [pos_err_exceeded:974|max_steps:524|joint_limit:471|self_collision:66]
[  540/10000] buf=200000 R=0.597 raw=0.305 orc=0.494 len= 42.3/150.0 succ=0.11 q=0.0412 qens=0.1384 pi=-0.718 a=0.0362 H=+2.62 (1591.4s) [pos_err_exceeded:1153|joint_limit:443|max_steps:228|self_collision:172]
[  550/10000] buf=200000 R=0.621 raw=0.353 orc=0.543 len= 46.7/143.7 succ=0.13 q=0.0545 qens=0.1530 pi=-0.692 a=0.0360 H=+2.62 (1621.5s) [pos_err_exceeded:1070|joint_limit:595|max_steps:266|self_collision:115]
[  560/10000] buf=200000 R=0.617 raw=0.379 orc=0.590 len= 45.7/137.0 succ=0.14 q=0.0494 qens=0.1326 pi=-0.752 a=0.0358 H=+2.63 (1650.9s) [pos_err_exceeded:1249|joint_limit:432|max_steps:291|self_collision:71]
[  570/10000] buf=200000 R=0.642 raw=0.346 orc=0.489 len= 39.0/141.8 succ=0.16 q=0.0658 qens=0.1413 pi=-0.741 a=0.0355 H=+2.55 (1679.5s) [pos_err_exceeded:1215|joint_limit:382|max_steps:321|self_collision:120]
[  580/10000] buf=200000 R=0.648 raw=0.401 orc=0.565 len= 45.7/129.2 succ=0.17 q=0.0576 qens=0.1375 pi=-0.683 a=0.0353 H=+2.63 (1709.1s) [pos_err_exceeded:1027|joint_limit:526|max_steps:355|self_collision:94]
[  590/10000] buf=200000 R=0.635 raw=0.366 orc=0.516 len= 45.1/140.7 succ=0.15 q=0.0622 qens=0.1466 pi=-0.727 a=0.0351 H=+2.62 (1738.6s) [pos_err_exceeded:1239|joint_limit:351|max_steps:297|self_collision:156]
[  600/10000] buf=200000 R=0.640 raw=0.337 orc=0.480 len= 42.2/146.3 succ=0.12 q=0.0652 qens=0.1362 pi=-0.664 a=0.0349 H=+2.61 (1785.5s) [pos_err_exceeded:1212|joint_limit:369|max_steps:253|self_collision:157]
wandb: WARNING Symlinked 1 file into the W&B run directory; call wandb.save again to sync new files.
[  610/10000] buf=200000 R=0.636 raw=0.333 orc=0.509 len= 43.8/141.0 succ=0.09 q=0.0606 qens=0.1470 pi=-0.665 a=0.0347 H=+2.64 (1837.1s) [pos_err_exceeded:1144|joint_limit:544|max_steps:179|self_collision:177]
[  620/10000] buf=200000 R=0.630 raw=0.348 orc=0.491 len= 40.0/133.1 succ=0.14 q=0.0434 qens=0.1493 pi=-0.725 a=0.0345 H=+2.66 (1888.4s) [pos_err_exceeded:1117|joint_limit:427|max_steps:288|self_collision:157]
[  630/10000] buf=200000 R=0.662 raw=0.363 orc=0.534 len= 42.9/136.3 succ=0.12 q=0.0548 qens=0.1425 pi=-0.651 a=0.0343 H=+2.55 (1940.1s) [pos_err_exceeded:1353|joint_limit:378|max_steps:242|self_collision:61]
[  640/10000] buf=200000 R=0.612 raw=0.337 orc=0.514 len= 34.7/128.1 succ=0.11 q=0.0543 qens=0.1424 pi=-0.714 a=0.0341 H=+2.57 (1991.6s) [pos_err_exceeded:1225|joint_limit:450|max_steps:228|self_collision:136]
[  650/10000] buf=200000 R=0.655 raw=0.437 orc=0.614 len= 50.4/136.0 succ=0.21 q=0.0657 qens=0.1355 pi=-0.673 a=0.0339 H=+2.63 (2100.2s) [pos_err_exceeded:1038|joint_limit:456|max_steps:425|self_collision:75]
[  660/10000] buf=200000 R=0.633 raw=0.346 orc=0.533 len= 43.1/139.8 succ=0.13 q=0.0608 qens=0.1317 pi=-0.726 a=0.0337 H=+2.57 (2151.9s) [pos_err_exceeded:1187|joint_limit:450|max_steps:272|self_collision:81]
[  670/10000] buf=200000 R=0.645 raw=0.372 orc=0.562 len= 46.8/146.4 succ=0.15 q=0.0417 qens=0.1356 pi=-0.713 a=0.0335 H=+2.63 (2203.2s) [pos_err_exceeded:1158|joint_limit:473|max_steps:299|self_collision:108]
[  680/10000] buf=200000 R=0.597 raw=0.392 orc=0.606 len= 44.6/134.2 succ=0.15 q=0.0452 qens=0.1419 pi=-0.715 a=0.0333 H=+2.63 (2255.6s) [pos_err_exceeded:1049|joint_limit:580|max_steps:309|self_collision:108]
[  690/10000] buf=200000 R=0.676 raw=0.456 orc=0.670 len= 51.1/128.5 succ=0.21 q=0.0344 qens=0.1408 pi=-0.693 a=0.0331 H=+2.56 (2307.5s) [pos_err_exceeded:1019|joint_limit:461|max_steps:435|self_collision:95]
[  700/10000] buf=200000 R=0.647 raw=0.350 orc=0.521 len= 43.3/134.0 succ=0.13 q=0.0456 qens=0.1450 pi=-0.705 a=0.0329 H=+2.60 (2406.6s) [pos_err_exceeded:1178|joint_limit:554|max_steps:266|self_collision:45]
[  710/10000] buf=200000 R=0.683 raw=0.436 orc=0.579 len= 45.8/135.1 succ=0.22 q=0.0603 qens=0.1456 pi=-0.736 a=0.0327 H=+2.60 (2445.3s) [pos_err_exceeded:1031|max_steps:457|joint_limit:423|self_collision:103]
[  720/10000] buf=200000 R=0.687 raw=0.396 orc=0.548 len= 49.0/145.9 succ=0.18 q=0.0429 qens=0.1363 pi=-0.693 a=0.0325 H=+2.58 (2474.4s) [pos_err_exceeded:900|joint_limit:516|max_steps:366|self_collision:264]
[  730/10000] buf=200000 R=0.670 raw=0.321 orc=0.467 len= 39.9/143.9 succ=0.10 q=0.0514 qens=0.1405 pi=-0.717 a=0.0323 H=+2.55 (2504.5s) [pos_err_exceeded:1183|joint_limit:486|max_steps:199|self_collision:174]
[  740/10000] buf=200000 R=0.656 raw=0.449 orc=0.627 len= 57.3/138.2 succ=0.21 q=0.0411 qens=0.1316 pi=-0.690 a=0.0321 H=+2.66 (2533.9s) [pos_err_exceeded:946|joint_limit:444|max_steps:438|self_collision:217]
[  750/10000] buf=200000 R=0.716 raw=0.405 orc=0.548 len= 48.8/133.0 succ=0.15 q=0.0479 qens=0.1355 pi=-0.723 a=0.0319 H=+2.62 (2564.0s) [pos_err_exceeded:1241|joint_limit:343|max_steps:308|self_collision:147]
[  760/10000] buf=200000 R=0.639 raw=0.373 orc=0.573 len= 47.7/140.6 succ=0.16 q=0.0462 qens=0.1407 pi=-0.723 a=0.0317 H=+2.59 (2593.8s) [pos_err_exceeded:1105|joint_limit:484|max_steps:333|self_collision:123]
[  770/10000] buf=200000 R=0.676 raw=0.350 orc=0.520 len= 46.8/147.8 succ=0.11 q=0.0671 qens=0.1378 pi=-0.737 a=0.0315 H=+2.64 (2623.2s) [pos_err_exceeded:1292|joint_limit:423|max_steps:223|self_collision:76]
[  780/10000] buf=200000 R=0.616 raw=0.343 orc=0.544 len= 46.9/144.9 succ=0.12 q=0.0554 qens=0.1340 pi=-0.635 a=0.0313 H=+2.64 (2653.2s) [pos_err_exceeded:1118|joint_limit:586|max_steps:256|self_collision:83]
[  790/10000] buf=200000 R=0.563 raw=0.284 orc=0.462 len= 36.2/142.7 succ=0.11 q=0.0428 qens=0.1391 pi=-0.670 a=0.0312 H=+2.61 (2682.2s) [pos_err_exceeded:1133|joint_limit:433|max_steps:233|self_collision:229]
[  800/10000] buf=200000 R=0.638 raw=0.299 orc=0.446 len= 37.9/140.7 succ=0.11 q=0.0654 qens=0.1413 pi=-0.719 a=0.0310 H=+2.58 (2711.6s) [pos_err_exceeded:1283|joint_limit:430|max_steps:234|self_collision:72]
wandb: WARNING Symlinked 1 file into the W&B run directory; call wandb.save again to sync new files.
[  810/10000] buf=200000 R=0.644 raw=0.356 orc=0.526 len= 46.3/142.2 succ=0.10 q=0.0492 qens=0.1405 pi=-0.710 a=0.0308 H=+2.59 (2740.9s) [pos_err_exceeded:1306|joint_limit:451|max_steps:196|self_collision:81]
[  820/10000] buf=200000 R=0.684 raw=0.361 orc=0.536 len= 45.5/142.0 succ=0.14 q=0.0595 qens=0.1400 pi=-0.709 a=0.0306 H=+2.56 (2769.6s) [pos_err_exceeded:1214|joint_limit:449|max_steps:290|self_collision:51]
[  830/10000] buf=200000 R=0.631 raw=0.377 orc=0.564 len= 46.3/147.6 succ=0.18 q=0.0455 qens=0.1407 pi=-0.705 a=0.0304 H=+2.63 (2799.3s) [pos_err_exceeded:1054|joint_limit:489|max_steps:368|self_collision:135]
[  840/10000] buf=200000 R=0.665 raw=0.384 orc=0.553 len= 46.9/135.0 succ=0.17 q=0.0624 qens=0.1362 pi=-0.666 a=0.0302 H=+2.58 (2828.3s) [pos_err_exceeded:1148|joint_limit:472|max_steps:341|self_collision:78]
[  850/10000] buf=200000 R=0.639 raw=0.401 orc=0.621 len= 47.8/138.0 succ=0.18 q=0.0498 qens=0.1382 pi=-0.691 a=0.0301 H=+2.58 (2856.9s) [pos_err_exceeded:1048|joint_limit:488|max_steps:368|self_collision:135]
[  860/10000] buf=200000 R=0.621 raw=0.355 orc=0.515 len= 43.1/143.0 succ=0.17 q=0.0605 qens=0.1358 pi=-0.741 a=0.0299 H=+2.59 (2885.6s) [pos_err_exceeded:1000|joint_limit:493|max_steps:354|self_collision:123]
[  870/10000] buf=200000 R=0.640 raw=0.323 orc=0.482 len= 41.2/150.5 succ=0.14 q=0.0554 qens=0.1337 pi=-0.727 a=0.0297 H=+2.58 (2916.0s) [pos_err_exceeded:1229|joint_limit:429|max_steps:285|self_collision:96]
[  880/10000] buf=200000 R=0.647 raw=0.375 orc=0.536 len= 43.6/141.6 succ=0.20 q=0.0476 qens=0.1457 pi=-0.700 a=0.0295 H=+2.57 (2945.2s) [pos_err_exceeded:1090|max_steps:402|joint_limit:397|self_collision:127]
[  890/10000] buf=200000 R=0.597 raw=0.280 orc=0.463 len= 35.1/146.5 succ=0.07 q=0.0535 qens=0.1387 pi=-0.638 a=0.0294 H=+2.62 (2975.2s) [pos_err_exceeded:1196|joint_limit:501|self_collision:161|max_steps:143]
[  900/10000] buf=200000 R=0.639 raw=0.322 orc=0.499 len= 35.6/139.3 succ=0.12 q=0.0399 qens=0.1289 pi=-0.760 a=0.0292 H=+2.53 (3004.3s) [pos_err_exceeded:1387|joint_limit:368|max_steps:236|self_collision:36]
[  910/10000] buf=200000 R=0.595 raw=0.310 orc=0.475 len= 40.6/145.5 succ=0.09 q=0.0257 qens=0.1488 pi=-0.744 a=0.0290 H=+2.59 (3034.2s) [pos_err_exceeded:1254|joint_limit:484|max_steps:184|self_collision:81]
[  920/10000] buf=200000 R=0.683 raw=0.421 orc=0.589 len= 55.8/146.6 succ=0.14 q=0.0536 qens=0.1383 pi=-0.681 a=0.0288 H=+2.51 (3064.3s) [pos_err_exceeded:1182|joint_limit:459|max_steps:292|self_collision:112]
[  930/10000] buf=200000 R=0.670 raw=0.340 orc=0.483 len= 42.3/139.3 succ=0.14 q=0.0431 qens=0.1390 pi=-0.696 a=0.0287 H=+2.57 (3093.5s) [pos_err_exceeded:1304|joint_limit:430|max_steps:281|self_collision:17]
[  940/10000] buf=200000 R=0.624 raw=0.278 orc=0.417 len= 32.0/140.1 succ=0.09 q=0.0392 qens=0.1299 pi=-0.714 a=0.0285 H=+2.54 (3123.5s) [pos_err_exceeded:1203|joint_limit:473|max_steps:186|self_collision:179]
[  950/10000] buf=200000 R=0.660 raw=0.386 orc=0.548 len= 47.5/135.1 succ=0.13 q=0.0515 qens=0.1293 pi=-0.690 a=0.0283 H=+2.58 (3170.1s) [pos_err_exceeded:1253|joint_limit:399|max_steps:274|self_collision:78]
[  960/10000] buf=200000 R=0.641 raw=0.452 orc=0.641 len= 57.0/144.3 succ=0.22 q=0.0527 qens=0.1335 pi=-0.708 a=0.0282 H=+2.62 (3222.4s) [pos_err_exceeded:949|joint_limit:485|max_steps:442|self_collision:121]
[  970/10000] buf=200000 R=0.675 raw=0.435 orc=0.626 len= 53.2/134.6 succ=0.21 q=0.0430 qens=0.1351 pi=-0.675 a=0.0280 H=+2.58 (3273.3s) [pos_err_exceeded:989|joint_limit:583|max_steps:438|self_collision:32]
[  980/10000] buf=200000 R=0.628 raw=0.328 orc=0.459 len= 39.1/141.2 succ=0.11 q=0.0540 qens=0.1465 pi=-0.687 a=0.0278 H=+2.60 (3325.4s) [pos_err_exceeded:1406|joint_limit:258|max_steps:232|self_collision:152]
[  990/10000] buf=200000 R=0.660 raw=0.367 orc=0.551 len= 40.5/132.5 succ=0.17 q=0.0530 qens=0.1413 pi=-0.725 a=0.0277 H=+2.50 (3377.7s) [pos_err_exceeded:1143|joint_limit:447|max_steps:349|self_collision:103]
[ 1000/10000] buf=200000 R=0.658 raw=0.369 orc=0.533 len= 46.5/140.7 succ=0.15 q=0.0428 qens=0.1318 pi=-0.631 a=0.0275 H=+2.48 (3483.2s) [pos_err_exceeded:1224|joint_limit:454|max_steps:300|self_collision:64]
wandb: WARNING Symlinked 1 file into the W&B run directory; call wandb.save again to sync new files.
[ 1010/10000] buf=200000 R=0.591 raw=0.351 orc=0.577 len= 43.4/141.0 succ=0.14 q=0.0412 qens=0.1319 pi=-0.667 a=0.0273 H=+2.60 (3535.4s) [pos_err_exceeded:1165|joint_limit:501|max_steps:285|self_collision:95]
[ 1020/10000] buf=200000 R=0.633 raw=0.343 orc=0.520 len= 41.4/138.0 succ=0.15 q=0.0351 qens=0.1330 pi=-0.729 a=0.0272 H=+2.57 (3586.0s) [pos_err_exceeded:1100|joint_limit:456|max_steps:300|self_collision:181]
[ 1030/10000] buf=200000 R=0.630 raw=0.358 orc=0.549 len= 41.7/139.8 succ=0.16 q=0.0478 qens=0.1426 pi=-0.733 a=0.0270 H=+2.57 (3637.9s) [pos_err_exceeded:1164|joint_limit:426|max_steps:328|self_collision:92]
[ 1040/10000] buf=200000 R=0.565 raw=0.338 orc=0.541 len= 40.1/138.7 succ=0.10 q=0.0551 qens=0.1307 pi=-0.728 a=0.0268 H=+2.51 (3690.8s) [pos_err_exceeded:1247|joint_limit:366|self_collision:206|max_steps:200]
[ 1050/10000] buf=200000 R=0.650 raw=0.388 orc=0.553 len= 55.6/151.4 succ=0.16 q=0.0508 qens=0.1281 pi=-0.653 a=0.0267 H=+2.56 (3756.2s) [pos_err_exceeded:1057|joint_limit:522|max_steps:335|self_collision:130]
[ 1060/10000] buf=200000 R=0.650 raw=0.374 orc=0.567 len= 49.7/141.2 succ=0.12 q=0.0452 qens=0.1306 pi=-0.664 a=0.0265 H=+2.58 (3852.6s) [pos_err_exceeded:1189|joint_limit:483|max_steps:238|self_collision:125]
[ 1070/10000] buf=200000 R=0.653 raw=0.368 orc=0.536 len= 46.3/144.6 succ=0.10 q=0.0261 qens=0.1326 pi=-0.647 a=0.0264 H=+2.51 (3904.1s) [pos_err_exceeded:1320|joint_limit:431|max_steps:211|self_collision:82]
[ 1080/10000] buf=200000 R=0.605 raw=0.437 orc=0.666 len= 56.1/144.1 succ=0.24 q=0.0399 qens=0.1290 pi=-0.725 a=0.0262 H=+2.60 (3956.4s) [pos_err_exceeded:884|max_steps:489|joint_limit:476|self_collision:138]
[ 1090/10000] buf=200000 R=0.648 raw=0.341 orc=0.505 len= 44.7/143.8 succ=0.12 q=0.0327 qens=0.1326 pi=-0.654 a=0.0261 H=+2.56 (4008.2s) [pos_err_exceeded:1303|joint_limit:425|max_steps:240|self_collision:77]
[ 1100/10000] buf=200000 R=0.649 raw=0.329 orc=0.468 len= 42.9/152.5 succ=0.15 q=0.0441 qens=0.1385 pi=-0.716 a=0.0259 H=+2.53 (4061.1s) [pos_err_exceeded:1164|joint_limit:431|max_steps:302|self_collision:147]
[ 1110/10000] buf=200000 R=0.676 raw=0.367 orc=0.535 len= 45.1/143.1 succ=0.16 q=0.0509 qens=0.1202 pi=-0.707 a=0.0257 H=+2.51 (4164.2s) [pos_err_exceeded:1299|joint_limit:389|max_steps:329|self_collision:22]
[ 1120/10000] buf=200000 R=0.668 raw=0.407 orc=0.586 len= 50.0/145.2 succ=0.20 q=0.0454 qens=0.1269 pi=-0.693 a=0.0256 H=+2.47 (4193.1s) [pos_err_exceeded:1074|max_steps:403|joint_limit:389|self_collision:163]
[ 1130/10000] buf=200000 R=0.663 raw=0.339 orc=0.486 len= 37.1/130.2 succ=0.15 q=0.0303 qens=0.1284 pi=-0.703 a=0.0254 H=+2.55 (4222.4s) [pos_err_exceeded:1182|joint_limit:411|max_steps:303|self_collision:132]
[ 1140/10000] buf=200000 R=0.654 raw=0.393 orc=0.564 len= 51.4/141.6 succ=0.17 q=0.0516 qens=0.1246 pi=-0.749 a=0.0253 H=+2.53 (4251.6s) [pos_err_exceeded:1013|joint_limit:555|max_steps:351|self_collision:73]
[ 1150/10000] buf=200000 R=0.715 raw=0.435 orc=0.596 len= 51.5/137.2 succ=0.23 q=0.0542 qens=0.1361 pi=-0.726 a=0.0251 H=+2.52 (4281.1s) [pos_err_exceeded:1026|joint_limit:470|max_steps:465|self_collision:78]
[ 1160/10000] buf=200000 R=0.682 raw=0.414 orc=0.588 len= 47.6/133.5 succ=0.21 q=0.0366 qens=0.1295 pi=-0.692 a=0.0250 H=+2.48 (4311.3s) [pos_err_exceeded:1108|joint_limit:435|max_steps:432|self_collision:69]
[ 1170/10000] buf=200000 R=0.631 raw=0.294 orc=0.462 len= 37.0/136.0 succ=0.09 q=0.0518 qens=0.1286 pi=-0.724 a=0.0248 H=+2.50 (4340.7s) [pos_err_exceeded:1348|joint_limit:380|max_steps:180|self_collision:101]
[ 1180/10000] buf=200000 R=0.617 raw=0.322 orc=0.519 len= 43.7/152.5 succ=0.11 q=0.0401 qens=0.1452 pi=-0.685 a=0.0247 H=+2.49 (4370.0s) [pos_err_exceeded:1196|joint_limit:498|max_steps:229|self_collision:118]
[ 1190/10000] buf=200000 R=0.675 raw=0.348 orc=0.492 len= 39.7/134.9 succ=0.15 q=0.0314 qens=0.1407 pi=-0.724 a=0.0245 H=+2.50 (4398.4s) [pos_err_exceeded:1287|joint_limit:357|max_steps:314|self_collision:57]
[ 1200/10000] buf=200000 R=0.610 raw=0.349 orc=0.530 len= 47.1/145.4 succ=0.12 q=0.0478 qens=0.1485 pi=-0.689 a=0.0244 H=+2.55 (4426.5s) [pos_err_exceeded:1049|joint_limit:494|max_steps:255|self_collision:223]
wandb: WARNING Symlinked 1 file into the W&B run directory; call wandb.save again to sync new files.
[ 1210/10000] buf=200000 R=0.632 raw=0.352 orc=0.541 len= 45.1/139.4 succ=0.17 q=0.0529 qens=0.1403 pi=-0.654 a=0.0243 H=+2.60 (4454.9s) [pos_err_exceeded:1080|joint_limit:507|max_steps:347|self_collision:113]
[ 1220/10000] buf=200000 R=0.669 raw=0.384 orc=0.541 len= 47.2/140.9 succ=0.16 q=0.0584 qens=0.1403 pi=-0.684 a=0.0241 H=+2.56 (4484.1s) [pos_err_exceeded:1106|joint_limit:538|max_steps:334|self_collision:65]
[ 1230/10000] buf=200000 R=0.626 raw=0.364 orc=0.549 len= 44.8/142.2 succ=0.20 q=0.0418 qens=0.1385 pi=-0.730 a=0.0240 H=+2.49 (4514.2s) [pos_err_exceeded:1025|joint_limit:421|max_steps:406|self_collision:177]
[ 1240/10000] buf=200000 R=0.606 raw=0.324 orc=0.493 len= 36.8/147.0 succ=0.14 q=0.0461 qens=0.1503 pi=-0.706 a=0.0238 H=+2.55 (4543.0s) [pos_err_exceeded:1127|joint_limit:469|max_steps:294|self_collision:115]
[ 1250/10000] buf=200000 R=0.645 raw=0.401 orc=0.576 len= 56.8/154.2 succ=0.16 q=0.0375 qens=0.1294 pi=-0.671 a=0.0237 H=+2.52 (4572.4s) [pos_err_exceeded:1184|joint_limit:390|max_steps:323|init_ik_fail:76]
[ 1260/10000] buf=200000 R=0.675 raw=0.340 orc=0.507 len= 40.4/136.8 succ=0.12 q=0.0429 qens=0.1347 pi=-0.671 a=0.0235 H=+2.47 (4601.4s) [pos_err_exceeded:1154|joint_limit:518|max_steps:244|self_collision:106]
[ 1270/10000] buf=200000 R=0.640 raw=0.336 orc=0.526 len= 38.2/134.2 succ=0.11 q=0.0393 qens=0.1394 pi=-0.685 a=0.0234 H=+2.51 (4630.4s) [pos_err_exceeded:1182|joint_limit:452|max_steps:227|self_collision:152]
[ 1280/10000] buf=200000 R=0.698 raw=0.453 orc=0.646 len= 55.3/136.8 succ=0.21 q=0.0390 qens=0.1451 pi=-0.686 a=0.0233 H=+2.50 (4658.6s) [pos_err_exceeded:1141|joint_limit:436|max_steps:435|self_collision:36]
[ 1290/10000] buf=200000 R=0.668 raw=0.395 orc=0.550 len= 49.5/139.2 succ=0.17 q=0.0496 qens=0.1322 pi=-0.681 a=0.0231 H=+2.51 (4687.4s) [pos_err_exceeded:1139|joint_limit:491|max_steps:347|self_collision:66]
[ 1300/10000] buf=200000 R=0.642 raw=0.357 orc=0.515 len= 47.6/154.7 succ=0.15 q=0.0520 qens=0.1364 pi=-0.661 a=0.0230 H=+2.50 (4716.1s) [pos_err_exceeded:1206|joint_limit:419|max_steps:314|self_collision:105]
[ 1310/10000] buf=200000 R=0.593 raw=0.318 orc=0.470 len= 40.1/138.2 succ=0.12 q=0.0543 qens=0.1324 pi=-0.679 a=0.0229 H=+2.48 (4744.7s) [pos_err_exceeded:1083|joint_limit:485|max_steps:240|self_collision:224]
[ 1320/10000] buf=200000 R=0.627 raw=0.367 orc=0.555 len= 39.5/131.0 succ=0.17 q=0.0482 qens=0.1360 pi=-0.693 a=0.0227 H=+2.49 (4773.8s) [pos_err_exceeded:1017|joint_limit:566|max_steps:344|self_collision:94]
[ 1330/10000] buf=200000 R=0.617 raw=0.381 orc=0.550 len= 42.1/124.3 succ=0.16 q=0.0525 qens=0.1384 pi=-0.691 a=0.0226 H=+2.49 (4803.7s) [pos_err_exceeded:1043|joint_limit:465|max_steps:336|self_collision:171]
[ 1340/10000] buf=200000 R=0.671 raw=0.430 orc=0.575 len= 48.7/135.8 succ=0.20 q=0.0526 qens=0.1360 pi=-0.678 a=0.0224 H=+2.42 (4832.1s) [pos_err_exceeded:1175|max_steps:410|joint_limit:331|self_collision:90]
[ 1350/10000] buf=200000 R=0.648 raw=0.405 orc=0.568 len= 43.7/138.3 succ=0.19 q=0.0579 qens=0.1427 pi=-0.641 a=0.0223 H=+2.51 (4862.0s) [pos_err_exceeded:1150|joint_limit:436|max_steps:383|self_collision:47]
[ 1360/10000] buf=200000 R=0.607 raw=0.363 orc=0.504 len= 43.3/139.0 succ=0.19 q=0.0533 qens=0.1327 pi=-0.701 a=0.0222 H=+2.45 (4891.0s) [pos_err_exceeded:939|joint_limit:473|max_steps:388|self_collision:245]
[ 1370/10000] buf=200000 R=0.657 raw=0.381 orc=0.561 len= 50.3/146.0 succ=0.16 q=0.0554 qens=0.1414 pi=-0.656 a=0.0221 H=+2.54 (4920.8s) [pos_err_exceeded:1086|joint_limit:458|max_steps:330|self_collision:121]
[ 1380/10000] buf=200000 R=0.648 raw=0.376 orc=0.546 len= 50.7/150.1 succ=0.12 q=0.0453 qens=0.1239 pi=-0.713 a=0.0219 H=+2.48 (4949.4s) [pos_err_exceeded:1146|joint_limit:465|max_steps:238|self_collision:181]
[ 1390/10000] buf=200000 R=0.639 raw=0.332 orc=0.491 len= 43.6/144.6 succ=0.13 q=0.0503 qens=0.1302 pi=-0.667 a=0.0218 H=+2.46 (4979.7s) [pos_err_exceeded:1128|joint_limit:411|max_steps:265|self_collision:195]
[ 1400/10000] buf=200000 R=0.678 raw=0.342 orc=0.504 len= 50.3/149.5 succ=0.10 q=0.0476 qens=0.1331 pi=-0.675 a=0.0217 H=+2.39 (5009.7s) [pos_err_exceeded:1354|joint_limit:431|max_steps:199|self_collision:58]
wandb: WARNING Symlinked 1 file into the W&B run directory; call wandb.save again to sync new files.
[ 1410/10000] buf=200000 R=0.649 raw=0.358 orc=0.527 len= 42.0/139.1 succ=0.14 q=0.0497 qens=0.1400 pi=-0.686 a=0.0215 H=+2.53 (5038.5s) [pos_err_exceeded:1140|joint_limit:423|max_steps:294|self_collision:189]
[ 1420/10000] buf=200000 R=0.633 raw=0.383 orc=0.560 len= 45.6/134.0 succ=0.15 q=0.0509 qens=0.1312 pi=-0.628 a=0.0214 H=+2.40 (5067.4s) [pos_err_exceeded:1085|joint_limit:513|max_steps:317|self_collision:118]
[ 1430/10000] buf=200000 R=0.685 raw=0.391 orc=0.561 len= 44.6/135.3 succ=0.15 q=0.0496 qens=0.1420 pi=-0.658 a=0.0213 H=+2.48 (5096.7s) [pos_err_exceeded:1246|joint_limit:388|max_steps:301|self_collision:101]
[ 1440/10000] buf=200000 R=0.711 raw=0.382 orc=0.537 len= 50.0/147.2 succ=0.15 q=0.0349 qens=0.1384 pi=-0.687 a=0.0212 H=+2.45 (5125.4s) [pos_err_exceeded:1214|joint_limit:493|max_steps:301|self_collision:35]
[ 1450/10000] buf=200000 R=0.716 raw=0.376 orc=0.518 len= 42.6/124.5 succ=0.13 q=0.0484 qens=0.1390 pi=-0.721 a=0.0210 H=+2.38 (5154.3s) [pos_err_exceeded:1368|joint_limit:373|max_steps:267|self_collision:35]
[ 1460/10000] buf=200000 R=0.652 raw=0.383 orc=0.561 len= 47.4/138.7 succ=0.18 q=0.0374 qens=0.1307 pi=-0.679 a=0.0209 H=+2.39 (5184.4s) [pos_err_exceeded:1066|joint_limit:437|max_steps:366|self_collision:167]
[ 1470/10000] buf=200000 R=0.674 raw=0.377 orc=0.546 len= 48.9/151.7 succ=0.19 q=0.0326 qens=0.1238 pi=-0.685 a=0.0208 H=+2.38 (5213.1s) [pos_err_exceeded:1111|joint_limit:421|max_steps:394|self_collision:106]
[ 1480/10000] buf=200000 R=0.662 raw=0.377 orc=0.528 len= 50.0/139.1 succ=0.15 q=0.0595 qens=0.1348 pi=-0.702 a=0.0207 H=+2.30 (5242.9s) [pos_err_exceeded:1195|joint_limit:416|max_steps:304|self_collision:96]
[ 1490/10000] buf=200000 R=0.637 raw=0.422 orc=0.637 len= 54.7/135.2 succ=0.16 q=0.0472 qens=0.1269 pi=-0.683 a=0.0205 H=+2.35 (5271.5s) [pos_err_exceeded:1194|joint_limit:403|max_steps:337|self_collision:75]
[ 1500/10000] buf=200000 R=0.614 raw=0.336 orc=0.549 len= 42.9/142.5 succ=0.11 q=0.0407 qens=0.1280 pi=-0.725 a=0.0204 H=+2.44 (5301.3s) [pos_err_exceeded:1246|joint_limit:427|max_steps:229|self_collision:119]
[ 1510/10000] buf=200000 R=0.651 raw=0.398 orc=0.562 len= 50.1/137.5 succ=0.19 q=0.0384 qens=0.1307 pi=-0.659 a=0.0203 H=+2.38 (5331.1s) [pos_err_exceeded:1070|joint_limit:435|max_steps:388|self_collision:145]
[ 1520/10000] buf=200000 R=0.650 raw=0.357 orc=0.518 len= 40.8/133.6 succ=0.14 q=0.0507 qens=0.1360 pi=-0.653 a=0.0202 H=+2.48 (5361.1s) [pos_err_exceeded:1116|joint_limit:410|max_steps:292|self_collision:227]
[ 1530/10000] buf=200000 R=0.665 raw=0.350 orc=0.504 len= 44.9/138.8 succ=0.12 q=0.0400 qens=0.1352 pi=-0.654 a=0.0201 H=+2.43 (5392.3s) [pos_err_exceeded:1213|joint_limit:446|max_steps:256|self_collision:122]
[ 1540/10000] buf=200000 R=0.623 raw=0.343 orc=0.571 len= 43.4/140.3 succ=0.11 q=0.0445 qens=0.1171 pi=-0.688 a=0.0199 H=+2.48 (5422.2s) [pos_err_exceeded:1092|joint_limit:589|max_steps:232|self_collision:135]
[ 1550/10000] buf=200000 R=0.656 raw=0.415 orc=0.581 len= 50.5/137.3 succ=0.21 q=0.0410 qens=0.1368 pi=-0.670 a=0.0198 H=+2.41 (5453.0s) [pos_err_exceeded:1140|max_steps:421|joint_limit:388|self_collision:67]
[ 1560/10000] buf=200000 R=0.638 raw=0.372 orc=0.555 len= 47.1/140.2 succ=0.15 q=0.0450 qens=0.1269 pi=-0.673 a=0.0197 H=+2.45 (5482.9s) [pos_err_exceeded:1071|joint_limit:563|max_steps:300|self_collision:106]
[ 1570/10000] buf=200000 R=0.630 raw=0.377 orc=0.548 len= 43.5/136.2 succ=0.16 q=0.0412 qens=0.1328 pi=-0.664 a=0.0196 H=+2.50 (5513.1s) [pos_err_exceeded:1131|joint_limit:425|max_steps:319|self_collision:140]
[ 1580/10000] buf=200000 R=0.642 raw=0.361 orc=0.519 len= 44.8/142.1 succ=0.15 q=0.0207 qens=0.1348 pi=-0.650 a=0.0195 H=+2.35 (5543.4s) [pos_err_exceeded:1040|joint_limit:535|max_steps:316|self_collision:155]
[ 1590/10000] buf=200000 R=0.647 raw=0.406 orc=0.581 len= 52.2/142.1 succ=0.20 q=0.0480 qens=0.1366 pi=-0.696 a=0.0194 H=+2.49 (5573.2s) [pos_err_exceeded:952|joint_limit:506|max_steps:416|self_collision:161]
[ 1600/10000] buf=200000 R=0.629 raw=0.357 orc=0.548 len= 45.0/145.6 succ=0.16 q=0.0404 qens=0.1304 pi=-0.638 a=0.0192 H=+2.39 (5602.4s) [pos_err_exceeded:1128|joint_limit:531|max_steps:319|init_ik_fail:47]
wandb: WARNING Symlinked 1 file into the W&B run directory; call wandb.save again to sync new files.
[ 1610/10000] buf=200000 R=0.672 raw=0.413 orc=0.567 len= 49.0/134.2 succ=0.19 q=0.0227 qens=0.1318 pi=-0.664 a=0.0191 H=+2.41 (5631.3s) [pos_err_exceeded:1160|max_steps:399|joint_limit:381|self_collision:63]
[ 1620/10000] buf=200000 R=0.651 raw=0.301 orc=0.453 len= 41.9/153.2 succ=0.12 q=0.0222 qens=0.1192 pi=-0.664 a=0.0190 H=+2.47 (5660.7s) [pos_err_exceeded:1294|joint_limit:347|max_steps:252|self_collision:129]
[ 1630/10000] buf=200000 R=0.652 raw=0.395 orc=0.592 len= 45.4/134.6 succ=0.15 q=0.0491 qens=0.1316 pi=-0.666 a=0.0189 H=+2.41 (5689.3s) [pos_err_exceeded:1232|joint_limit:365|max_steps:314|self_collision:124]
[ 1640/10000] buf=200000 R=0.655 raw=0.362 orc=0.510 len= 43.2/141.9 succ=0.18 q=0.0475 qens=0.1293 pi=-0.670 a=0.0188 H=+2.27 (5719.0s) [pos_err_exceeded:1180|joint_limit:415|max_steps:371|self_collision:70]
[ 1650/10000] buf=200000 R=0.719 raw=0.428 orc=0.579 len= 54.5/141.9 succ=0.19 q=0.0421 qens=0.1408 pi=-0.641 a=0.0187 H=+2.37 (5747.7s) [pos_err_exceeded:1175|max_steps:395|joint_limit:388|init_ik_fail:45]
[ 1660/10000] buf=200000 R=0.688 raw=0.393 orc=0.553 len= 53.3/148.8 succ=0.16 q=0.0391 qens=0.1240 pi=-0.689 a=0.0186 H=+2.36 (5776.9s) [pos_err_exceeded:1104|joint_limit:502|max_steps:320|self_collision:103]
[ 1670/10000] buf=200000 R=0.632 raw=0.372 orc=0.530 len= 38.8/128.2 succ=0.14 q=0.0516 qens=0.1389 pi=-0.655 a=0.0185 H=+2.45 (5805.9s) [pos_err_exceeded:1163|joint_limit:382|max_steps:296|self_collision:201]
[ 1680/10000] buf=200000 R=0.677 raw=0.405 orc=0.584 len= 52.8/142.1 succ=0.15 q=0.0557 qens=0.1325 pi=-0.690 a=0.0184 H=+2.39 (5835.4s) [pos_err_exceeded:1030|joint_limit:562|max_steps:315|self_collision:125]
[ 1690/10000] buf=200000 R=0.656 raw=0.344 orc=0.481 len= 51.2/155.6 succ=0.11 q=0.0453 qens=0.1305 pi=-0.700 a=0.0182 H=+2.32 (5864.3s) [pos_err_exceeded:1226|joint_limit:440|max_steps:234|self_collision:147]
[ 1700/10000] buf=200000 R=0.663 raw=0.371 orc=0.536 len= 48.4/143.2 succ=0.15 q=0.0368 qens=0.1265 pi=-0.668 a=0.0181 H=+2.28 (5893.1s) [pos_err_exceeded:1217|joint_limit:397|max_steps:311|self_collision:111]
[ 1710/10000] buf=200000 R=0.691 raw=0.349 orc=0.493 len= 45.0/150.4 succ=0.13 q=0.0378 qens=0.1356 pi=-0.635 a=0.0180 H=+2.46 (5922.4s) [pos_err_exceeded:1120|joint_limit:579|max_steps:258|self_collision:77]
[ 1720/10000] buf=200000 R=0.692 raw=0.447 orc=0.649 len= 51.9/131.8 succ=0.20 q=0.0210 qens=0.1287 pi=-0.685 a=0.0179 H=+2.30 (5951.7s) [pos_err_exceeded:1232|max_steps:407|joint_limit:362|self_collision:47]
[ 1730/10000] buf=200000 R=0.595 raw=0.340 orc=0.576 len= 40.5/138.4 succ=0.15 q=0.0321 qens=0.1279 pi=-0.625 a=0.0178 H=+2.39 (5981.3s) [pos_err_exceeded:1150|joint_limit:460|max_steps:301|self_collision:125]
[ 1740/10000] buf=200000 R=0.644 raw=0.343 orc=0.505 len= 44.1/151.0 succ=0.16 q=0.0433 qens=0.1214 pi=-0.650 a=0.0177 H=+2.26 (6010.4s) [pos_err_exceeded:1200|joint_limit:396|max_steps:333|init_ik_fail:63]
[ 1750/10000] buf=200000 R=0.709 raw=0.415 orc=0.571 len= 52.0/137.8 succ=0.16 q=0.0483 qens=0.1328 pi=-0.663 a=0.0176 H=+2.26 (6038.8s) [pos_err_exceeded:1188|joint_limit:457|max_steps:325|self_collision:76]
[ 1760/10000] buf=200000 R=0.678 raw=0.446 orc=0.629 len= 53.3/130.5 succ=0.23 q=0.0321 qens=0.1309 pi=-0.667 a=0.0175 H=+2.31 (6068.7s) [pos_err_exceeded:896|joint_limit:594|max_steps:470|self_collision:85]
[ 1770/10000] buf=200000 R=0.619 raw=0.385 orc=0.590 len= 49.8/142.0 succ=0.21 q=0.0344 qens=0.1225 pi=-0.673 a=0.0174 H=+2.43 (6097.2s) [pos_err_exceeded:1025|max_steps:430|joint_limit:429|self_collision:126]
[ 1780/10000] buf=200000 R=0.610 raw=0.345 orc=0.537 len= 42.7/154.0 succ=0.15 q=0.0329 qens=0.1273 pi=-0.702 a=0.0173 H=+2.31 (6126.5s) [pos_err_exceeded:1149|joint_limit:419|max_steps:306|self_collision:140]
[ 1790/10000] buf=200000 R=0.657 raw=0.390 orc=0.560 len= 50.2/141.4 succ=0.13 q=0.0345 qens=0.1292 pi=-0.679 a=0.0172 H=+2.26 (6155.6s) [pos_err_exceeded:1165|joint_limit:447|max_steps:274|self_collision:113]
[ 1800/10000] buf=200000 R=0.714 raw=0.375 orc=0.519 len= 45.8/140.8 succ=0.14 q=0.0353 qens=0.1239 pi=-0.687 a=0.0171 H=+2.29 (6183.7s) [pos_err_exceeded:1402|joint_limit:328|max_steps:281|self_collision:27]
wandb: WARNING Symlinked 1 file into the W&B run directory; call wandb.save again to sync new files.
[ 1810/10000] buf=200000 R=0.707 raw=0.456 orc=0.595 len= 54.5/136.1 succ=0.21 q=0.0403 qens=0.1182 pi=-0.688 a=0.0170 H=+2.20 (6213.8s) [pos_err_exceeded:993|max_steps:433|joint_limit:417|self_collision:198]
[ 1820/10000] buf=200000 R=0.656 raw=0.403 orc=0.609 len= 50.8/143.0 succ=0.14 q=0.0571 qens=0.1429 pi=-0.653 a=0.0169 H=+2.27 (6243.2s) [pos_err_exceeded:1252|joint_limit:416|max_steps:291|self_collision:88]
[ 1830/10000] buf=200000 R=0.681 raw=0.462 orc=0.657 len= 60.5/136.2 succ=0.17 q=0.0289 qens=0.1300 pi=-0.722 a=0.0168 H=+2.30 (6272.7s) [pos_err_exceeded:1113|joint_limit:481|max_steps:343|self_collision:105]
[ 1840/10000] buf=200000 R=0.624 raw=0.362 orc=0.529 len= 43.1/132.2 succ=0.18 q=0.0443 qens=0.1323 pi=-0.684 a=0.0167 H=+2.26 (6301.8s) [pos_err_exceeded:1167|joint_limit:391|max_steps:368|self_collision:115]
[ 1850/10000] buf=200000 R=0.622 raw=0.333 orc=0.491 len= 41.3/136.9 succ=0.17 q=0.0403 qens=0.1206 pi=-0.714 a=0.0166 H=+2.24 (6330.0s) [pos_err_exceeded:1094|joint_limit:397|max_steps:355|self_collision:160]
[ 1860/10000] buf=200000 R=0.648 raw=0.409 orc=0.589 len= 53.3/142.0 succ=0.18 q=0.0371 qens=0.1370 pi=-0.656 a=0.0165 H=+2.21 (6359.4s) [pos_err_exceeded:980|joint_limit:586|max_steps:377|self_collision:71]
[ 1870/10000] buf=200000 R=0.682 raw=0.322 orc=0.459 len= 37.6/134.4 succ=0.09 q=0.0176 qens=0.1290 pi=-0.652 a=0.0164 H=+2.22 (6387.4s) [pos_err_exceeded:1384|joint_limit:368|max_steps:186|self_collision:101]
[ 1880/10000] buf=200000 R=0.710 raw=0.442 orc=0.581 len= 47.8/131.4 succ=0.19 q=0.0220 qens=0.1256 pi=-0.670 a=0.0163 H=+2.22 (6417.1s) [pos_err_exceeded:1139|max_steps:391|joint_limit:379|self_collision:110]
[ 1890/10000] buf=200000 R=0.635 raw=0.339 orc=0.488 len= 37.4/124.3 succ=0.11 q=0.0283 qens=0.1200 pi=-0.694 a=0.0162 H=+2.29 (6447.2s) [pos_err_exceeded:1121|joint_limit:426|max_steps:235|self_collision:200]
[ 1900/10000] buf=200000 R=0.631 raw=0.280 orc=0.394 len= 32.4/141.3 succ=0.12 q=0.0384 qens=0.1257 pi=-0.679 a=0.0161 H=+2.15 (6475.2s) [pos_err_exceeded:1317|joint_limit:255|max_steps:236|self_collision:191]
[ 1910/10000] buf=200000 R=0.673 raw=0.368 orc=0.529 len= 43.1/130.5 succ=0.15 q=0.0573 qens=0.1373 pi=-0.659 a=0.0160 H=+2.19 (6504.2s) [pos_err_exceeded:1145|joint_limit:491|max_steps:301|self_collision:91]
[ 1920/10000] buf=200000 R=0.614 raw=0.330 orc=0.517 len= 39.0/132.1 succ=0.14 q=0.0329 qens=0.1245 pi=-0.696 a=0.0159 H=+2.29 (6534.0s) [pos_err_exceeded:1192|joint_limit:402|max_steps:293|self_collision:129]
[ 1930/10000] buf=200000 R=0.670 raw=0.437 orc=0.608 len= 60.4/152.1 succ=0.20 q=0.0525 qens=0.1332 pi=-0.643 a=0.0158 H=+2.20 (6563.0s) [pos_err_exceeded:1111|joint_limit:425|max_steps:404|self_collision:95]
[ 1940/10000] buf=200000 R=0.659 raw=0.399 orc=0.607 len= 54.8/143.1 succ=0.14 q=0.0566 qens=0.1335 pi=-0.623 a=0.0157 H=+2.21 (6594.3s) [pos_err_exceeded:1066|joint_limit:530|max_steps:289|self_collision:159]
[ 1950/10000] buf=200000 R=0.666 raw=0.383 orc=0.543 len= 50.2/144.0 succ=0.11 q=0.0309 qens=0.1221 pi=-0.690 a=0.0157 H=+2.10 (6623.6s) [pos_err_exceeded:1203|joint_limit:450|max_steps:228|self_collision:164]
[ 1960/10000] buf=200000 R=0.617 raw=0.369 orc=0.615 len= 48.8/152.9 succ=0.14 q=0.0311 qens=0.1237 pi=-0.673 a=0.0156 H=+2.25 (6653.7s) [pos_err_exceeded:1177|joint_limit:488|max_steps:294|self_collision:86]
[ 1970/10000] buf=200000 R=0.610 raw=0.330 orc=0.486 len= 38.3/137.8 succ=0.12 q=0.0365 qens=0.1268 pi=-0.625 a=0.0155 H=+2.18 (6684.2s) [pos_err_exceeded:1191|joint_limit:433|max_steps:249|self_collision:174]
[ 1980/10000] buf=200000 R=0.624 raw=0.422 orc=0.628 len= 56.7/131.2 succ=0.18 q=0.0392 qens=0.1272 pi=-0.673 a=0.0154 H=+2.24 (6731.2s) [pos_err_exceeded:1025|joint_limit:453|max_steps:370|self_collision:190]
[ 1990/10000] buf=200000 R=0.686 raw=0.394 orc=0.552 len= 47.1/142.4 succ=0.18 q=0.0277 qens=0.1237 pi=-0.667 a=0.0153 H=+2.24 (6783.9s) [pos_err_exceeded:1099|joint_limit:464|max_steps:376|self_collision:68]
[ 2000/10000] buf=200000 R=0.686 raw=0.421 orc=0.586 len= 54.2/144.7 succ=0.15 q=0.0372 qens=0.1278 pi=-0.700 a=0.0152 H=+2.14 (6835.4s) [pos_err_exceeded:1064|joint_limit:493|max_steps:317|self_collision:140]
wandb: WARNING Symlinked 1 file into the W&B run directory; call wandb.save again to sync new files.
[ 2010/10000] buf=200000 R=0.596 raw=0.373 orc=0.567 len= 48.7/146.0 succ=0.16 q=0.0496 qens=0.1276 pi=-0.672 a=0.0151 H=+2.19 (6887.9s) [pos_err_exceeded:1114|joint_limit:416|max_steps:331|self_collision:99]
[ 2020/10000] buf=200000 R=0.670 raw=0.345 orc=0.483 len= 43.1/145.6 succ=0.16 q=0.0444 qens=0.1304 pi=-0.707 a=0.0150 H=+2.31 (6939.8s) [pos_err_exceeded:1213|joint_limit:412|max_steps:324|self_collision:98]
[ 2030/10000] buf=200000 R=0.654 raw=0.330 orc=0.489 len= 42.5/146.5 succ=0.13 q=0.0301 qens=0.1176 pi=-0.652 a=0.0149 H=+2.19 (7047.4s) [pos_err_exceeded:1282|joint_limit:325|max_steps:273|self_collision:138]
[ 2040/10000] buf=200000 R=0.683 raw=0.388 orc=0.535 len= 45.9/138.8 succ=0.17 q=0.0323 qens=0.1281 pi=-0.700 a=0.0149 H=+2.05 (7098.9s) [pos_err_exceeded:956|joint_limit:512|max_steps:348|self_collision:222]
[ 2050/10000] buf=200000 R=0.645 raw=0.375 orc=0.554 len= 44.2/134.0 succ=0.18 q=0.0491 qens=0.1293 pi=-0.687 a=0.0148 H=+2.23 (7151.3s) [pos_err_exceeded:1142|joint_limit:398|max_steps:365|self_collision:107]
[ 2060/10000] buf=200000 R=0.656 raw=0.383 orc=0.519 len= 51.1/143.8 succ=0.18 q=0.0386 qens=0.1289 pi=-0.700 a=0.0147 H=+2.23 (7204.3s) [pos_err_exceeded:1133|joint_limit:376|max_steps:375|self_collision:149]
[ 2070/10000] buf=200000 R=0.669 raw=0.407 orc=0.567 len= 47.9/133.9 succ=0.15 q=0.0357 qens=0.1192 pi=-0.673 a=0.0146 H=+2.19 (7257.0s) [pos_err_exceeded:1171|joint_limit:441|max_steps:306|self_collision:123]
[ 2080/10000] buf=200000 R=0.664 raw=0.420 orc=0.573 len= 47.5/130.5 succ=0.22 q=0.0336 qens=0.1209 pi=-0.726 a=0.0145 H=+2.13 (7361.0s) [pos_err_exceeded:1126|max_steps:441|joint_limit:368|self_collision:111]
[ 2090/10000] buf=200000 R=0.691 raw=0.436 orc=0.590 len= 56.7/143.1 succ=0.19 q=0.0368 qens=0.1343 pi=-0.675 a=0.0144 H=+2.10 (7395.9s) [pos_err_exceeded:1128|joint_limit:489|max_steps:387|self_collision:33]
[ 2100/10000] buf=200000 R=0.658 raw=0.350 orc=0.505 len= 43.1/141.5 succ=0.14 q=0.0352 qens=0.1219 pi=-0.627 a=0.0143 H=+2.03 (7425.4s) [pos_err_exceeded:1098|joint_limit:485|max_steps:291|self_collision:173]
[ 2110/10000] buf=200000 R=0.723 raw=0.411 orc=0.553 len= 57.6/154.3 succ=0.14 q=0.0166 qens=0.1122 pi=-0.663 a=0.0143 H=+1.95 (7455.1s) [pos_err_exceeded:1305|joint_limit:388|max_steps:283|self_collision:46]
[ 2120/10000] buf=200000 R=0.712 raw=0.403 orc=0.572 len= 54.7/151.1 succ=0.17 q=0.0317 qens=0.1178 pi=-0.669 a=0.0142 H=+2.16 (7485.0s) [pos_err_exceeded:1195|joint_limit:434|max_steps:343|self_collision:75]
[ 2130/10000] buf=200000 R=0.689 raw=0.381 orc=0.513 len= 49.8/144.7 succ=0.16 q=0.0379 qens=0.1331 pi=-0.727 a=0.0141 H=+2.10 (7515.1s) [pos_err_exceeded:1282|joint_limit:350|max_steps:325|self_collision:90]
[ 2140/10000] buf=200000 R=0.646 raw=0.362 orc=0.515 len= 41.7/130.7 succ=0.14 q=0.0307 qens=0.1323 pi=-0.672 a=0.0140 H=+2.13 (7545.0s) [pos_err_exceeded:1252|joint_limit:368|max_steps:293|self_collision:130]
[ 2150/10000] buf=200000 R=0.659 raw=0.379 orc=0.552 len= 50.0/151.3 succ=0.16 q=0.0479 qens=0.1238 pi=-0.683 a=0.0139 H=+2.05 (7575.8s) [pos_err_exceeded:1179|joint_limit:493|max_steps:335|init_ik_fail:30]
[ 2160/10000] buf=200000 R=0.712 raw=0.413 orc=0.568 len= 48.5/131.3 succ=0.18 q=0.0300 qens=0.1204 pi=-0.699 a=0.0138 H=+2.07 (7605.9s) [pos_err_exceeded:1195|max_steps:371|joint_limit:356|self_collision:124]
[ 2170/10000] buf=200000 R=0.725 raw=0.406 orc=0.526 len= 50.6/135.3 succ=0.15 q=0.0462 qens=0.1240 pi=-0.660 a=0.0138 H=+1.83 (7635.3s) [pos_err_exceeded:1247|joint_limit:387|max_steps:304|self_collision:97]
[ 2180/10000] buf=200000 R=0.731 raw=0.428 orc=0.558 len= 55.2/146.3 succ=0.22 q=0.0361 qens=0.1355 pi=-0.684 a=0.0137 H=+2.01 (7664.9s) [pos_err_exceeded:1005|max_steps:446|joint_limit:438|self_collision:156]
[ 2190/10000] buf=200000 R=0.633 raw=0.353 orc=0.549 len= 46.8/139.1 succ=0.09 q=0.0396 qens=0.1255 pi=-0.713 a=0.0136 H=+2.10 (7694.6s) [pos_err_exceeded:1219|joint_limit:452|max_steps:193|self_collision:152]
[ 2200/10000] buf=200000 R=0.697 raw=0.441 orc=0.610 len= 55.9/138.5 succ=0.20 q=0.0369 qens=0.1263 pi=-0.692 a=0.0135 H=+2.00 (7725.2s) [pos_err_exceeded:1015|joint_limit:488|max_steps:402|self_collision:110]
wandb: WARNING Symlinked 1 file into the W&B run directory; call wandb.save again to sync new files.
[ 2210/10000] buf=200000 R=0.733 raw=0.430 orc=0.566 len= 51.3/139.3 succ=0.17 q=0.0389 qens=0.1279 pi=-0.677 a=0.0135 H=+2.05 (7754.9s) [pos_err_exceeded:1258|joint_limit:367|max_steps:338|self_collision:80]
[ 2220/10000] buf=200000 R=0.627 raw=0.337 orc=0.503 len= 45.1/147.8 succ=0.11 q=0.0402 qens=0.1171 pi=-0.721 a=0.0134 H=+2.05 (7784.1s) [pos_err_exceeded:1182|joint_limit:491|max_steps:231|self_collision:122]
[ 2230/10000] buf=200000 R=0.624 raw=0.390 orc=0.557 len= 42.7/137.4 succ=0.14 q=0.0279 qens=0.1170 pi=-0.649 a=0.0133 H=+2.03 (7813.2s) [pos_err_exceeded:1244|joint_limit:367|max_steps:290|self_collision:145]
[ 2240/10000] buf=200000 R=0.606 raw=0.413 orc=0.631 len= 51.1/139.9 succ=0.19 q=0.0422 qens=0.1337 pi=-0.698 a=0.0132 H=+1.99 (7842.3s) [pos_err_exceeded:1128|max_steps:396|joint_limit:378|self_collision:89]
[ 2250/10000] buf=200000 R=0.723 raw=0.426 orc=0.557 len= 50.0/131.1 succ=0.20 q=0.0317 qens=0.1172 pi=-0.680 a=0.0131 H=+2.07 (7871.7s) [pos_err_exceeded:1081|joint_limit:415|max_steps:411|self_collision:139]
[ 2260/10000] buf=200000 R=0.655 raw=0.337 orc=0.501 len= 45.6/144.2 succ=0.12 q=0.0428 qens=0.1250 pi=-0.666 a=0.0131 H=+2.05 (7900.1s) [pos_err_exceeded:1203|joint_limit:392|max_steps:255|self_collision:162]
[ 2270/10000] buf=200000 R=0.661 raw=0.362 orc=0.508 len= 47.4/148.4 succ=0.14 q=0.0423 qens=0.1185 pi=-0.696 a=0.0130 H=+1.94 (7929.2s) [pos_err_exceeded:1257|joint_limit:377|max_steps:286|self_collision:122]
[ 2280/10000] buf=200000 R=0.701 raw=0.361 orc=0.478 len= 44.8/144.0 succ=0.14 q=0.0375 qens=0.1311 pi=-0.689 a=0.0129 H=+2.06 (7958.9s) [pos_err_exceeded:1216|joint_limit:411|max_steps:284|self_collision:137]
[ 2290/10000] buf=200000 R=0.654 raw=0.335 orc=0.476 len= 46.4/143.3 succ=0.16 q=0.0399 qens=0.1249 pi=-0.694 a=0.0128 H=+2.21 (7987.8s) [pos_err_exceeded:1230|max_steps:332|joint_limit:306|self_collision:170]
[ 2300/10000] buf=200000 R=0.695 raw=0.405 orc=0.562 len= 51.7/142.3 succ=0.16 q=0.0440 qens=0.1266 pi=-0.710 a=0.0128 H=+1.97 (8017.8s) [pos_err_exceeded:1201|joint_limit:404|max_steps:323|self_collision:119]
[ 2310/10000] buf=200000 R=0.685 raw=0.369 orc=0.519 len= 47.6/146.9 succ=0.18 q=0.0350 qens=0.1267 pi=-0.683 a=0.0127 H=+1.97 (8048.0s) [pos_err_exceeded:1077|joint_limit:433|max_steps:368|self_collision:140]
[ 2320/10000] buf=200000 R=0.722 raw=0.424 orc=0.561 len= 44.8/128.2 succ=0.23 q=0.0345 qens=0.1421 pi=-0.672 a=0.0126 H=+1.98 (8077.8s) [pos_err_exceeded:1125|max_steps:462|joint_limit:403|self_collision:56]
[ 2330/10000] buf=200000 R=0.657 raw=0.375 orc=0.547 len= 44.5/136.3 succ=0.17 q=0.0288 qens=0.1254 pi=-0.692 a=0.0125 H=+1.94 (8107.3s) [pos_err_exceeded:1182|max_steps:357|joint_limit:347|self_collision:155]
[ 2340/10000] buf=200000 R=0.697 raw=0.385 orc=0.555 len= 48.4/136.4 succ=0.17 q=0.0418 qens=0.1241 pi=-0.716 a=0.0125 H=+1.96 (8137.4s) [pos_err_exceeded:1276|joint_limit:360|max_steps:347|self_collision:53]
[ 2350/10000] buf=200000 R=0.658 raw=0.347 orc=0.479 len= 44.8/140.0 succ=0.16 q=0.0433 qens=0.1194 pi=-0.701 a=0.0124 H=+1.73 (8166.7s) [pos_err_exceeded:1274|joint_limit:356|max_steps:321|self_collision:86]
[ 2360/10000] buf=200000 R=0.725 raw=0.397 orc=0.527 len= 47.5/142.4 succ=0.20 q=0.0250 qens=0.1155 pi=-0.687 a=0.0123 H=+1.96 (8194.6s) [pos_err_exceeded:1142|joint_limit:417|max_steps:405|self_collision:74]
[ 2370/10000] buf=200000 R=0.657 raw=0.390 orc=0.578 len= 47.5/141.1 succ=0.15 q=0.0266 qens=0.1180 pi=-0.663 a=0.0123 H=+1.93 (8224.5s) [pos_err_exceeded:1215|joint_limit:422|max_steps:305|self_collision:95]
[ 2380/10000] buf=200000 R=0.671 raw=0.415 orc=0.533 len= 48.9/132.2 succ=0.20 q=0.0318 qens=0.1206 pi=-0.674 a=0.0122 H=+1.88 (8254.0s) [pos_err_exceeded:1098|max_steps:400|joint_limit:305|init_ik_fail:130]
[ 2390/10000] buf=200000 R=0.699 raw=0.372 orc=0.480 len= 50.2/151.3 succ=0.14 q=0.0321 qens=0.1261 pi=-0.702 a=0.0121 H=+1.81 (8281.9s) [pos_err_exceeded:1253|joint_limit:367|max_steps:282|self_collision:111]
[ 2400/10000] buf=200000 R=0.629 raw=0.339 orc=0.523 len= 45.9/152.8 succ=0.14 q=0.0366 qens=0.1227 pi=-0.665 a=0.0120 H=+1.94 (8311.8s) [pos_err_exceeded:1213|joint_limit:382|max_steps:280|self_collision:163]
wandb: WARNING Symlinked 1 file into the W&B run directory; call wandb.save again to sync new files.
[ 2410/10000] buf=200000 R=0.661 raw=0.412 orc=0.594 len= 51.1/137.5 succ=0.16 q=0.0294 qens=0.1232 pi=-0.632 a=0.0120 H=+1.84 (8340.9s) [pos_err_exceeded:1041|joint_limit:548|max_steps:328|self_collision:88]
[ 2420/10000] buf=200000 R=0.719 raw=0.468 orc=0.636 len= 53.8/129.8 succ=0.25 q=0.0313 qens=0.1220 pi=-0.675 a=0.0119 H=+1.85 (8370.4s) [pos_err_exceeded:1175|max_steps:503|joint_limit:276|self_collision:90]
[ 2430/10000] buf=200000 R=0.645 raw=0.377 orc=0.572 len= 47.7/143.8 succ=0.16 q=0.0264 qens=0.1142 pi=-0.691 a=0.0118 H=+1.84 (8399.8s) [pos_err_exceeded:1146|joint_limit:414|max_steps:327|self_collision:144]
[ 2440/10000] buf=200000 R=0.643 raw=0.395 orc=0.564 len= 43.7/132.4 succ=0.19 q=0.0337 qens=0.1190 pi=-0.701 a=0.0118 H=+1.97 (8428.2s) [pos_err_exceeded:1087|max_steps:399|joint_limit:321|self_collision:208]
[ 2450/10000] buf=200000 R=0.658 raw=0.318 orc=0.426 len= 37.4/136.3 succ=0.16 q=0.0336 qens=0.1212 pi=-0.694 a=0.0117 H=+1.82 (8457.4s) [pos_err_exceeded:1171|max_steps:334|joint_limit:319|self_collision:175]
[ 2460/10000] buf=200000 R=0.597 raw=0.348 orc=0.562 len= 44.3/136.9 succ=0.13 q=0.0364 qens=0.1283 pi=-0.638 a=0.0116 H=+1.84 (8486.4s) [pos_err_exceeded:1231|joint_limit:381|max_steps:263|self_collision:172]
[ 2470/10000] buf=200000 R=0.652 raw=0.363 orc=0.510 len= 45.2/143.7 succ=0.13 q=0.0211 qens=0.1166 pi=-0.644 a=0.0116 H=+1.87 (8514.0s) [pos_err_exceeded:1211|joint_limit:406|max_steps:274|self_collision:152]
[ 2480/10000] buf=200000 R=0.677 raw=0.351 orc=0.515 len= 46.3/144.5 succ=0.13 q=0.0380 qens=0.1253 pi=-0.667 a=0.0115 H=+1.79 (8543.5s) [pos_err_exceeded:1177|joint_limit:474|max_steps:267|self_collision:126]
[ 2490/10000] buf=200000 R=0.657 raw=0.401 orc=0.569 len= 42.0/121.5 succ=0.19 q=0.0342 qens=0.1195 pi=-0.699 a=0.0114 H=+1.80 (8572.2s) [pos_err_exceeded:1051|joint_limit:488|max_steps:398|self_collision:91]
[ 2500/10000] buf=200000 R=0.680 raw=0.411 orc=0.575 len= 46.0/132.3 succ=0.20 q=0.0288 qens=0.1198 pi=-0.690 a=0.0114 H=+1.68 (8601.5s) [pos_err_exceeded:1060|joint_limit:477|max_steps:414|self_collision:86]
[ 2510/10000] buf=200000 R=0.738 raw=0.398 orc=0.505 len= 51.3/140.9 succ=0.18 q=0.0300 qens=0.1140 pi=-0.703 a=0.0113 H=+1.72 (8630.9s) [pos_err_exceeded:1210|joint_limit:374|max_steps:372|self_collision:86]
[ 2520/10000] buf=200000 R=0.685 raw=0.426 orc=0.603 len= 55.6/142.1 succ=0.17 q=0.0298 qens=0.1158 pi=-0.673 a=0.0112 H=+1.89 (8660.7s) [pos_err_exceeded:1099|joint_limit:452|max_steps:343|self_collision:125]
[ 2530/10000] buf=200000 R=0.668 raw=0.398 orc=0.593 len= 49.8/136.1 succ=0.18 q=0.0283 qens=0.1137 pi=-0.677 a=0.0112 H=+1.70 (8690.4s) [pos_err_exceeded:1089|joint_limit:516|max_steps:371|self_collision:66]
[ 2540/10000] buf=200000 R=0.681 raw=0.400 orc=0.581 len= 51.8/145.3 succ=0.16 q=0.0250 qens=0.1316 pi=-0.675 a=0.0111 H=+1.62 (8720.1s) [pos_err_exceeded:1224|joint_limit:347|max_steps:331|self_collision:145]
[ 2550/10000] buf=200000 R=0.663 raw=0.393 orc=0.571 len= 45.3/133.5 succ=0.21 q=0.0341 qens=0.1230 pi=-0.707 a=0.0110 H=+1.76 (8750.1s) [pos_err_exceeded:1202|max_steps:430|joint_limit:345|self_collision:70]
[ 2560/10000] buf=200000 R=0.668 raw=0.335 orc=0.507 len= 41.9/142.4 succ=0.11 q=0.0216 qens=0.1143 pi=-0.682 a=0.0110 H=+1.68 (8782.6s) [pos_err_exceeded:1344|joint_limit:403|max_steps:223|self_collision:74]
[ 2570/10000] buf=200000 R=0.679 raw=0.411 orc=0.588 len= 47.3/138.2 succ=0.21 q=0.0229 qens=0.1221 pi=-0.713 a=0.0109 H=+1.61 (8835.6s) [pos_err_exceeded:1206|max_steps:436|joint_limit:377|self_collision:24]
[ 2580/10000] buf=200000 R=0.679 raw=0.404 orc=0.549 len= 46.4/134.1 succ=0.19 q=0.0298 qens=0.1214 pi=-0.689 a=0.0109 H=+1.74 (8886.3s) [pos_err_exceeded:901|joint_limit:572|max_steps:382|self_collision:192]
[ 2590/10000] buf=200000 R=0.710 raw=0.361 orc=0.502 len= 40.6/135.9 succ=0.15 q=0.0323 qens=0.1243 pi=-0.674 a=0.0108 H=+1.75 (8938.0s) [pos_err_exceeded:1296|joint_limit:333|max_steps:305|self_collision:77]
[ 2600/10000] buf=200000 R=0.716 raw=0.422 orc=0.562 len= 50.6/141.4 succ=0.20 q=0.0281 qens=0.1253 pi=-0.617 a=0.0107 H=+1.72 (8989.8s) [pos_err_exceeded:1085|joint_limit:436|max_steps:419|self_collision:98]
wandb: WARNING Symlinked 1 file into the W&B run directory; call wandb.save again to sync new files.
[ 2610/10000] buf=200000 R=0.690 raw=0.368 orc=0.531 len= 45.1/127.2 succ=0.14 q=0.0298 qens=0.1179 pi=-0.685 a=0.0107 H=+1.64 (9068.3s) [pos_err_exceeded:1329|joint_limit:352|max_steps:285|self_collision:67]
[ 2620/10000] buf=200000 R=0.671 raw=0.384 orc=0.555 len= 52.5/144.9 succ=0.13 q=0.0232 qens=0.1234 pi=-0.655 a=0.0106 H=+1.57 (9149.0s) [pos_err_exceeded:1044|joint_limit:574|max_steps:269|self_collision:141]
[ 2630/10000] buf=200000 R=0.706 raw=0.378 orc=0.481 len= 48.4/150.1 succ=0.19 q=0.0351 qens=0.1024 pi=-0.676 a=0.0106 H=+1.57 (9200.4s) [pos_err_exceeded:1273|max_steps:381|joint_limit:219|self_collision:167]
[ 2640/10000] buf=200000 R=0.670 raw=0.352 orc=0.493 len= 45.6/153.1 succ=0.11 q=0.0338 qens=0.1220 pi=-0.644 a=0.0105 H=+1.72 (9251.7s) [pos_err_exceeded:1369|joint_limit:399|max_steps:219|self_collision:61]
[ 2650/10000] buf=200000 R=0.716 raw=0.468 orc=0.603 len= 50.5/127.5 succ=0.26 q=0.0323 qens=0.1135 pi=-0.679 a=0.0104 H=+1.71 (9303.6s) [pos_err_exceeded:1084|max_steps:533|joint_limit:308|self_collision:120]
[ 2660/10000] buf=200000 R=0.689 raw=0.407 orc=0.538 len= 48.3/135.1 succ=0.20 q=0.0469 qens=0.1174 pi=-0.681 a=0.0104 H=+1.58 (9354.5s) [pos_err_exceeded:1107|max_steps:417|joint_limit:382|self_collision:106]
[ 2670/10000] buf=200000 R=0.630 raw=0.265 orc=0.398 len= 33.7/142.9 succ=0.10 q=0.0334 qens=0.1210 pi=-0.681 a=0.0103 H=+1.70 (9455.2s) [pos_err_exceeded:1385|joint_limit:234|max_steps:213|self_collision:174]
[ 2680/10000] buf=200000 R=0.699 raw=0.407 orc=0.543 len= 48.1/130.1 succ=0.17 q=0.0184 qens=0.1189 pi=-0.701 a=0.0103 H=+1.65 (9484.2s) [pos_err_exceeded:1128|joint_limit:383|max_steps:355|self_collision:161]
[ 2690/10000] buf=200000 R=0.632 raw=0.308 orc=0.473 len= 36.0/133.7 succ=0.13 q=0.0296 qens=0.1180 pi=-0.671 a=0.0102 H=+1.64 (9514.1s) [pos_err_exceeded:1217|joint_limit:411|max_steps:258|self_collision:157]
[ 2700/10000] buf=200000 R=0.699 raw=0.401 orc=0.540 len= 55.8/140.9 succ=0.15 q=0.0378 qens=0.1145 pi=-0.655 a=0.0101 H=+1.54 (9543.5s) [pos_err_exceeded:1054|joint_limit:527|max_steps:299|self_collision:151]
[ 2710/10000] buf=200000 R=0.714 raw=0.394 orc=0.534 len= 41.7/130.7 succ=0.21 q=0.0453 qens=0.1134 pi=-0.693 a=0.0101 H=+1.50 (9573.3s) [pos_err_exceeded:1038|joint_limit:474|max_steps:421|self_collision:115]
[ 2720/10000] buf=200000 R=0.710 raw=0.331 orc=0.484 len= 42.9/152.9 succ=0.12 q=0.0373 qens=0.1293 pi=-0.647 a=0.0100 H=+1.55 (9603.3s) [pos_err_exceeded:1346|joint_limit:389|max_steps:244|self_collision:66]
[ 2730/10000] buf=200000 R=0.679 raw=0.364 orc=0.516 len= 46.3/142.2 succ=0.15 q=0.0317 qens=0.1196 pi=-0.677 a=0.0100 H=+1.53 (9632.3s) [pos_err_exceeded:1034|joint_limit:445|max_steps:306|self_collision:242]
[ 2740/10000] buf=200000 R=0.736 raw=0.447 orc=0.569 len= 53.2/140.6 succ=0.23 q=0.0272 qens=0.1180 pi=-0.712 a=0.0099 H=+1.54 (9661.3s) [pos_err_exceeded:1133|max_steps:478|joint_limit:335|self_collision:102]
[ 2750/10000] buf=200000 R=0.731 raw=0.415 orc=0.535 len= 61.2/152.8 succ=0.14 q=0.0291 qens=0.1153 pi=-0.668 a=0.0099 H=+1.55 (9690.5s) [pos_err_exceeded:1215|joint_limit:435|max_steps:281|self_collision:78]
[ 2760/10000] buf=200000 R=0.715 raw=0.370 orc=0.499 len= 44.7/139.6 succ=0.17 q=0.0248 qens=0.1146 pi=-0.662 a=0.0098 H=+1.32 (9718.9s) [pos_err_exceeded:1266|joint_limit:369|max_steps:356|self_collision:56]
[ 2770/10000] buf=200000 R=0.694 raw=0.375 orc=0.513 len= 47.9/149.2 succ=0.13 q=0.0280 qens=0.1189 pi=-0.701 a=0.0097 H=+1.38 (9748.9s) [pos_err_exceeded:1077|joint_limit:478|max_steps:261|self_collision:221]
[ 2780/10000] buf=200000 R=0.724 raw=0.410 orc=0.539 len= 51.1/142.3 succ=0.17 q=0.0288 qens=0.1258 pi=-0.722 a=0.0097 H=+1.43 (9777.5s) [pos_err_exceeded:1279|max_steps:354|joint_limit:326|self_collision:82]
