[CVT] database loaded from /home/lqin/one/one/robots/manipulators/franka/fr3/data
[    1/1000] R=0.156 len= 12.5/80 succ=0.05 pi=-0.230 V=0.162 H=+2.93 (1.3s)
[   10/1000] R=0.392 len= 31.4/80 succ=0.22 pi=-0.057 V=0.180 H=+2.93 (14.1s)
[   20/1000] R=0.284 len= 22.7/80 succ=0.11 pi=-0.135 V=0.138 H=+2.93 (30.1s)
[   30/1000] R=0.399 len= 31.9/80 succ=0.20 pi=-0.402 V=0.185 H=+2.93 (48.1s)
[   40/1000] R=0.427 len= 34.1/80 succ=0.27 pi=+0.030 V=0.183 H=+2.92 (67.5s)
[   50/1000] R=0.490 len= 39.2/80 succ=0.31 pi=-0.277 V=0.188 H=+2.92 (89.0s)
[   60/1000] R=0.404 len= 32.4/80 succ=0.20 pi=-0.841 V=0.215 H=+2.91 (112.0s)
[   70/1000] R=0.593 len= 47.5/80 succ=0.34 pi=-0.300 V=0.171 H=+2.91 (135.6s)
[   80/1000] R=0.607 len= 48.5/80 succ=0.41 pi=-0.254 V=0.196 H=+2.90 (161.5s)
[   90/1000] R=0.583 len= 46.6/80 succ=0.38 pi=-0.486 V=0.190 H=+2.89 (187.3s)
[  100/1000] R=0.598 len= 47.9/80 succ=0.42 pi=-0.408 V=0.179 H=+2.88 (212.8s)
[  110/1000] R=0.515 len= 41.2/80 succ=0.31 pi=-0.611 V=0.166 H=+2.88 (238.7s)
[  120/1000] R=0.714 len= 57.2/80 succ=0.53 pi=-0.190 V=0.136 H=+2.87 (266.0s)
[  130/1000] R=0.542 len= 43.3/80 succ=0.34 pi=-0.553 V=0.185 H=+2.87 (292.9s)
[  140/1000] R=0.689 len= 55.1/80 succ=0.48 pi=-0.314 V=0.153 H=+2.86 (320.0s)
[  150/1000] R=0.657 len= 52.5/80 succ=0.41 pi=-0.484 V=0.161 H=+2.86 (348.1s)
[  160/1000] R=0.608 len= 48.6/80 succ=0.34 pi=-0.589 V=0.151 H=+2.86 (375.6s)
[  170/1000] R=0.580 len= 46.4/80 succ=0.41 pi=-0.602 V=0.152 H=+2.85 (403.9s)
[  180/1000] R=0.618 len= 49.4/80 succ=0.42 pi=-0.671 V=0.131 H=+2.85 (432.6s)
[  190/1000] R=0.627 len= 50.1/80 succ=0.42 pi=+0.152 V=0.158 H=+2.84 (460.8s)
[  200/1000] R=0.635 len= 50.8/80 succ=0.41 pi=-0.625 V=0.111 H=+2.84 (487.8s)
[  210/1000] R=0.623 len= 49.8/80 succ=0.36 pi=-0.495 V=0.149 H=+2.83 (515.6s)
[  220/1000] R=0.650 len= 52.0/80 succ=0.48 pi=-0.314 V=0.166 H=+2.83 (543.3s)
[  230/1000] R=0.555 len= 44.4/80 succ=0.31 pi=-0.122 V=0.147 H=+2.82 (571.0s)
[  240/1000] R=0.671 len= 53.7/80 succ=0.39 pi=-0.941 V=0.142 H=+2.82 (599.6s)
[  250/1000] R=0.610 len= 48.8/80 succ=0.33 pi=+0.095 V=0.164 H=+2.81 (627.7s)
[  260/1000] R=0.623 len= 49.8/80 succ=0.34 pi=+0.085 V=0.135 H=+2.81 (655.3s)
[  270/1000] R=0.637 len= 50.9/80 succ=0.44 pi=-1.360 V=0.117 H=+2.81 (684.5s)
[  280/1000] R=0.591 len= 47.2/80 succ=0.48 pi=-0.413 V=0.148 H=+2.80 (712.7s)
[  290/1000] R=0.497 len= 39.8/80 succ=0.30 pi=-0.596 V=0.134 H=+2.80 (740.1s)
[  300/1000] R=0.691 len= 55.2/80 succ=0.38 pi=+0.364 V=0.105 H=+2.79 (768.7s)
[  310/1000] R=0.773 len= 61.9/80 succ=0.52 pi=+0.173 V=0.128 H=+2.79 (797.9s)
[  320/1000] R=0.626 len= 50.1/80 succ=0.36 pi=-0.934 V=0.137 H=+2.79 (825.7s)
[  330/1000] R=0.611 len= 48.9/80 succ=0.42 pi=+0.572 V=0.151 H=+2.79 (854.4s)
[  340/1000] R=0.656 len= 52.5/80 succ=0.44 pi=-0.459 V=0.135 H=+2.79 (882.0s)
[  350/1000] R=0.666 len= 53.2/80 succ=0.48 pi=-0.589 V=0.126 H=+2.78 (910.0s)
[  360/1000] R=0.593 len= 47.5/80 succ=0.42 pi=-0.198 V=0.151 H=+2.78 (936.8s)
[  370/1000] R=0.560 len= 44.8/80 succ=0.30 pi=-0.482 V=0.123 H=+2.77 (964.8s)
[  380/1000] R=0.615 len= 49.2/80 succ=0.44 pi=-0.744 V=0.132 H=+2.77 (993.8s)
[  390/1000] R=0.561 len= 44.9/80 succ=0.38 pi=-0.488 V=0.145 H=+2.77 (1022.3s)
[  400/1000] R=0.536 len= 42.9/80 succ=0.34 pi=+0.090 V=0.152 H=+2.77 (1050.0s)
[  410/1000] R=0.604 len= 48.3/80 succ=0.48 pi=-1.235 V=0.134 H=+2.76 (1076.3s)
[  420/1000] R=0.608 len= 48.7/80 succ=0.36 pi=+0.068 V=0.102 H=+2.76 (1104.2s)
[  430/1000] R=0.685 len= 54.8/80 succ=0.48 pi=-1.101 V=0.112 H=+2.76 (1132.4s)
[  440/1000] R=0.607 len= 48.6/80 succ=0.41 pi=-0.165 V=0.103 H=+2.75 (1159.7s)
[  450/1000] R=0.617 len= 49.3/80 succ=0.38 pi=-0.002 V=0.137 H=+2.75 (1187.6s)
[  460/1000] R=0.697 len= 55.7/80 succ=0.53 pi=-0.109 V=0.102 H=+2.75 (1214.2s)
[  470/1000] R=0.669 len= 53.5/80 succ=0.47 pi=+0.162 V=0.120 H=+2.75 (1241.1s)
[  480/1000] R=0.624 len= 49.9/80 succ=0.41 pi=-0.210 V=0.127 H=+2.75 (1269.2s)
[  490/1000] R=0.530 len= 42.4/80 succ=0.39 pi=-0.853 V=0.156 H=+2.75 (1296.5s)
[  500/1000] R=0.695 len= 55.6/80 succ=0.52 pi=-0.692 V=0.092 H=+2.75 (1324.1s)
[  510/1000] R=0.673 len= 53.8/80 succ=0.52 pi=-1.211 V=0.108 H=+2.75 (1352.1s)
[  520/1000] R=0.593 len= 47.4/80 succ=0.34 pi=+0.022 V=0.108 H=+2.75 (1379.5s)
[  530/1000] R=0.674 len= 53.9/80 succ=0.52 pi=-0.820 V=0.091 H=+2.74 (1408.1s)
[  540/1000] R=0.633 len= 50.6/80 succ=0.36 pi=-0.609 V=0.106 H=+2.74 (1436.6s)
[  550/1000] R=0.577 len= 46.1/80 succ=0.33 pi=-0.668 V=0.111 H=+2.74 (1464.2s)
[  560/1000] R=0.682 len= 54.5/80 succ=0.45 pi=-0.115 V=0.133 H=+2.74 (1492.2s)
[  570/1000] R=0.657 len= 52.6/80 succ=0.44 pi=-0.412 V=0.107 H=+2.73 (1520.3s)
[  580/1000] R=0.663 len= 53.0/80 succ=0.52 pi=-0.698 V=0.104 H=+2.73 (1548.2s)
[  590/1000] R=0.645 len= 51.6/80 succ=0.45 pi=-0.475 V=0.135 H=+2.73 (1576.1s)
[  600/1000] R=0.671 len= 53.6/80 succ=0.44 pi=-0.607 V=0.125 H=+2.73 (1604.2s)
[  610/1000] R=0.665 len= 53.2/80 succ=0.45 pi=-0.829 V=0.120 H=+2.72 (1632.6s)
[  620/1000] R=0.589 len= 47.2/80 succ=0.31 pi=-1.036 V=0.097 H=+2.72 (1660.9s)
[  630/1000] R=0.501 len= 40.1/80 succ=0.28 pi=-1.393 V=0.132 H=+2.71 (1688.2s)
[  640/1000] R=0.581 len= 46.5/80 succ=0.41 pi=-1.184 V=0.131 H=+2.71 (1715.4s)
[  650/1000] R=0.661 len= 52.9/80 succ=0.38 pi=+0.388 V=0.109 H=+2.70 (1743.8s)
[  660/1000] R=0.693 len= 55.4/80 succ=0.39 pi=+1.209 V=0.058 H=+2.70 (1772.8s)
[  670/1000] R=0.569 len= 45.5/80 succ=0.33 pi=-0.778 V=0.104 H=+2.70 (1801.2s)
[  680/1000] R=0.662 len= 53.0/80 succ=0.41 pi=-0.829 V=0.098 H=+2.70 (1830.0s)
[  690/1000] R=0.714 len= 57.1/80 succ=0.50 pi=+0.791 V=0.109 H=+2.70 (1858.3s)
[  700/1000] R=0.678 len= 54.2/80 succ=0.36 pi=+0.148 V=0.098 H=+2.70 (1886.3s)
[  710/1000] R=0.694 len= 55.5/80 succ=0.47 pi=-1.104 V=0.083 H=+2.70 (1915.0s)
[  720/1000] R=0.695 len= 55.6/80 succ=0.45 pi=-1.333 V=0.101 H=+2.69 (1943.9s)
[  730/1000] R=0.702 len= 56.2/80 succ=0.50 pi=+1.144 V=0.112 H=+2.70 (1971.0s)
[  740/1000] R=0.667 len= 53.3/80 succ=0.38 pi=-0.005 V=0.076 H=+2.70 (1999.3s)
[  750/1000] R=0.687 len= 54.9/80 succ=0.45 pi=+0.312 V=0.111 H=+2.69 (2027.0s)
[  760/1000] R=0.648 len= 51.8/80 succ=0.38 pi=+0.236 V=0.102 H=+2.70 (2055.7s)
[  770/1000] R=0.616 len= 49.2/80 succ=0.36 pi=-0.035 V=0.112 H=+2.69 (2083.2s)
[  780/1000] R=0.738 len= 59.0/80 succ=0.48 pi=+0.860 V=0.108 H=+2.69 (2111.6s)
[  790/1000] R=0.711 len= 56.9/80 succ=0.52 pi=-0.088 V=0.095 H=+2.69 (2139.8s)
[  800/1000] R=0.590 len= 47.2/80 succ=0.41 pi=-0.583 V=0.143 H=+2.69 (2168.8s)
[  810/1000] R=0.643 len= 51.4/80 succ=0.34 pi=+1.347 V=0.095 H=+2.68 (2196.6s)
[  820/1000] R=0.583 len= 46.6/80 succ=0.38 pi=-0.413 V=0.120 H=+2.68 (2223.5s)
[  830/1000] R=0.664 len= 53.1/80 succ=0.44 pi=-1.215 V=0.097 H=+2.68 (2252.6s)
[  840/1000] R=0.550 len= 44.0/80 succ=0.30 pi=-0.233 V=0.112 H=+2.68 (2279.9s)
[  850/1000] R=0.673 len= 53.8/80 succ=0.41 pi=+0.537 V=0.101 H=+2.68 (2308.3s)
[  860/1000] R=0.688 len= 55.0/80 succ=0.44 pi=+0.346 V=0.103 H=+2.68 (2337.2s)
[  870/1000] R=0.738 len= 59.0/80 succ=0.50 pi=-0.713 V=0.079 H=+2.67 (2366.0s)
[  880/1000] R=0.685 len= 54.8/80 succ=0.45 pi=-0.473 V=0.109 H=+2.67 (2394.6s)
[  890/1000] R=0.672 len= 53.8/80 succ=0.45 pi=-0.048 V=0.130 H=+2.67 (2423.5s)
[  900/1000] R=0.608 len= 48.7/80 succ=0.38 pi=-0.228 V=0.098 H=+2.67 (2451.7s)
[  910/1000] R=0.676 len= 54.1/80 succ=0.38 pi=-0.341 V=0.120 H=+2.67 (2481.0s)
[  920/1000] R=0.643 len= 51.5/80 succ=0.44 pi=-0.576 V=0.117 H=+2.67 (2508.8s)
[  930/1000] R=0.601 len= 48.1/80 succ=0.38 pi=+1.118 V=0.102 H=+2.66 (2536.1s)
[  940/1000] R=0.680 len= 54.4/80 succ=0.45 pi=-1.450 V=0.096 H=+2.66 (2565.6s)
[  950/1000] R=0.658 len= 52.6/80 succ=0.42 pi=-0.196 V=0.103 H=+2.66 (2594.8s)
[  960/1000] R=0.684 len= 54.7/80 succ=0.47 pi=-0.694 V=0.099 H=+2.66 (2623.3s)
[  970/1000] R=0.638 len= 51.1/80 succ=0.44 pi=-0.341 V=0.084 H=+2.65 (2653.1s)
[  980/1000] R=0.591 len= 47.3/80 succ=0.34 pi=-0.911 V=0.105 H=+2.65 (2682.3s)
[  990/1000] R=0.692 len= 55.4/80 succ=0.38 pi=+0.864 V=0.093 H=+2.65 (2712.0s)
[ 1000/1000] R=0.653 len= 52.2/80 succ=0.48 pi=-1.286 V=0.076 H=+2.65 (2740.6s)
