[CVT] database loaded from /home/lqin/one/one/robots/manipulators/franka/fr3/data
[warmup] collecting 1024 rollouts before learning starts
[    1/1500] buf= 1152 R=0.401 len= 46.0/134.3 succ=0.19 q=0.1840 pi=-0.633 a=0.0500 H=+1.24 (25.1s) [joint_limit:37|pos_err_exceeded:35|max_steps:18|self_collision:5]
[   10/1500] buf= 2016 R=0.392 len= 44.3/131.8 succ=0.14 q=0.1255 pi=-0.447 a=0.0498 H=+2.13 (43.6s) [joint_limit:40|pos_err_exceeded:33|max_steps:13|self_collision:8]
[   20/1500] buf= 2976 R=0.331 len= 37.4/139.4 succ=0.15 q=0.1165 pi=-0.533 a=0.0497 H=+2.41 (63.5s) [joint_limit:38|pos_err_exceeded:29|max_steps:14|self_collision:14]
[   30/1500] buf= 3936 R=0.360 len= 41.1/131.6 succ=0.15 q=0.1236 pi=-0.465 a=0.0495 H=+2.65 (83.3s) [joint_limit:39|pos_err_exceeded:27|self_collision:15|max_steps:14]
[   40/1500] buf= 4896 R=0.344 len= 50.5/153.7 succ=0.12 q=0.1225 pi=-0.562 a=0.0494 H=+2.53 (103.3s) [pos_err_exceeded:38|joint_limit:32|max_steps:12|self_collision:10]
[   50/1500] buf= 5856 R=0.387 len= 43.1/130.5 succ=0.14 q=0.1132 pi=-0.472 a=0.0492 H=+2.69 (123.3s) [pos_err_exceeded:38|joint_limit:34|max_steps:13|self_collision:8]
[   60/1500] buf= 6816 R=0.369 len= 46.4/142.2 succ=0.16 q=0.1071 pi=-0.549 a=0.0491 H=+2.74 (143.1s) [joint_limit:34|pos_err_exceeded:30|max_steps:15|self_collision:13]
[   70/1500] buf= 7776 R=0.403 len= 50.3/130.4 succ=0.15 q=0.1152 pi=-0.494 a=0.0489 H=+2.69 (162.9s) [joint_limit:43|pos_err_exceeded:32|max_steps:14|self_collision:5]
[   80/1500] buf= 8736 R=0.373 len= 44.4/136.5 succ=0.16 q=0.1090 pi=-0.483 a=0.0488 H=+2.66 (182.7s) [pos_err_exceeded:40|joint_limit:33|max_steps:15|self_collision:8]
[   90/1500] buf= 9696 R=0.417 len= 55.4/144.1 succ=0.18 q=0.1184 pi=-0.501 a=0.0486 H=+2.72 (202.5s) [joint_limit:37|pos_err_exceeded:32|max_steps:17|self_collision:9]
[  100/1500] buf=10656 R=0.407 len= 51.3/139.3 succ=0.14 q=0.0910 pi=-0.483 a=0.0485 H=+2.70 (222.6s) [pos_err_exceeded:40|joint_limit:35|max_steps:13|self_collision:5]
[  110/1500] buf=11616 R=0.372 len= 48.2/138.5 succ=0.11 q=0.1015 pi=-0.517 a=0.0483 H=+2.69 (242.3s) [joint_limit:40|pos_err_exceeded:37|max_steps:11|self_collision:7]
[  120/1500] buf=12576 R=0.363 len= 43.3/139.6 succ=0.20 q=0.0985 pi=-0.538 a=0.0482 H=+2.65 (262.1s) [joint_limit:39|pos_err_exceeded:27|max_steps:19|self_collision:7]
[  130/1500] buf=13536 R=0.371 len= 46.3/143.0 succ=0.17 q=0.1159 pi=-0.518 a=0.0480 H=+2.68 (281.9s) [pos_err_exceeded:36|joint_limit:32|max_steps:16|self_collision:10]
[  140/1500] buf=14496 R=0.343 len= 42.3/133.9 succ=0.12 q=0.1116 pi=-0.478 a=0.0479 H=+2.69 (301.8s) [pos_err_exceeded:42|joint_limit:29|self_collision:12|max_steps:12]
[  150/1500] buf=15456 R=0.383 len= 47.4/133.5 succ=0.17 q=0.1145 pi=-0.611 a=0.0477 H=+2.74 (321.6s) [pos_err_exceeded:36|joint_limit:35|max_steps:16|self_collision:7]
[  160/1500] buf=16416 R=0.386 len= 44.6/139.9 succ=0.16 q=0.1152 pi=-0.558 a=0.0476 H=+2.68 (341.4s) [pos_err_exceeded:36|joint_limit:34|max_steps:15|self_collision:7]
[  170/1500] buf=17376 R=0.428 len= 48.9/133.4 succ=0.20 q=0.1043 pi=-0.548 a=0.0475 H=+2.73 (361.2s) [pos_err_exceeded:37|joint_limit:34|max_steps:19|self_collision:5]
[  180/1500] buf=18336 R=0.417 len= 54.4/135.1 succ=0.16 q=0.1122 pi=-0.523 a=0.0473 H=+2.65 (380.9s) [joint_limit:38|pos_err_exceeded:33|max_steps:15|self_collision:8]
[  190/1500] buf=19296 R=0.369 len= 44.0/132.0 succ=0.18 q=0.1263 pi=-0.578 a=0.0472 H=+2.73 (401.0s) [joint_limit:38|pos_err_exceeded:32|max_steps:17|self_collision:6]
[  200/1500] buf=20256 R=0.453 len= 53.0/137.0 succ=0.22 q=0.1077 pi=-0.529 a=0.0470 H=+2.74 (420.5s) [pos_err_exceeded:37|joint_limit:35|max_steps:21|self_collision:3]
[  210/1500] buf=21216 R=0.409 len= 53.4/142.8 succ=0.17 q=0.1052 pi=-0.553 a=0.0469 H=+2.67 (440.5s) [joint_limit:36|pos_err_exceeded:28|max_steps:16|self_collision:14]
[  220/1500] buf=22176 R=0.392 len= 51.6/141.9 succ=0.15 q=0.1139 pi=-0.521 a=0.0467 H=+2.66 (460.2s) [pos_err_exceeded:41|joint_limit:25|self_collision:14|max_steps:14]
[  230/1500] buf=23136 R=0.396 len= 52.3/146.6 succ=0.15 q=0.0975 pi=-0.528 a=0.0466 H=+2.71 (479.8s) [joint_limit:38|pos_err_exceeded:29|max_steps:14|self_collision:13]
[  240/1500] buf=24096 R=0.432 len= 49.1/137.2 succ=0.23 q=0.0998 pi=-0.528 a=0.0465 H=+2.71 (499.5s) [joint_limit:34|pos_err_exceeded:30|max_steps:22|self_collision:9]
[  250/1500] buf=25056 R=0.321 len= 37.9/138.8 succ=0.10 q=0.1054 pi=-0.574 a=0.0463 H=+2.67 (519.2s) [joint_limit:44|pos_err_exceeded:29|self_collision:10|max_steps:10]
[  260/1500] buf=26016 R=0.376 len= 46.7/138.8 succ=0.19 q=0.1132 pi=-0.486 a=0.0462 H=+2.65 (539.0s) [joint_limit:36|pos_err_exceeded:30|max_steps:18|self_collision:10]
[  270/1500] buf=26976 R=0.397 len= 51.6/146.7 succ=0.18 q=0.1242 pi=-0.580 a=0.0460 H=+2.68 (558.8s) [joint_limit:43|pos_err_exceeded:27|max_steps:17|self_collision:7]
[  280/1500] buf=27936 R=0.347 len= 40.9/134.3 succ=0.19 q=0.1079 pi=-0.523 a=0.0459 H=+2.71 (578.2s) [joint_limit:37|pos_err_exceeded:25|max_steps:18|self_collision:12]
[  290/1500] buf=28896 R=0.400 len= 47.4/143.2 succ=0.12 q=0.1085 pi=-0.508 a=0.0458 H=+2.74 (598.0s) [pos_err_exceeded:40|joint_limit:37|max_steps:12|self_collision:5]
[  300/1500] buf=29856 R=0.384 len= 45.1/138.2 succ=0.18 q=0.0938 pi=-0.512 a=0.0456 H=+2.68 (617.9s) [joint_limit:35|pos_err_exceeded:26|max_steps:17|self_collision:16]
[  310/1500] buf=30816 R=0.383 len= 47.5/142.2 succ=0.21 q=0.1067 pi=-0.528 a=0.0455 H=+2.72 (637.8s) [joint_limit:40|pos_err_exceeded:30|max_steps:20|self_collision:4]
[  320/1500] buf=31776 R=0.355 len= 43.7/141.8 succ=0.15 q=0.0994 pi=-0.471 a=0.0453 H=+2.70 (657.5s) [pos_err_exceeded:39|joint_limit:34|max_steps:14|self_collision:5]
[  330/1500] buf=32736 R=0.354 len= 41.8/135.8 succ=0.12 q=0.1090 pi=-0.483 a=0.0452 H=+2.70 (677.3s) [joint_limit:49|pos_err_exceeded:22|max_steps:12|self_collision:11]
[  340/1500] buf=33696 R=0.354 len= 47.7/140.7 succ=0.15 q=0.1046 pi=-0.524 a=0.0451 H=+2.72 (697.2s) [pos_err_exceeded:35|joint_limit:35|max_steps:14|self_collision:7]
[  350/1500] buf=34656 R=0.368 len= 46.0/138.5 succ=0.10 q=0.1139 pi=-0.540 a=0.0449 H=+2.77 (716.9s) [pos_err_exceeded:42|joint_limit:38|max_steps:10|self_collision:6]
[  360/1500] buf=35616 R=0.435 len= 57.5/146.8 succ=0.20 q=0.0983 pi=-0.546 a=0.0448 H=+2.72 (736.5s) [pos_err_exceeded:37|joint_limit:32|max_steps:19|self_collision:5]
[  370/1500] buf=36576 R=0.326 len= 41.5/143.0 succ=0.12 q=0.1070 pi=-0.517 a=0.0447 H=+2.64 (756.4s) [joint_limit:43|pos_err_exceeded:32|max_steps:12|self_collision:7]
[  380/1500] buf=37536 R=0.374 len= 47.9/140.5 succ=0.15 q=0.1005 pi=-0.468 a=0.0445 H=+2.71 (776.5s) [pos_err_exceeded:39|joint_limit:30|max_steps:14|self_collision:8]
[  390/1500] buf=38496 R=0.382 len= 49.5/136.8 succ=0.14 q=0.0967 pi=-0.531 a=0.0444 H=+2.64 (796.5s) [pos_err_exceeded:42|joint_limit:30|max_steps:13|self_collision:10]
[  400/1500] buf=39456 R=0.392 len= 46.7/139.5 succ=0.16 q=0.1045 pi=-0.517 a=0.0443 H=+2.67 (816.2s) [pos_err_exceeded:35|joint_limit:34|max_steps:15|self_collision:6]
[  410/1500] buf=40416 R=0.418 len= 55.8/142.9 succ=0.19 q=0.1081 pi=-0.502 a=0.0441 H=+2.62 (836.1s) [joint_limit:39|pos_err_exceeded:32|max_steps:18|self_collision:4]
[  420/1500] buf=41376 R=0.387 len= 45.1/141.8 succ=0.18 q=0.1013 pi=-0.524 a=0.0440 H=+2.69 (855.8s) [pos_err_exceeded:37|joint_limit:31|max_steps:17|self_collision:10]
[  430/1500] buf=42336 R=0.341 len= 42.4/141.4 succ=0.10 q=0.1111 pi=-0.531 a=0.0439 H=+2.72 (875.4s) [joint_limit:39|pos_err_exceeded:34|max_steps:10|self_collision:9]
[  440/1500] buf=43296 R=0.408 len= 46.2/138.7 succ=0.25 q=0.1011 pi=-0.459 a=0.0437 H=+2.71 (895.3s) [joint_limit:30|pos_err_exceeded:28|max_steps:24|self_collision:10]
[  450/1500] buf=44256 R=0.392 len= 44.9/136.6 succ=0.19 q=0.0934 pi=-0.565 a=0.0436 H=+2.68 (915.2s) [joint_limit:42|pos_err_exceeded:31|max_steps:18|self_collision:4]
[  460/1500] buf=45216 R=0.383 len= 45.8/143.6 succ=0.15 q=0.1063 pi=-0.453 a=0.0435 H=+2.65 (934.7s) [joint_limit:42|pos_err_exceeded:33|max_steps:14|self_collision:7]
[  470/1500] buf=46176 R=0.341 len= 46.1/144.9 succ=0.15 q=0.0992 pi=-0.544 a=0.0433 H=+2.66 (954.7s) [pos_err_exceeded:38|joint_limit:34|max_steps:14|self_collision:6]
[  480/1500] buf=47136 R=0.450 len= 49.9/125.5 succ=0.23 q=0.1022 pi=-0.471 a=0.0432 H=+2.68 (974.4s) [pos_err_exceeded:37|joint_limit:31|max_steps:22|init_ik_fail:4]
[  490/1500] buf=48096 R=0.369 len= 51.7/152.0 succ=0.15 q=0.1104 pi=-0.457 a=0.0431 H=+2.65 (994.0s) [joint_limit:39|pos_err_exceeded:32|max_steps:14|self_collision:10]
[  500/1500] buf=49056 R=0.406 len= 49.5/137.1 succ=0.21 q=0.1107 pi=-0.543 a=0.0430 H=+2.68 (1013.7s) [joint_limit:36|pos_err_exceeded:28|max_steps:20|self_collision:8]
[  510/1500] buf=50016 R=0.376 len= 47.8/138.9 succ=0.09 q=0.1116 pi=-0.499 a=0.0428 H=+2.61 (1033.5s) [joint_limit:43|pos_err_exceeded:33|max_steps:9|self_collision:6]
[  520/1500] buf=50976 R=0.370 len= 45.0/140.1 succ=0.17 q=0.0964 pi=-0.430 a=0.0427 H=+2.68 (1053.0s) [joint_limit:38|pos_err_exceeded:31|max_steps:16|self_collision:9]
[  530/1500] buf=51936 R=0.384 len= 50.6/144.6 succ=0.14 q=0.1090 pi=-0.545 a=0.0426 H=+2.72 (1072.8s) [joint_limit:42|pos_err_exceeded:32|max_steps:13|self_collision:8]
[  540/1500] buf=52896 R=0.402 len= 47.9/142.5 succ=0.18 q=0.1064 pi=-0.495 a=0.0424 H=+2.67 (1092.5s) [pos_err_exceeded:37|joint_limit:32|max_steps:17|self_collision:9]
[  550/1500] buf=53856 R=0.373 len= 43.0/135.1 succ=0.17 q=0.1058 pi=-0.520 a=0.0423 H=+2.60 (1112.4s) [joint_limit:40|pos_err_exceeded:32|max_steps:16|self_collision:5]
[  560/1500] buf=54816 R=0.418 len= 55.3/150.2 succ=0.12 q=0.0968 pi=-0.498 a=0.0422 H=+2.63 (1132.3s) [pos_err_exceeded:36|joint_limit:35|max_steps:12|self_collision:11]
[  570/1500] buf=55776 R=0.380 len= 45.8/141.2 succ=0.16 q=0.1004 pi=-0.494 a=0.0421 H=+2.65 (1152.3s) [pos_err_exceeded:44|joint_limit:25|max_steps:15|self_collision:8]
[  580/1500] buf=56736 R=0.331 len= 36.3/130.5 succ=0.17 q=0.0937 pi=-0.493 a=0.0419 H=+2.60 (1172.2s) [joint_limit:39|pos_err_exceeded:25|max_steps:16|self_collision:10]
[  590/1500] buf=57696 R=0.383 len= 47.2/138.3 succ=0.15 q=0.1057 pi=-0.591 a=0.0418 H=+2.60 (1191.9s) [joint_limit:40|pos_err_exceeded:31|max_steps:14|self_collision:9]
[  600/1500] buf=58656 R=0.409 len= 52.8/139.9 succ=0.16 q=0.0974 pi=-0.525 a=0.0417 H=+2.65 (1212.0s) [pos_err_exceeded:37|joint_limit:35|max_steps:15|self_collision:9]
[  610/1500] buf=59616 R=0.405 len= 50.4/141.5 succ=0.18 q=0.0954 pi=-0.614 a=0.0416 H=+2.55 (1231.4s) [pos_err_exceeded:37|joint_limit:32|max_steps:17|self_collision:7]
[  620/1500] buf=60576 R=0.459 len= 54.3/134.1 succ=0.28 q=0.1107 pi=-0.449 a=0.0414 H=+2.50 (1251.3s) [pos_err_exceeded:30|max_steps:27|joint_limit:27|self_collision:9]
[  630/1500] buf=61536 R=0.398 len= 48.1/143.8 succ=0.18 q=0.0972 pi=-0.517 a=0.0413 H=+2.66 (1271.0s) [pos_err_exceeded:40|joint_limit:29|max_steps:17|self_collision:8]
[  640/1500] buf=62496 R=0.384 len= 45.3/137.0 succ=0.17 q=0.0953 pi=-0.453 a=0.0412 H=+2.66 (1290.7s) [joint_limit:33|pos_err_exceeded:32|max_steps:16|self_collision:12]
[  650/1500] buf=63456 R=0.339 len= 46.9/140.4 succ=0.08 q=0.0913 pi=-0.514 a=0.0411 H=+2.55 (1310.2s) [pos_err_exceeded:37|joint_limit:34|self_collision:14|max_steps:8]
[  660/1500] buf=64416 R=0.403 len= 54.5/139.8 succ=0.19 q=0.0991 pi=-0.497 a=0.0410 H=+2.67 (1330.1s) [joint_limit:38|pos_err_exceeded:29|max_steps:18|self_collision:8]
[  670/1500] buf=65376 R=0.421 len= 53.9/142.5 succ=0.19 q=0.1113 pi=-0.478 a=0.0408 H=+2.62 (1350.1s) [pos_err_exceeded:36|joint_limit:30|max_steps:18|self_collision:11]
[  680/1500] buf=66336 R=0.347 len= 41.4/139.4 succ=0.11 q=0.1077 pi=-0.478 a=0.0407 H=+2.50 (1369.8s) [pos_err_exceeded:35|joint_limit:34|self_collision:13|max_steps:11]
[  690/1500] buf=67296 R=0.396 len= 51.7/149.9 succ=0.20 q=0.0960 pi=-0.498 a=0.0406 H=+2.54 (1389.8s) [joint_limit:38|pos_err_exceeded:26|max_steps:19|self_collision:12]
[  700/1500] buf=68256 R=0.400 len= 50.6/141.2 succ=0.20 q=0.0968 pi=-0.492 a=0.0405 H=+2.63 (1409.5s) [pos_err_exceeded:37|joint_limit:29|max_steps:19|self_collision:9]
[  710/1500] buf=69216 R=0.484 len= 59.1/141.0 succ=0.23 q=0.0951 pi=-0.501 a=0.0404 H=+2.56 (1429.2s) [joint_limit:34|pos_err_exceeded:29|max_steps:22|self_collision:10]
[  720/1500] buf=70176 R=0.412 len= 45.6/131.7 succ=0.21 q=0.1069 pi=-0.531 a=0.0402 H=+2.56 (1449.1s) [joint_limit:39|pos_err_exceeded:28|max_steps:20|self_collision:6]
[  730/1500] buf=71136 R=0.404 len= 49.8/139.8 succ=0.19 q=0.0932 pi=-0.483 a=0.0401 H=+2.61 (1468.8s) [joint_limit:37|pos_err_exceeded:28|max_steps:18|self_collision:7]
[  740/1500] buf=72096 R=0.381 len= 40.8/132.0 succ=0.19 q=0.1007 pi=-0.549 a=0.0400 H=+2.64 (1488.7s) [joint_limit:30|pos_err_exceeded:27|max_steps:18|self_collision:16]
[  750/1500] buf=73056 R=0.427 len= 47.4/127.3 succ=0.18 q=0.0945 pi=-0.514 a=0.0399 H=+2.60 (1508.4s) [pos_err_exceeded:33|joint_limit:33|max_steps:17|self_collision:12]
[  760/1500] buf=74016 R=0.444 len= 58.5/147.1 succ=0.18 q=0.0980 pi=-0.475 a=0.0398 H=+2.52 (1528.5s) [pos_err_exceeded:36|joint_limit:32|max_steps:17|self_collision:10]
[  770/1500] buf=74976 R=0.399 len= 48.9/140.1 succ=0.19 q=0.1008 pi=-0.488 a=0.0396 H=+2.63 (1548.5s) [pos_err_exceeded:34|joint_limit:31|max_steps:18|self_collision:9]
[  780/1500] buf=75936 R=0.423 len= 47.6/139.0 succ=0.15 q=0.0930 pi=-0.520 a=0.0395 H=+2.66 (1568.4s) [pos_err_exceeded:39|joint_limit:34|max_steps:14|self_collision:9]
[  790/1500] buf=76896 R=0.355 len= 41.3/135.5 succ=0.20 q=0.1181 pi=-0.506 a=0.0394 H=+2.63 (1588.1s) [joint_limit:36|pos_err_exceeded:33|max_steps:19|self_collision:7]
[  800/1500] buf=77856 R=0.421 len= 51.0/139.0 succ=0.14 q=0.1025 pi=-0.501 a=0.0393 H=+2.55 (1607.9s) [pos_err_exceeded:37|joint_limit:34|max_steps:13|self_collision:11]
[  810/1500] buf=78816 R=0.425 len= 51.7/134.8 succ=0.16 q=0.0919 pi=-0.493 a=0.0392 H=+2.53 (1628.0s) [pos_err_exceeded:37|joint_limit:32|max_steps:15|self_collision:11]
[  820/1500] buf=79776 R=0.379 len= 47.5/140.5 succ=0.15 q=0.0967 pi=-0.507 a=0.0391 H=+2.59 (1647.7s) [pos_err_exceeded:37|joint_limit:35|max_steps:14|self_collision:6]
[  830/1500] buf=80736 R=0.439 len= 53.5/137.7 succ=0.21 q=0.1020 pi=-0.547 a=0.0389 H=+2.52 (1667.5s) [pos_err_exceeded:37|joint_limit:32|max_steps:20|self_collision:5]
[  840/1500] buf=81696 R=0.367 len= 45.7/142.6 succ=0.12 q=0.0968 pi=-0.530 a=0.0388 H=+2.50 (1687.0s) [joint_limit:44|pos_err_exceeded:31|max_steps:12|self_collision:8]
[  850/1500] buf=82656 R=0.490 len= 61.1/137.8 succ=0.27 q=0.0857 pi=-0.451 a=0.0387 H=+2.53 (1706.7s) [joint_limit:32|max_steps:26|pos_err_exceeded:26|self_collision:9]
[  860/1500] buf=83616 R=0.422 len= 53.4/141.9 succ=0.17 q=0.0994 pi=-0.494 a=0.0386 H=+2.60 (1726.9s) [pos_err_exceeded:37|joint_limit:30|max_steps:16|self_collision:11]
[  870/1500] buf=84576 R=0.397 len= 46.4/134.5 succ=0.17 q=0.0855 pi=-0.517 a=0.0385 H=+2.53 (1747.0s) [joint_limit:34|pos_err_exceeded:33|max_steps:16|self_collision:11]
[  880/1500] buf=85536 R=0.499 len= 63.7/143.1 succ=0.19 q=0.1073 pi=-0.453 a=0.0384 H=+2.61 (1766.7s) [pos_err_exceeded:39|joint_limit:35|max_steps:18|self_collision:3]
[  890/1500] buf=86496 R=0.378 len= 51.6/153.4 succ=0.15 q=0.1056 pi=-0.456 a=0.0382 H=+2.38 (1786.6s) [pos_err_exceeded:36|joint_limit:34|max_steps:14|self_collision:8]
[  900/1500] buf=87456 R=0.406 len= 53.4/141.9 succ=0.19 q=0.0916 pi=-0.456 a=0.0381 H=+2.49 (1806.4s) [joint_limit:33|pos_err_exceeded:33|max_steps:18|self_collision:9]
[  910/1500] buf=88416 R=0.383 len= 46.0/137.4 succ=0.15 q=0.0941 pi=-0.498 a=0.0380 H=+2.49 (1826.5s) [joint_limit:44|pos_err_exceeded:25|max_steps:14|self_collision:11]
[  920/1500] buf=89376 R=0.425 len= 54.9/143.8 succ=0.21 q=0.1042 pi=-0.487 a=0.0379 H=+2.54 (1846.3s) [joint_limit:38|pos_err_exceeded:33|max_steps:20|init_ik_fail:3]
[  930/1500] buf=90336 R=0.373 len= 44.2/135.0 succ=0.14 q=0.1019 pi=-0.562 a=0.0378 H=+2.61 (1866.0s) [joint_limit:36|pos_err_exceeded:36|max_steps:13|self_collision:10]
[  940/1500] buf=91296 R=0.414 len= 53.2/144.4 succ=0.18 q=0.0989 pi=-0.444 a=0.0377 H=+2.46 (1885.4s) [pos_err_exceeded:43|joint_limit:28|max_steps:17|self_collision:7]
[  950/1500] buf=92256 R=0.397 len= 54.2/147.1 succ=0.14 q=0.1165 pi=-0.560 a=0.0376 H=+2.49 (1905.0s) [pos_err_exceeded:41|joint_limit:32|max_steps:13|self_collision:8]
[  960/1500] buf=93216 R=0.412 len= 44.8/131.4 succ=0.18 q=0.0963 pi=-0.452 a=0.0375 H=+2.56 (1924.9s) [pos_err_exceeded:40|joint_limit:31|max_steps:17|self_collision:6]
[  970/1500] buf=94176 R=0.420 len= 54.3/137.0 succ=0.18 q=0.0925 pi=-0.462 a=0.0374 H=+2.49 (1944.8s) [joint_limit:39|pos_err_exceeded:33|max_steps:17|self_collision:6]
[  980/1500] buf=95136 R=0.486 len= 59.7/137.1 succ=0.21 q=0.1066 pi=-0.512 a=0.0372 H=+2.50 (1964.4s) [pos_err_exceeded:35|joint_limit:33|max_steps:20|self_collision:7]
[  990/1500] buf=96096 R=0.419 len= 51.5/141.7 succ=0.22 q=0.1003 pi=-0.526 a=0.0371 H=+2.44 (1984.3s) [joint_limit:34|pos_err_exceeded:32|max_steps:21|self_collision:7]
[ 1000/1500] buf=97056 R=0.415 len= 53.9/142.8 succ=0.19 q=0.0936 pi=-0.493 a=0.0370 H=+2.58 (2004.0s) [pos_err_exceeded:39|joint_limit:27|max_steps:18|self_collision:8]
[ 1010/1500] buf=98016 R=0.407 len= 52.7/147.4 succ=0.21 q=0.1069 pi=-0.462 a=0.0369 H=+2.53 (2024.0s) [pos_err_exceeded:30|joint_limit:28|max_steps:20|self_collision:12]
[ 1020/1500] buf=98976 R=0.397 len= 45.9/127.8 succ=0.15 q=0.0960 pi=-0.470 a=0.0368 H=+2.46 (2043.6s) [pos_err_exceeded:42|joint_limit:28|max_steps:14|self_collision:8]
[ 1030/1500] buf=99936 R=0.359 len= 45.7/140.4 succ=0.14 q=0.1043 pi=-0.476 a=0.0367 H=+2.49 (2063.4s) [joint_limit:41|pos_err_exceeded:29|max_steps:13|self_collision:10]
[ 1040/1500] buf=100000 R=0.445 len= 50.4/133.9 succ=0.22 q=0.1129 pi=-0.532 a=0.0366 H=+2.58 (2083.1s) [joint_limit:34|pos_err_exceeded:34|max_steps:21|init_ik_fail:4]
[ 1050/1500] buf=100000 R=0.379 len= 48.6/148.4 succ=0.14 q=0.0952 pi=-0.555 a=0.0365 H=+2.30 (2102.9s) [pos_err_exceeded:34|joint_limit:33|self_collision:15|max_steps:13]
[ 1060/1500] buf=100000 R=0.468 len= 54.6/136.8 succ=0.22 q=0.0915 pi=-0.521 a=0.0364 H=+2.53 (2122.7s) [joint_limit:34|pos_err_exceeded:31|max_steps:21|self_collision:8]
[ 1070/1500] buf=100000 R=0.464 len= 55.2/132.5 succ=0.23 q=0.1075 pi=-0.464 a=0.0363 H=+2.49 (2142.8s) [pos_err_exceeded:36|joint_limit:28|max_steps:22|self_collision:7]
[ 1080/1500] buf=100000 R=0.389 len= 49.6/134.6 succ=0.17 q=0.0872 pi=-0.497 a=0.0362 H=+2.39 (2162.8s) [joint_limit:33|pos_err_exceeded:32|max_steps:16|self_collision:12]
[ 1090/1500] buf=100000 R=0.354 len= 45.2/134.6 succ=0.11 q=0.0880 pi=-0.489 a=0.0361 H=+2.41 (2182.8s) [joint_limit:37|pos_err_exceeded:33|max_steps:11|self_collision:10]
[ 1100/1500] buf=100000 R=0.413 len= 46.0/133.9 succ=0.20 q=0.0928 pi=-0.561 a=0.0360 H=+2.56 (2202.8s) [joint_limit:37|pos_err_exceeded:31|max_steps:19|self_collision:9]
[ 1110/1500] buf=100000 R=0.395 len= 53.9/151.2 succ=0.15 q=0.0919 pi=-0.466 a=0.0358 H=+2.52 (2222.8s) [pos_err_exceeded:39|joint_limit:33|max_steps:14|self_collision:8]
[ 1120/1500] buf=100000 R=0.371 len= 39.6/130.8 succ=0.17 q=0.1000 pi=-0.498 a=0.0357 H=+2.53 (2242.4s) [pos_err_exceeded:35|joint_limit:33|max_steps:16|self_collision:7]
[ 1130/1500] buf=100000 R=0.387 len= 47.6/132.8 succ=0.16 q=0.0881 pi=-0.500 a=0.0356 H=+2.58 (2262.2s) [joint_limit:39|pos_err_exceeded:33|max_steps:15|self_collision:5]
[ 1140/1500] buf=100000 R=0.438 len= 51.0/131.3 succ=0.17 q=0.0943 pi=-0.552 a=0.0355 H=+2.41 (2282.3s) [joint_limit:37|pos_err_exceeded:35|max_steps:16|self_collision:8]
[ 1150/1500] buf=100000 R=0.385 len= 47.5/140.1 succ=0.17 q=0.1022 pi=-0.525 a=0.0354 H=+2.44 (2302.1s) [joint_limit:46|pos_err_exceeded:26|max_steps:16|self_collision:7]
[ 1160/1500] buf=100000 R=0.418 len= 53.5/137.8 succ=0.19 q=0.1028 pi=-0.496 a=0.0353 H=+2.53 (2321.8s) [joint_limit:36|pos_err_exceeded:34|max_steps:18|self_collision:7]
[ 1170/1500] buf=100000 R=0.344 len= 44.1/147.1 succ=0.14 q=0.0959 pi=-0.461 a=0.0352 H=+2.53 (2341.6s) [joint_limit:39|pos_err_exceeded:33|max_steps:13|self_collision:11]
[ 1180/1500] buf=100000 R=0.373 len= 46.2/139.1 succ=0.18 q=0.0928 pi=-0.472 a=0.0351 H=+2.54 (2361.4s) [pos_err_exceeded:40|joint_limit:30|max_steps:17|self_collision:6]
[ 1190/1500] buf=100000 R=0.430 len= 50.3/132.3 succ=0.17 q=0.0977 pi=-0.495 a=0.0350 H=+2.49 (2381.3s) [pos_err_exceeded:38|joint_limit:35|max_steps:16|self_collision:5]
[ 1200/1500] buf=100000 R=0.421 len= 52.0/137.1 succ=0.17 q=0.0813 pi=-0.444 a=0.0349 H=+2.53 (2401.1s) [joint_limit:39|pos_err_exceeded:34|max_steps:16|self_collision:7]
[ 1210/1500] buf=100000 R=0.365 len= 47.1/145.7 succ=0.12 q=0.0935 pi=-0.472 a=0.0348 H=+2.51 (2420.7s) [pos_err_exceeded:39|joint_limit:37|max_steps:12|self_collision:5]
[ 1220/1500] buf=100000 R=0.380 len= 48.1/144.1 succ=0.17 q=0.0869 pi=-0.436 a=0.0347 H=+2.45 (2440.4s) [pos_err_exceeded:36|joint_limit:31|max_steps:16|self_collision:10]
[ 1230/1500] buf=100000 R=0.387 len= 54.8/146.7 succ=0.11 q=0.1108 pi=-0.551 a=0.0346 H=+2.43 (2460.1s) [pos_err_exceeded:45|joint_limit:33|max_steps:11|self_collision:6]
[ 1240/1500] buf=100000 R=0.440 len= 58.3/145.6 succ=0.17 q=0.0806 pi=-0.518 a=0.0345 H=+2.51 (2479.9s) [pos_err_exceeded:41|joint_limit:32|max_steps:16|self_collision:6]
[ 1250/1500] buf=100000 R=0.377 len= 48.1/145.2 succ=0.11 q=0.0940 pi=-0.453 a=0.0344 H=+2.53 (2499.7s) [joint_limit:40|pos_err_exceeded:36|max_steps:11|self_collision:6]
[ 1260/1500] buf=100000 R=0.467 len= 58.3/139.6 succ=0.23 q=0.1002 pi=-0.428 a=0.0343 H=+2.49 (2519.7s) [pos_err_exceeded:39|joint_limit:25|max_steps:22|self_collision:10]
[ 1270/1500] buf=100000 R=0.364 len= 44.9/142.5 succ=0.15 q=0.0911 pi=-0.528 a=0.0342 H=+2.40 (2539.6s) [pos_err_exceeded:36|joint_limit:35|max_steps:14|self_collision:9]
[ 1280/1500] buf=100000 R=0.432 len= 51.9/142.9 succ=0.25 q=0.0939 pi=-0.480 a=0.0341 H=+2.45 (2559.5s) [pos_err_exceeded:32|joint_limit:28|max_steps:24|self_collision:8]
[ 1290/1500] buf=100000 R=0.392 len= 46.6/140.6 succ=0.12 q=0.1033 pi=-0.506 a=0.0340 H=+2.46 (2579.2s) [joint_limit:38|pos_err_exceeded:34|max_steps:12|self_collision:10]
[ 1300/1500] buf=100000 R=0.400 len= 40.9/122.9 succ=0.24 q=0.0878 pi=-0.464 a=0.0339 H=+2.43 (2599.1s) [joint_limit:34|pos_err_exceeded:31|max_steps:23|self_collision:7]
[ 1310/1500] buf=100000 R=0.412 len= 52.4/144.5 succ=0.20 q=0.0973 pi=-0.495 a=0.0338 H=+2.41 (2619.1s) [pos_err_exceeded:33|joint_limit:32|max_steps:19|self_collision:9]
[ 1320/1500] buf=100000 R=0.437 len= 48.2/131.0 succ=0.17 q=0.0944 pi=-0.513 a=0.0337 H=+2.52 (2638.7s) [pos_err_exceeded:38|joint_limit:32|max_steps:16|self_collision:7]
[ 1330/1500] buf=100000 R=0.430 len= 53.9/137.5 succ=0.23 q=0.0888 pi=-0.473 a=0.0336 H=+2.40 (2658.5s) [joint_limit:37|pos_err_exceeded:31|max_steps:22|self_collision:4]
[ 1340/1500] buf=100000 R=0.374 len= 42.1/127.4 succ=0.19 q=0.0985 pi=-0.459 a=0.0335 H=+2.42 (2678.3s) [joint_limit:37|pos_err_exceeded:26|max_steps:18|self_collision:13]
[ 1350/1500] buf=100000 R=0.380 len= 48.6/137.9 succ=0.12 q=0.0969 pi=-0.431 a=0.0334 H=+2.40 (2698.2s) [pos_err_exceeded:47|joint_limit:29|max_steps:12|self_collision:4]
[ 1360/1500] buf=100000 R=0.300 len= 37.7/143.1 succ=0.11 q=0.1041 pi=-0.437 a=0.0333 H=+2.50 (2718.0s) [joint_limit:39|pos_err_exceeded:33|max_steps:11|self_collision:10]
[ 1370/1500] buf=100000 R=0.334 len= 42.4/145.5 succ=0.11 q=0.0998 pi=-0.528 a=0.0332 H=+2.36 (2738.0s) [joint_limit:44|pos_err_exceeded:26|self_collision:14|max_steps:11]
[ 1380/1500] buf=100000 R=0.387 len= 50.6/148.9 succ=0.14 q=0.0844 pi=-0.462 a=0.0331 H=+2.41 (2757.5s) [pos_err_exceeded:37|joint_limit:30|max_steps:13|self_collision:12]
[ 1390/1500] buf=100000 R=0.405 len= 46.5/131.5 succ=0.15 q=0.0876 pi=-0.495 a=0.0330 H=+2.33 (2777.2s) [pos_err_exceeded:39|joint_limit:36|max_steps:14|self_collision:4]
[ 1400/1500] buf=100000 R=0.398 len= 49.1/144.3 succ=0.16 q=0.0877 pi=-0.498 a=0.0329 H=+2.30 (2797.0s) [pos_err_exceeded:44|joint_limit:28|max_steps:15|self_collision:9]
[ 1410/1500] buf=100000 R=0.372 len= 49.0/140.6 succ=0.14 q=0.0840 pi=-0.487 a=0.0328 H=+2.50 (2816.9s) [joint_limit:42|pos_err_exceeded:31|max_steps:13|self_collision:7]
[ 1420/1500] buf=100000 R=0.447 len= 53.1/133.8 succ=0.22 q=0.0926 pi=-0.420 a=0.0327 H=+2.44 (2836.6s) [joint_limit:34|pos_err_exceeded:30|max_steps:21|self_collision:11]
[ 1430/1500] buf=100000 R=0.414 len= 51.4/136.8 succ=0.18 q=0.0909 pi=-0.524 a=0.0326 H=+2.38 (2856.4s) [pos_err_exceeded:42|joint_limit:30|max_steps:17|self_collision:6]
[ 1440/1500] buf=100000 R=0.453 len= 56.4/136.1 succ=0.22 q=0.0831 pi=-0.450 a=0.0325 H=+2.52 (2876.4s) [joint_limit:35|pos_err_exceeded:35|max_steps:21|self_collision:3]
[ 1450/1500] buf=100000 R=0.423 len= 57.0/152.3 succ=0.15 q=0.1036 pi=-0.477 a=0.0324 H=+2.44 (2896.0s) [joint_limit:34|pos_err_exceeded:32|max_steps:14|self_collision:13]
[ 1460/1500] buf=100000 R=0.387 len= 51.1/138.0 succ=0.16 q=0.0941 pi=-0.363 a=0.0323 H=+2.44 (2915.7s) [pos_err_exceeded:40|joint_limit:38|max_steps:15|init_ik_fail:2]
[ 1470/1500] buf=100000 R=0.327 len= 41.3/137.0 succ=0.10 q=0.0999 pi=-0.496 a=0.0322 H=+2.45 (2935.5s) [pos_err_exceeded:37|joint_limit:37|max_steps:10|self_collision:8]
[ 1480/1500] buf=100000 R=0.435 len= 48.6/129.9 succ=0.20 q=0.0896 pi=-0.489 a=0.0321 H=+2.48 (2955.3s) [joint_limit:38|pos_err_exceeded:29|max_steps:19|self_collision:7]
[ 1490/1500] buf=100000 R=0.404 len= 49.5/141.2 succ=0.15 q=0.0928 pi=-0.507 a=0.0320 H=+2.49 (2974.9s) [joint_limit:38|pos_err_exceeded:35|max_steps:14|self_collision:7]
[ 1500/1500] buf=100000 R=0.434 len= 57.6/137.5 succ=0.24 q=0.0833 pi=-0.492 a=0.0319 H=+2.40 (2995.0s) [joint_limit:33|pos_err_exceeded:30|max_steps:23|self_collision:7]
