[CVT] database loaded from /home/lqin/one/one/robots/manipulators/franka/fr3/data
[    1/1000] R=0.187 len= 14.9/80 succ=0.06 pi=+0.030 V=0.119 H=+2.92 KL=0.061* cf=0.22 (1.3s) [init_ik_fail:45|pos_err_exceeded:9|max_steps:4|joint_limit:3]
[   10/1000] R=0.417 len= 33.4/80 succ=0.23 pi=-0.004 V=0.210 H=+2.88 KL=0.070* cf=0.15 (13.3s) [init_ik_fail:30|max_steps:15|pos_err_exceeded:15|joint_limit:3]
[   20/1000] R=0.367 len= 29.3/80 succ=0.16 pi=-0.050 V=0.145 H=+2.84 KL=0.057* cf=0.15 (28.4s) [init_ik_fail:31|pos_err_exceeded:12|max_steps:10|joint_limit:9]
[   30/1000] R=0.394 len= 31.5/80 succ=0.23 pi=+0.017 V=0.165 H=+2.79 KL=0.051* cf=0.10 (45.7s) [init_ik_fail:34|max_steps:15|pos_err_exceeded:12|joint_limit:3]
[   40/1000] R=0.561 len= 44.9/80 succ=0.33 pi=-0.031 V=0.202 H=+2.76 KL=0.064* cf=0.05 (63.8s) [init_ik_fail:23|max_steps:21|pos_err_exceeded:17|joint_limit:3]
[   50/1000] R=0.627 len= 50.2/80 succ=0.38 pi=-0.135 V=0.132 H=+2.72 KL=0.069* cf=0.22 (83.8s) [max_steps:24|pos_err_exceeded:18|init_ik_fail:15|joint_limit:6]
[   60/1000] R=0.529 len= 42.3/80 succ=0.27 pi=-0.021 V=0.193 H=+2.69 KL=0.094* cf=0.12 (105.0s) [init_ik_fail:22|max_steps:17|pos_err_exceeded:15|joint_limit:9]
[   70/1000] R=0.624 len= 49.9/80 succ=0.38 pi=+0.197 V=0.148 H=+2.67 KL=0.075* cf=0.06 (126.3s) [max_steps:24|pos_err_exceeded:18|init_ik_fail:16|joint_limit:5]
[   80/1000] R=0.673 len= 53.8/80 succ=0.44 pi=-0.183 V=0.121 H=+2.63 KL=0.065* cf=0.24 (148.2s) [max_steps:28|pos_err_exceeded:16|init_ik_fail:15|joint_limit:3]
[   90/1000] R=0.596 len= 47.7/80 succ=0.36 pi=+0.101 V=0.116 H=+2.63 KL=0.060* cf=0.20 (169.6s) [max_steps:23|init_ik_fail:18|pos_err_exceeded:17|joint_limit:4]
[  100/1000] R=0.639 len= 51.1/80 succ=0.36 pi=+0.011 V=0.125 H=+2.61 KL=0.063* cf=0.17 (191.2s) [max_steps:23|pos_err_exceeded:18|init_ik_fail:17|joint_limit:4]
[  110/1000] R=0.595 len= 47.6/80 succ=0.36 pi=-0.203 V=0.144 H=+2.60 KL=0.064* cf=0.55 (212.5s) [max_steps:23|init_ik_fail:17|pos_err_exceeded:13|self_collision:6]
[  120/1000] R=0.709 len= 56.7/80 succ=0.47 pi=-0.127 V=0.111 H=+2.58 KL=0.087* cf=0.20 (235.2s) [max_steps:30|pos_err_exceeded:18|init_ik_fail:9|self_collision:4]
[  130/1000] R=0.594 len= 47.5/80 succ=0.33 pi=-0.047 V=0.108 H=+2.57 KL=0.090* cf=0.28 (257.4s) [max_steps:21|pos_err_exceeded:19|init_ik_fail:16|joint_limit:4]
[  140/1000] R=0.648 len= 51.8/80 succ=0.38 pi=-0.179 V=0.092 H=+2.54 KL=0.099* cf=0.15 (279.6s) [max_steps:24|pos_err_exceeded:18|init_ik_fail:14|joint_limit:5]
[  150/1000] R=0.659 len= 52.7/80 succ=0.34 pi=-0.130 V=0.131 H=+2.52 KL=0.068* cf=0.20 (303.0s) [max_steps:22|pos_err_exceeded:16|init_ik_fail:12|joint_limit:9]
[  160/1000] R=0.662 len= 52.9/80 succ=0.38 pi=-0.080 V=0.083 H=+2.51 KL=0.058* cf=0.38 (325.8s) [pos_err_exceeded:24|max_steps:24|init_ik_fail:12|joint_limit:4]
[  170/1000] R=0.667 len= 53.3/80 succ=0.53 pi=-0.024 V=0.130 H=+2.50 KL=0.053* cf=0.49 (349.1s) [max_steps:34|init_ik_fail:17|pos_err_exceeded:10|joint_limit:2]
[  180/1000] R=0.678 len= 54.2/80 succ=0.47 pi=-0.275 V=0.106 H=+2.49 KL=0.078* cf=0.09 (372.1s) [max_steps:30|pos_err_exceeded:13|init_ik_fail:9|joint_limit:8]
[  190/1000] R=0.694 len= 55.5/80 succ=0.50 pi=-0.167 V=0.085 H=+2.46 KL=0.092* cf=0.22 (395.0s) [max_steps:32|pos_err_exceeded:13|init_ik_fail:10|joint_limit:7]
[  200/1000] R=0.691 len= 55.3/80 succ=0.42 pi=-0.301 V=0.065 H=+2.45 KL=0.073* cf=0.47 (417.6s) [max_steps:27|pos_err_exceeded:15|init_ik_fail:12|joint_limit:7]
[  210/1000] R=0.649 len= 51.9/80 succ=0.39 pi=-0.005 V=0.083 H=+2.44 KL=0.084* cf=0.27 (440.4s) [max_steps:25|pos_err_exceeded:19|init_ik_fail:13|joint_limit:6]
[  220/1000] R=0.738 len= 59.0/80 succ=0.47 pi=+0.070 V=0.153 H=+2.43 KL=0.051* cf=0.27 (464.8s) [max_steps:30|pos_err_exceeded:19|init_ik_fail:11|joint_limit:4]
[  230/1000] R=0.652 len= 52.1/80 succ=0.42 pi=+0.190 V=0.150 H=+2.42 KL=0.093* cf=0.30 (488.0s) [max_steps:27|pos_err_exceeded:15|init_ik_fail:14|joint_limit:5]
[  240/1000] R=0.701 len= 56.1/80 succ=0.42 pi=-0.218 V=0.061 H=+2.39 KL=0.070* cf=0.23 (511.5s) [max_steps:27|pos_err_exceeded:19|init_ik_fail:11|joint_limit:5]
[  250/1000] R=0.582 len= 46.5/80 succ=0.34 pi=-0.065 V=0.148 H=+2.38 KL=0.056* cf=0.10 (534.4s) [max_steps:22|init_ik_fail:18|pos_err_exceeded:17|joint_limit:4]
[  260/1000] R=0.654 len= 52.3/80 succ=0.36 pi=-0.248 V=0.085 H=+2.36 KL=-0.010  cf=0.45 (557.5s) [max_steps:23|pos_err_exceeded:20|init_ik_fail:12|joint_limit:7]
[  270/1000] R=0.694 len= 55.5/80 succ=0.50 pi=-0.128 V=0.083 H=+2.34 KL=0.055* cf=0.41 (580.9s) [max_steps:32|pos_err_exceeded:14|init_ik_fail:12|joint_limit:4]
[  280/1000] R=0.634 len= 50.7/80 succ=0.42 pi=-0.160 V=0.106 H=+2.34 KL=0.036  cf=0.46 (604.1s) [max_steps:27|init_ik_fail:16|pos_err_exceeded:14|joint_limit:6]
[  290/1000] R=0.559 len= 44.8/80 succ=0.27 pi=-0.132 V=0.087 H=+2.31 KL=0.075* cf=0.13 (627.1s) [pos_err_exceeded:20|init_ik_fail:18|max_steps:17|joint_limit:5]
[  300/1000] R=0.644 len= 51.5/80 succ=0.36 pi=-0.017 V=0.103 H=+2.32 KL=0.059* cf=0.24 (649.8s) [max_steps:23|pos_err_exceeded:20|init_ik_fail:13|self_collision:4]
[  310/1000] R=0.712 len= 57.0/80 succ=0.44 pi=+0.103 V=0.134 H=+2.32 KL=0.108* cf=0.12 (673.5s) [max_steps:28|pos_err_exceeded:20|init_ik_fail:9|joint_limit:6]
[  320/1000] R=0.696 len= 55.7/80 succ=0.38 pi=-0.301 V=0.089 H=+2.31 KL=0.091* cf=0.44 (696.4s) [max_steps:24|pos_err_exceeded:18|joint_limit:9|init_ik_fail:8]
[  330/1000] R=0.668 len= 53.4/80 succ=0.52 pi=-0.074 V=0.106 H=+2.28 KL=0.086* cf=0.16 (719.3s) [max_steps:33|init_ik_fail:13|pos_err_exceeded:10|joint_limit:5]
[  340/1000] R=0.667 len= 53.3/80 succ=0.38 pi=-0.012 V=0.087 H=+2.26 KL=0.057* cf=0.28 (742.3s) [max_steps:24|pos_err_exceeded:20|init_ik_fail:12|self_collision:5]
[  350/1000] R=0.751 len= 60.1/80 succ=0.55 pi=-0.082 V=0.103 H=+2.26 KL=0.072* cf=0.39 (766.0s) [max_steps:35|pos_err_exceeded:10|init_ik_fail:9|joint_limit:7]
[  360/1000] R=0.602 len= 48.2/80 succ=0.39 pi=+0.117 V=0.141 H=+2.23 KL=0.077* cf=0.29 (788.9s) [max_steps:25|init_ik_fail:16|pos_err_exceeded:14|joint_limit:5]
[  370/1000] R=0.688 len= 55.0/80 succ=0.42 pi=+0.077 V=0.081 H=+2.21 KL=0.052* cf=0.05 (812.5s) [max_steps:27|pos_err_exceeded:20|init_ik_fail:9|joint_limit:6]
[  380/1000] R=0.640 len= 51.2/80 succ=0.39 pi=+0.020 V=0.126 H=+2.19 KL=0.071* cf=0.17 (836.4s) [max_steps:25|pos_err_exceeded:18|init_ik_fail:15|joint_limit:5]
[  390/1000] R=0.586 len= 46.9/80 succ=0.34 pi=+0.013 V=0.107 H=+2.19 KL=0.087* cf=0.30 (860.2s) [max_steps:22|init_ik_fail:17|pos_err_exceeded:10|joint_limit:8]
[  400/1000] R=0.668 len= 53.4/80 succ=0.41 pi=-0.030 V=0.067 H=+2.19 KL=0.030  cf=0.47 (884.2s) [max_steps:26|pos_err_exceeded:16|init_ik_fail:12|joint_limit:7]
[  410/1000] R=0.665 len= 53.2/80 succ=0.42 pi=-0.121 V=0.098 H=+2.15 KL=0.075* cf=0.16 (907.1s) [max_steps:27|init_ik_fail:16|pos_err_exceeded:13|joint_limit:7]
[  420/1000] R=0.609 len= 48.7/80 succ=0.34 pi=-0.099 V=0.108 H=+2.13 KL=0.072* cf=0.22 (930.4s) [max_steps:22|init_ik_fail:16|pos_err_exceeded:15|joint_limit:8]
[  430/1000] R=0.640 len= 51.2/80 succ=0.36 pi=-0.113 V=0.063 H=+2.12 KL=0.064* cf=0.35 (953.5s) [max_steps:23|pos_err_exceeded:18|init_ik_fail:15|joint_limit:7]
[  440/1000] R=0.670 len= 53.6/80 succ=0.52 pi=+0.087 V=0.103 H=+2.10 KL=0.088* cf=0.17 (976.9s) [max_steps:33|init_ik_fail:16|pos_err_exceeded:9|joint_limit:6]
[  450/1000] R=0.656 len= 52.5/80 succ=0.38 pi=+0.113 V=0.089 H=+2.09 KL=0.058* cf=0.24 (999.9s) [max_steps:24|pos_err_exceeded:18|init_ik_fail:13|joint_limit:7]
[  460/1000] R=0.691 len= 55.3/80 succ=0.47 pi=-0.193 V=0.046 H=+2.09 KL=0.054* cf=0.02 (1023.5s) [max_steps:30|pos_err_exceeded:15|init_ik_fail:11|joint_limit:6]
[  470/1000] R=0.734 len= 58.7/80 succ=0.53 pi=-0.076 V=0.069 H=+2.09 KL=0.051* cf=0.32 (1046.7s) [max_steps:34|pos_err_exceeded:13|init_ik_fail:11|joint_limit:5]
[  480/1000] R=0.654 len= 52.4/80 succ=0.41 pi=-0.177 V=0.103 H=+2.08 KL=0.051* cf=0.00 (1070.5s) [max_steps:26|pos_err_exceeded:17|init_ik_fail:12|joint_limit:6]
[  490/1000] R=0.627 len= 50.1/80 succ=0.41 pi=+0.032 V=0.090 H=+2.06 KL=0.080* cf=0.15 (1094.2s) [max_steps:26|pos_err_exceeded:15|init_ik_fail:12|joint_limit:9]
[  500/1000] R=0.683 len= 54.7/80 succ=0.47 pi=+0.164 V=0.177 H=+2.04 KL=0.106* cf=0.21 (1117.3s) [max_steps:30|pos_err_exceeded:15|init_ik_fail:14|self_collision:3]
[  510/1000] R=0.735 len= 58.8/80 succ=0.55 pi=-0.000 V=0.083 H=+2.04 KL=0.055* cf=0.39 (1141.1s) [max_steps:35|pos_err_exceeded:10|init_ik_fail:9|joint_limit:8]
[  520/1000] R=0.634 len= 50.7/80 succ=0.34 pi=-0.237 V=0.121 H=+2.03 KL=0.055* cf=0.27 (1164.0s) [max_steps:22|pos_err_exceeded:20|init_ik_fail:14|joint_limit:5]
[  530/1000] R=0.751 len= 60.1/80 succ=0.50 pi=-0.112 V=0.039 H=+2.01 KL=0.052* cf=0.40 (1188.3s) [max_steps:32|pos_err_exceeded:16|init_ik_fail:7|joint_limit:5]
[  540/1000] R=0.713 len= 57.0/80 succ=0.47 pi=+0.082 V=0.115 H=+1.98 KL=0.072* cf=0.53 (1212.0s) [max_steps:30|pos_err_exceeded:18|init_ik_fail:11|joint_limit:3]
[  550/1000] R=0.612 len= 49.0/80 succ=0.34 pi=-0.137 V=0.092 H=+1.96 KL=0.103* cf=0.17 (1235.8s) [max_steps:22|pos_err_exceeded:19|init_ik_fail:15|joint_limit:6]
[  560/1000] R=0.694 len= 55.5/80 succ=0.42 pi=-0.151 V=0.067 H=+1.96 KL=0.077* cf=0.09 (1260.3s) [max_steps:27|pos_err_exceeded:17|init_ik_fail:13|joint_limit:4]
[  570/1000] R=0.687 len= 55.0/80 succ=0.38 pi=-0.073 V=0.078 H=+1.95 KL=0.009  cf=0.54 (1283.8s) [max_steps:24|pos_err_exceeded:23|init_ik_fail:12|joint_limit:5]
[  580/1000] R=0.709 len= 56.8/80 succ=0.52 pi=+0.065 V=0.081 H=+1.94 KL=0.053* cf=0.39 (1307.4s) [max_steps:33|init_ik_fail:13|pos_err_exceeded:11|joint_limit:6]
[  590/1000] R=0.659 len= 52.7/80 succ=0.47 pi=-0.054 V=0.083 H=+1.92 KL=0.053* cf=0.40 (1330.8s) [max_steps:30|init_ik_fail:14|pos_err_exceeded:13|joint_limit:6]
[  600/1000] R=0.723 len= 57.8/80 succ=0.50 pi=-0.075 V=0.101 H=+1.91 KL=0.088* cf=0.23 (1353.6s) [max_steps:32|pos_err_exceeded:18|init_ik_fail:9|joint_limit:4]
[  610/1000] R=0.744 len= 59.5/80 succ=0.50 pi=-0.222 V=0.083 H=+1.90 KL=0.090* cf=0.12 (1377.1s) [max_steps:32|pos_err_exceeded:19|init_ik_fail:7|joint_limit:6]
[  620/1000] R=0.566 len= 45.3/80 succ=0.28 pi=-0.257 V=0.047 H=+1.89 KL=0.053* cf=0.12 (1401.0s) [pos_err_exceeded:21|max_steps:18|init_ik_fail:13|joint_limit:8]
[  630/1000] R=0.613 len= 49.1/80 succ=0.42 pi=+0.014 V=0.097 H=+1.88 KL=0.078* cf=0.34 (1423.8s) [max_steps:27|init_ik_fail:15|pos_err_exceeded:14|joint_limit:7]
[  640/1000] R=0.722 len= 57.8/80 succ=0.47 pi=+0.043 V=0.072 H=+1.87 KL=0.066* cf=0.33 (1446.8s) [max_steps:30|pos_err_exceeded:12|joint_limit:10|init_ik_fail:7]
[  650/1000] R=0.697 len= 55.7/80 succ=0.39 pi=-0.259 V=0.076 H=+1.88 KL=0.067* cf=0.13 (1470.3s) [max_steps:25|pos_err_exceeded:22|init_ik_fail:10|joint_limit:4]
[  660/1000] R=0.682 len= 54.5/80 succ=0.41 pi=-0.100 V=0.091 H=+1.87 KL=0.060* cf=0.16 (1494.1s) [max_steps:26|pos_err_exceeded:19|init_ik_fail:11|joint_limit:5]
[  670/1000] R=0.622 len= 49.8/80 succ=0.39 pi=+0.183 V=0.108 H=+1.86 KL=0.066* cf=0.32 (1517.5s) [max_steps:25|pos_err_exceeded:15|init_ik_fail:12|joint_limit:11]
[  680/1000] R=0.685 len= 54.8/80 succ=0.28 pi=-0.024 V=0.096 H=+1.85 KL=0.052* cf=0.12 (1541.4s) [pos_err_exceeded:26|max_steps:18|init_ik_fail:11|joint_limit:7]
[  690/1000] R=0.719 len= 57.5/80 succ=0.44 pi=-0.237 V=0.047 H=+1.83 KL=0.074* cf=0.20 (1565.0s) [max_steps:28|pos_err_exceeded:18|init_ik_fail:11|joint_limit:5]
[  700/1000] R=0.749 len= 59.9/80 succ=0.47 pi=-0.033 V=0.040 H=+1.82 KL=0.058* cf=0.18 (1589.4s) [max_steps:30|pos_err_exceeded:20|init_ik_fail:7|joint_limit:5]
[  710/1000] R=0.690 len= 55.2/80 succ=0.42 pi=+0.008 V=0.120 H=+1.82 KL=0.096* cf=0.12 (1613.5s) [max_steps:27|pos_err_exceeded:19|init_ik_fail:11|joint_limit:7]
[  720/1000] R=0.733 len= 58.6/80 succ=0.39 pi=-0.118 V=0.057 H=+1.82 KL=0.080* cf=0.28 (1638.0s) [max_steps:25|pos_err_exceeded:24|init_ik_fail:8|joint_limit:5]
[  730/1000] R=0.723 len= 57.8/80 succ=0.50 pi=-0.115 V=0.103 H=+1.82 KL=0.055* cf=0.38 (1661.2s) [max_steps:32|pos_err_exceeded:15|init_ik_fail:10|joint_limit:5]
[  740/1000] R=0.661 len= 52.9/80 succ=0.36 pi=-0.324 V=0.056 H=+1.81 KL=0.050* cf=0.12 (1684.0s) [max_steps:23|pos_err_exceeded:19|init_ik_fail:11|joint_limit:9]
[  750/1000] R=0.699 len= 55.9/80 succ=0.36 pi=-0.032 V=0.092 H=+1.79 KL=0.063* cf=0.31 (1707.1s) [pos_err_exceeded:23|max_steps:23|init_ik_fail:10|joint_limit:5]
[  760/1000] R=0.661 len= 52.9/80 succ=0.38 pi=-0.203 V=0.094 H=+1.79 KL=0.075* cf=0.33 (1731.6s) [max_steps:24|pos_err_exceeded:22|init_ik_fail:12|joint_limit:6]
[  770/1000] R=0.655 len= 52.4/80 succ=0.33 pi=-0.103 V=0.101 H=+1.79 KL=0.073* cf=0.29 (1755.0s) [max_steps:21|pos_err_exceeded:19|init_ik_fail:11|joint_limit:10]
[  780/1000] R=0.784 len= 62.7/80 succ=0.41 pi=-0.208 V=0.042 H=+1.78 KL=0.090* cf=0.38 (1779.5s) [pos_err_exceeded:27|max_steps:26|joint_limit:5|init_ik_fail:4]
[  790/1000] R=0.756 len= 60.5/80 succ=0.59 pi=-0.099 V=0.081 H=+1.77 KL=0.050* cf=0.23 (1802.1s) [max_steps:38|init_ik_fail:8|pos_err_exceeded:7|joint_limit:6]
[  800/1000] R=0.677 len= 54.2/80 succ=0.42 pi=-0.073 V=0.069 H=+1.78 KL=0.057* cf=0.29 (1825.4s) [max_steps:27|pos_err_exceeded:21|init_ik_fail:11|joint_limit:3]
[  810/1000] R=0.665 len= 53.2/80 succ=0.33 pi=+0.079 V=0.122 H=+1.77 KL=0.060* cf=0.21 (1848.8s) [pos_err_exceeded:26|max_steps:21|init_ik_fail:10|joint_limit:7]
[  820/1000] R=0.589 len= 47.1/80 succ=0.34 pi=-0.093 V=0.095 H=+1.76 KL=0.062* cf=0.36 (1871.5s) [max_steps:22|pos_err_exceeded:18|init_ik_fail:18|joint_limit:3]
[  830/1000] R=0.740 len= 59.2/80 succ=0.52 pi=+0.023 V=0.040 H=+1.76 KL=0.061* cf=0.20 (1895.9s) [max_steps:33|pos_err_exceeded:15|init_ik_fail:9|joint_limit:5]
[  840/1000] R=0.586 len= 46.9/80 succ=0.34 pi=-0.081 V=0.134 H=+1.75 KL=0.060* cf=0.06 (1919.4s) [max_steps:22|pos_err_exceeded:21|init_ik_fail:15|joint_limit:5]
[  850/1000] R=0.762 len= 61.0/80 succ=0.45 pi=-0.190 V=0.058 H=+1.75 KL=0.064* cf=0.10 (1943.6s) [max_steps:29|pos_err_exceeded:19|joint_limit:8|init_ik_fail:6]
[  860/1000] R=0.670 len= 53.6/80 succ=0.38 pi=-0.081 V=0.107 H=+1.74 KL=0.056* cf=0.06 (1967.1s) [max_steps:24|pos_err_exceeded:20|init_ik_fail:11|joint_limit:9]
[  870/1000] R=0.746 len= 59.7/80 succ=0.45 pi=-0.132 V=0.046 H=+1.73 KL=0.068* cf=0.16 (1991.4s) [max_steps:29|pos_err_exceeded:16|joint_limit:12|init_ik_fail:5]
[  880/1000] R=0.681 len= 54.5/80 succ=0.44 pi=-0.060 V=0.083 H=+1.73 KL=0.060* cf=0.23 (2015.8s) [max_steps:28|pos_err_exceeded:17|init_ik_fail:8|joint_limit:6]
[  890/1000] R=0.692 len= 55.4/80 succ=0.47 pi=+0.013 V=0.075 H=+1.73 KL=0.109* cf=0.17 (2039.7s) [max_steps:30|pos_err_exceeded:17|init_ik_fail:12|joint_limit:5]
[  900/1000] R=0.670 len= 53.6/80 succ=0.39 pi=-0.271 V=0.051 H=+1.72 KL=0.090* cf=0.24 (2062.2s) [max_steps:25|pos_err_exceeded:21|init_ik_fail:10|joint_limit:6]
[  910/1000] R=0.721 len= 57.7/80 succ=0.48 pi=+0.167 V=0.078 H=+1.72 KL=0.069* cf=0.31 (2086.7s) [max_steps:31|pos_err_exceeded:16|init_ik_fail:9|joint_limit:6]
[  920/1000] R=0.648 len= 51.8/80 succ=0.42 pi=+0.019 V=0.096 H=+1.71 KL=0.055* cf=0.28 (2110.5s) [max_steps:27|pos_err_exceeded:16|init_ik_fail:14|joint_limit:6]
[  930/1000] R=0.661 len= 52.9/80 succ=0.39 pi=+0.236 V=0.083 H=+1.71 KL=0.059* cf=0.19 (2133.9s) [max_steps:25|pos_err_exceeded:21|init_ik_fail:10|joint_limit:6]
[  940/1000] R=0.718 len= 57.5/80 succ=0.52 pi=-0.231 V=0.102 H=+1.71 KL=0.065* cf=0.42 (2158.0s) [max_steps:33|pos_err_exceeded:13|init_ik_fail:10|joint_limit:5]
[  950/1000] R=0.684 len= 54.7/80 succ=0.47 pi=-0.045 V=0.073 H=+1.72 KL=0.068* cf=0.15 (2182.5s) [max_steps:30|pos_err_exceeded:14|init_ik_fail:12|joint_limit:5]
[  960/1000] R=0.704 len= 56.3/80 succ=0.44 pi=+0.001 V=0.068 H=+1.71 KL=0.074* cf=0.14 (2206.5s) [max_steps:28|pos_err_exceeded:17|init_ik_fail:13|joint_limit:6]
[  970/1000] R=0.701 len= 56.1/80 succ=0.41 pi=-0.227 V=0.047 H=+1.72 KL=0.111* cf=0.23 (2231.0s) [max_steps:26|pos_err_exceeded:16|joint_limit:10|init_ik_fail:9]
[  980/1000] R=0.684 len= 54.8/80 succ=0.38 pi=-0.048 V=0.051 H=+1.71 KL=0.106* cf=0.18 (2255.6s) [max_steps:24|pos_err_exceeded:21|init_ik_fail:10|joint_limit:7]
[  990/1000] R=0.624 len= 49.9/80 succ=0.38 pi=-0.117 V=0.102 H=+1.70 KL=0.056* cf=0.10 (2279.1s) [max_steps:24|init_ik_fail:15|pos_err_exceeded:14|joint_limit:8]
[ 1000/1000] R=0.719 len= 57.5/80 succ=0.47 pi=-0.125 V=0.054 H=+1.69 KL=0.063* cf=0.38 (2303.0s) [max_steps:30|joint_limit:12|pos_err_exceeded:12|init_ik_fail:8]
