[CVT] database loaded from /home/lqin/one/one/robots/manipulators/franka/fr3/data
[warmup] collecting 1024 rollouts before learning starts
[    1/5000] buf= 1152 R=0.322 len= 36.1/139.4 succ=0.11 q=0.1965 qens=0.1723 pi=-0.601 a=0.0500 H=+1.23 (16.3s) [pos_err_exceeded:46|joint_limit:30|max_steps:11|self_collision:8]
[   10/5000] buf= 2016 R=0.343 len= 40.4/133.2 succ=0.18 q=0.1079 qens=0.1117 pi=-0.394 a=0.0498 H=+2.06 (28.2s) [pos_err_exceeded:41|joint_limit:34|max_steps:17|init_ik_fail:2]
[   20/5000] buf= 2976 R=0.303 len= 36.1/134.7 succ=0.12 q=0.0859 qens=0.0918 pi=-0.433 a=0.0497 H=+2.24 (40.6s) [pos_err_exceeded:44|joint_limit:32|max_steps:12|self_collision:8]
[   30/5000] buf= 3936 R=0.257 len= 30.4/146.4 succ=0.08 q=0.0916 qens=0.0995 pi=-0.465 a=0.0495 H=+2.34 (54.0s) [pos_err_exceeded:50|joint_limit:29|max_steps:8|self_collision:7]
[   40/5000] buf= 4896 R=0.287 len= 32.5/129.9 succ=0.11 q=0.0939 qens=0.0912 pi=-0.389 a=0.0494 H=+2.70 (67.4s) [pos_err_exceeded:48|joint_limit:26|max_steps:11|self_collision:7]
[   50/5000] buf= 5856 R=0.378 len= 41.2/132.7 succ=0.19 q=0.0938 qens=0.0994 pi=-0.423 a=0.0492 H=+2.65 (80.1s) [pos_err_exceeded:50|joint_limit:24|max_steps:18|init_ik_fail:3]
[   60/5000] buf= 6816 R=0.325 len= 41.7/144.2 succ=0.11 q=0.1001 qens=0.1011 pi=-0.449 a=0.0491 H=+2.62 (92.7s) [pos_err_exceeded:53|joint_limit:26|max_steps:11|self_collision:6]
[   70/5000] buf= 7776 R=0.323 len= 41.7/145.8 succ=0.11 q=0.0958 qens=0.1016 pi=-0.468 a=0.0489 H=+2.65 (105.5s) [pos_err_exceeded:50|joint_limit:26|max_steps:11|self_collision:7]
[   80/5000] buf= 8736 R=0.345 len= 49.8/144.7 succ=0.12 q=0.0997 qens=0.1017 pi=-0.455 a=0.0488 H=+2.70 (118.5s) [pos_err_exceeded:49|joint_limit:22|self_collision:12|max_steps:12]
[   90/5000] buf= 9696 R=0.358 len= 37.7/126.7 succ=0.16 q=0.0962 qens=0.0956 pi=-0.415 a=0.0486 H=+2.75 (131.4s) [pos_err_exceeded:53|joint_limit:21|max_steps:15|self_collision:6]
[  100/5000] buf=10656 R=0.369 len= 42.6/136.4 succ=0.14 q=0.1048 qens=0.1064 pi=-0.430 a=0.0485 H=+2.71 (144.4s) [pos_err_exceeded:46|joint_limit:30|max_steps:13|self_collision:5]
[  110/5000] buf=11616 R=0.300 len= 43.1/145.0 succ=0.07 q=0.0996 qens=0.0981 pi=-0.502 a=0.0483 H=+2.70 (157.3s) [pos_err_exceeded:59|joint_limit:24|max_steps:7|self_collision:5]
[  120/5000] buf=12576 R=0.363 len= 50.0/146.4 succ=0.19 q=0.0894 qens=0.0916 pi=-0.367 a=0.0482 H=+2.71 (170.4s) [pos_err_exceeded:41|joint_limit:30|max_steps:18|self_collision:5]
[  130/5000] buf=13536 R=0.327 len= 40.1/141.7 succ=0.16 q=0.0978 qens=0.0988 pi=-0.488 a=0.0480 H=+2.71 (183.3s) [pos_err_exceeded:50|joint_limit:24|max_steps:15|self_collision:5]
[  140/5000] buf=14496 R=0.318 len= 37.5/138.3 succ=0.11 q=0.0869 qens=0.0886 pi=-0.478 a=0.0479 H=+2.65 (197.4s) [pos_err_exceeded:54|joint_limit:23|max_steps:11|self_collision:5]
[  150/5000] buf=15456 R=0.309 len= 40.0/144.0 succ=0.15 q=0.0944 qens=0.0951 pi=-0.490 a=0.0477 H=+2.65 (219.6s) [pos_err_exceeded:52|joint_limit:22|max_steps:14|self_collision:7]
[  160/5000] buf=16416 R=0.340 len= 42.9/139.2 succ=0.12 q=0.1068 qens=0.1107 pi=-0.496 a=0.0476 H=+2.74 (242.0s) [pos_err_exceeded:50|joint_limit:30|max_steps:12|self_collision:3]
[  170/5000] buf=17376 R=0.345 len= 42.3/136.7 succ=0.15 q=0.0957 qens=0.0931 pi=-0.458 a=0.0474 H=+2.71 (263.9s) [pos_err_exceeded:39|joint_limit:32|max_steps:14|self_collision:9]
[  180/5000] buf=18336 R=0.372 len= 49.0/140.5 succ=0.19 q=0.0805 qens=0.0802 pi=-0.402 a=0.0473 H=+2.72 (285.7s) [pos_err_exceeded:43|joint_limit:32|max_steps:18|self_collision:2]
[  190/5000] buf=19296 R=0.360 len= 39.7/128.8 succ=0.17 q=0.0873 qens=0.0877 pi=-0.414 a=0.0472 H=+2.71 (308.1s) [pos_err_exceeded:40|joint_limit:34|max_steps:16|init_ik_fail:3]
[  200/5000] buf=20256 R=0.304 len= 40.7/142.6 succ=0.12 q=0.1042 qens=0.1024 pi=-0.480 a=0.0470 H=+2.75 (320.6s) [pos_err_exceeded:52|joint_limit:30|max_steps:12|init_ik_fail:1]
[  210/5000] buf=21216 R=0.355 len= 47.5/144.3 succ=0.16 q=0.1081 qens=0.1034 pi=-0.413 a=0.0469 H=+2.69 (333.7s) [pos_err_exceeded:44|joint_limit:29|max_steps:15|self_collision:5]
[  220/5000] buf=22176 R=0.345 len= 41.6/136.2 succ=0.14 q=0.0898 qens=0.1002 pi=-0.509 a=0.0467 H=+2.71 (347.0s) [pos_err_exceeded:46|joint_limit:32|max_steps:13|self_collision:4]
[  230/5000] buf=23136 R=0.329 len= 37.7/131.3 succ=0.12 q=0.0996 qens=0.1035 pi=-0.507 a=0.0466 H=+2.65 (360.1s) [pos_err_exceeded:42|joint_limit:31|max_steps:12|self_collision:8]
[  240/5000] buf=24096 R=0.337 len= 37.0/133.2 succ=0.17 q=0.1058 qens=0.1046 pi=-0.527 a=0.0464 H=+2.70 (373.0s) [pos_err_exceeded:50|joint_limit:24|max_steps:16|self_collision:5]
[  250/5000] buf=25056 R=0.357 len= 37.1/129.2 succ=0.19 q=0.1092 qens=0.1060 pi=-0.418 a=0.0463 H=+2.66 (386.0s) [pos_err_exceeded:39|joint_limit:30|max_steps:18|self_collision:6]
[  260/5000] buf=26016 R=0.358 len= 41.8/137.0 succ=0.20 q=0.0954 qens=0.0958 pi=-0.462 a=0.0462 H=+2.70 (399.3s) [pos_err_exceeded:40|joint_limit:30|max_steps:19|self_collision:5]
