[CVT] database loaded from /home/lqin/one/one/robots/manipulators/franka/fr3/data
[warmup] collecting 1024 rollouts before learning starts
[    1/1500] buf= 1152 R=0.401 len= 46.0/134.3 succ=0.19 q=0.1674 qens=0.2011 pi=-0.533 a=0.0500 H=+1.23 (25.6s) [joint_limit:37|pos_err_exceeded:35|max_steps:18|self_collision:5]
[   10/1500] buf= 2016 R=0.442 len= 50.1/131.8 succ=0.18 q=0.1400 qens=0.1439 pi=-0.536 a=0.0498 H=+2.18 (44.5s) [joint_limit:34|pos_err_exceeded:32|max_steps:17|self_collision:10]
[   20/1500] buf= 2976 R=0.329 len= 39.2/139.4 succ=0.14 q=0.1215 qens=0.1236 pi=-0.444 a=0.0497 H=+2.41 (65.2s) [pos_err_exceeded:33|joint_limit:31|self_collision:17|max_steps:13]
[   30/1500] buf= 3936 R=0.434 len= 49.5/131.6 succ=0.24 q=0.1058 qens=0.1091 pi=-0.553 a=0.0495 H=+2.56 (86.4s) [joint_limit:36|pos_err_exceeded:25|max_steps:23|self_collision:8]
[   40/1500] buf= 4896 R=0.403 len= 55.7/153.7 succ=0.18 q=0.1083 qens=0.1133 pi=-0.491 a=0.0494 H=+2.64 (107.4s) [pos_err_exceeded:36|joint_limit:27|max_steps:17|self_collision:11]
[   50/1500] buf= 5856 R=0.407 len= 46.5/130.5 succ=0.14 q=0.1049 qens=0.1094 pi=-0.460 a=0.0492 H=+2.68 (128.6s) [pos_err_exceeded:37|joint_limit:36|max_steps:13|self_collision:10]
[   60/1500] buf= 6816 R=0.450 len= 53.0/142.2 succ=0.21 q=0.1128 qens=0.1155 pi=-0.543 a=0.0491 H=+2.66 (149.9s) [pos_err_exceeded:34|joint_limit:31|max_steps:20|self_collision:8]
[   70/1500] buf= 7776 R=0.458 len= 54.0/130.4 succ=0.19 q=0.1155 qens=0.1180 pi=-0.497 a=0.0489 H=+2.69 (170.7s) [joint_limit:38|pos_err_exceeded:32|max_steps:18|self_collision:8]
[   80/1500] buf= 8736 R=0.382 len= 46.8/136.5 succ=0.18 q=0.0958 qens=0.0961 pi=-0.548 a=0.0488 H=+2.69 (191.9s) [joint_limit:35|pos_err_exceeded:35|max_steps:17|self_collision:8]
[   90/1500] buf= 9696 R=0.388 len= 54.0/144.1 succ=0.12 q=0.1067 qens=0.1122 pi=-0.522 a=0.0486 H=+2.65 (213.1s) [joint_limit:39|pos_err_exceeded:33|max_steps:12|self_collision:12]
[  100/1500] buf=10656 R=0.416 len= 52.8/139.3 succ=0.16 q=0.1040 qens=0.1028 pi=-0.486 a=0.0485 H=+2.58 (234.1s) [pos_err_exceeded:42|joint_limit:29|max_steps:15|self_collision:7]
[  110/1500] buf=11616 R=0.440 len= 56.9/138.5 succ=0.17 q=0.1000 qens=0.0998 pi=-0.499 a=0.0483 H=+2.72 (255.2s) [pos_err_exceeded:38|joint_limit:30|max_steps:16|self_collision:10]
[  120/1500] buf=12576 R=0.368 len= 44.7/139.6 succ=0.19 q=0.1132 qens=0.1113 pi=-0.526 a=0.0482 H=+2.67 (276.4s) [joint_limit:38|pos_err_exceeded:30|max_steps:18|self_collision:6]
[  130/1500] buf=13536 R=0.355 len= 45.3/143.0 succ=0.16 q=0.1220 qens=0.1223 pi=-0.530 a=0.0480 H=+2.66 (297.6s) [joint_limit:40|pos_err_exceeded:32|max_steps:15|self_collision:8]
[  140/1500] buf=14496 R=0.381 len= 45.1/133.9 succ=0.17 q=0.0974 qens=0.0991 pi=-0.464 a=0.0479 H=+2.67 (318.5s) [pos_err_exceeded:38|joint_limit:31|max_steps:16|self_collision:9]
[  150/1500] buf=15456 R=0.398 len= 51.2/133.5 succ=0.18 q=0.1050 qens=0.1065 pi=-0.511 a=0.0477 H=+2.60 (339.6s) [pos_err_exceeded:39|joint_limit:33|max_steps:17|self_collision:5]
[  160/1500] buf=16416 R=0.367 len= 44.2/139.9 succ=0.11 q=0.1217 qens=0.1207 pi=-0.638 a=0.0476 H=+2.72 (360.8s) [pos_err_exceeded:41|joint_limit:34|max_steps:11|self_collision:7]
[  170/1500] buf=17376 R=0.403 len= 46.3/133.4 succ=0.17 q=0.0946 qens=0.0952 pi=-0.445 a=0.0475 H=+2.69 (381.7s) [joint_limit:39|pos_err_exceeded:36|max_steps:16|self_collision:5]
[  180/1500] buf=18336 R=0.457 len= 60.9/135.1 succ=0.16 q=0.0985 qens=0.1027 pi=-0.540 a=0.0473 H=+2.73 (402.5s) [pos_err_exceeded:38|joint_limit:31|max_steps:15|self_collision:8]
[  190/1500] buf=19296 R=0.375 len= 43.1/132.0 succ=0.17 q=0.1025 qens=0.1087 pi=-0.500 a=0.0472 H=+2.57 (423.6s) [joint_limit:40|pos_err_exceeded:36|max_steps:16|self_collision:3]
[  200/1500] buf=20256 R=0.485 len= 58.1/137.0 succ=0.24 q=0.1079 qens=0.1064 pi=-0.533 a=0.0470 H=+2.61 (444.9s) [pos_err_exceeded:39|joint_limit:30|max_steps:23|self_collision:3]
[  210/1500] buf=21216 R=0.420 len= 51.5/142.8 succ=0.19 q=0.1010 qens=0.1013 pi=-0.457 a=0.0469 H=+2.67 (465.8s) [joint_limit:34|pos_err_exceeded:31|max_steps:18|self_collision:12]
[  220/1500] buf=22176 R=0.483 len= 63.4/141.9 succ=0.20 q=0.1082 qens=0.1082 pi=-0.521 a=0.0467 H=+2.73 (486.7s) [pos_err_exceeded:46|joint_limit:21|max_steps:19|self_collision:8]
[  230/1500] buf=23136 R=0.405 len= 52.7/146.6 succ=0.18 q=0.1111 qens=0.1158 pi=-0.575 a=0.0466 H=+2.67 (507.9s) [pos_err_exceeded:36|joint_limit:31|max_steps:17|self_collision:9]
[  240/1500] buf=24096 R=0.442 len= 50.4/137.2 succ=0.19 q=0.0954 qens=0.0946 pi=-0.456 a=0.0465 H=+2.63 (528.9s) [joint_limit:37|pos_err_exceeded:32|max_steps:18|self_collision:9]
[  250/1500] buf=25056 R=0.373 len= 46.1/138.8 succ=0.12 q=0.1134 qens=0.1157 pi=-0.513 a=0.0463 H=+2.63 (549.7s) [pos_err_exceeded:37|joint_limit:33|self_collision:12|max_steps:12]
[  260/1500] buf=26016 R=0.428 len= 52.7/138.8 succ=0.17 q=0.0927 qens=0.0964 pi=-0.537 a=0.0462 H=+2.73 (571.0s) [pos_err_exceeded:35|joint_limit:31|max_steps:16|self_collision:12]
[  270/1500] buf=26976 R=0.425 len= 57.2/146.7 succ=0.21 q=0.1015 qens=0.1054 pi=-0.531 a=0.0460 H=+2.71 (591.9s) [joint_limit:42|pos_err_exceeded:26|max_steps:20|self_collision:7]
[  280/1500] buf=27936 R=0.430 len= 52.6/134.3 succ=0.24 q=0.0968 qens=0.0968 pi=-0.558 a=0.0459 H=+2.66 (612.7s) [joint_limit:36|pos_err_exceeded:29|max_steps:23|self_collision:7]
[  290/1500] buf=28896 R=0.368 len= 44.2/143.2 succ=0.16 q=0.1084 qens=0.1099 pi=-0.501 a=0.0458 H=+2.71 (633.5s) [pos_err_exceeded:39|joint_limit:37|max_steps:15|self_collision:4]
[  300/1500] buf=29856 R=0.433 len= 56.4/138.2 succ=0.20 q=0.1013 qens=0.1079 pi=-0.550 a=0.0456 H=+2.66 (654.7s) [pos_err_exceeded:34|joint_limit:28|max_steps:19|self_collision:12]
[  310/1500] buf=30816 R=0.412 len= 49.9/142.2 succ=0.22 q=0.0966 qens=0.0967 pi=-0.510 a=0.0455 H=+2.65 (675.8s) [joint_limit:36|pos_err_exceeded:32|max_steps:21|self_collision:5]
[  320/1500] buf=31776 R=0.457 len= 60.0/141.8 succ=0.21 q=0.1075 qens=0.1104 pi=-0.486 a=0.0453 H=+2.73 (696.8s) [pos_err_exceeded:47|joint_limit:22|max_steps:20|self_collision:4]
[  330/1500] buf=32736 R=0.439 len= 52.7/135.8 succ=0.18 q=0.1134 qens=0.1133 pi=-0.552 a=0.0452 H=+2.72 (718.0s) [pos_err_exceeded:37|joint_limit:27|max_steps:17|self_collision:14]
[  340/1500] buf=33696 R=0.391 len= 50.6/140.7 succ=0.11 q=0.1111 qens=0.1132 pi=-0.538 a=0.0451 H=+2.71 (739.3s) [pos_err_exceeded:46|joint_limit:27|max_steps:11|self_collision:9]
[  350/1500] buf=34656 R=0.426 len= 52.6/138.5 succ=0.16 q=0.1125 qens=0.1096 pi=-0.441 a=0.0449 H=+2.68 (760.5s) [pos_err_exceeded:39|joint_limit:33|max_steps:15|self_collision:7]
[  360/1500] buf=35616 R=0.427 len= 59.2/146.8 succ=0.22 q=0.0912 qens=0.0935 pi=-0.457 a=0.0448 H=+2.74 (781.7s) [pos_err_exceeded:42|joint_limit:25|max_steps:21|self_collision:8]
[  370/1500] buf=36576 R=0.394 len= 50.4/143.0 succ=0.12 q=0.1030 qens=0.1069 pi=-0.505 a=0.0447 H=+2.68 (802.8s) [joint_limit:41|pos_err_exceeded:34|max_steps:12|self_collision:6]
[  380/1500] buf=37536 R=0.393 len= 52.2/140.5 succ=0.12 q=0.1027 qens=0.1021 pi=-0.568 a=0.0445 H=+2.73 (824.2s) [pos_err_exceeded:40|joint_limit:36|max_steps:12|self_collision:5]
[  390/1500] buf=38496 R=0.365 len= 45.5/136.8 succ=0.14 q=0.0933 qens=0.0985 pi=-0.491 a=0.0444 H=+2.70 (845.2s) [pos_err_exceeded:42|joint_limit:33|max_steps:13|self_collision:8]
[  400/1500] buf=39456 R=0.452 len= 53.6/139.5 succ=0.18 q=0.0957 qens=0.0933 pi=-0.494 a=0.0443 H=+2.68 (866.5s) [joint_limit:41|pos_err_exceeded:31|max_steps:17|self_collision:5]
[  410/1500] buf=40416 R=0.462 len= 59.3/142.9 succ=0.24 q=0.0924 qens=0.0976 pi=-0.511 a=0.0441 H=+2.75 (887.9s) [pos_err_exceeded:34|joint_limit:32|max_steps:23|self_collision:4]
[  420/1500] buf=41376 R=0.445 len= 54.7/141.8 succ=0.22 q=0.0991 qens=0.1004 pi=-0.519 a=0.0440 H=+2.71 (909.1s) [pos_err_exceeded:41|joint_limit:25|max_steps:21|self_collision:7]
[  430/1500] buf=42336 R=0.421 len= 53.3/141.4 succ=0.16 q=0.1029 qens=0.1123 pi=-0.499 a=0.0439 H=+2.71 (930.2s) [pos_err_exceeded:39|joint_limit:34|max_steps:15|self_collision:7]
[  440/1500] buf=43296 R=0.517 len= 57.0/138.7 succ=0.33 q=0.1040 qens=0.1029 pi=-0.499 a=0.0437 H=+2.65 (951.1s) [max_steps:32|pos_err_exceeded:28|joint_limit:21|self_collision:11]
[  450/1500] buf=44256 R=0.439 len= 51.4/136.6 succ=0.23 q=0.1008 qens=0.1024 pi=-0.469 a=0.0436 H=+2.67 (972.2s) [pos_err_exceeded:36|joint_limit:33|max_steps:22|self_collision:4]
[  460/1500] buf=45216 R=0.392 len= 55.1/143.6 succ=0.14 q=0.1155 qens=0.1242 pi=-0.667 a=0.0435 H=+2.68 (993.3s) [pos_err_exceeded:46|joint_limit:28|max_steps:13|self_collision:9]
[  470/1500] buf=46176 R=0.451 len= 59.1/144.9 succ=0.23 q=0.1004 qens=0.0972 pi=-0.560 a=0.0433 H=+2.68 (1015.0s) [pos_err_exceeded:39|joint_limit:25|max_steps:22|self_collision:9]
[  480/1500] buf=47136 R=0.500 len= 59.2/125.5 succ=0.24 q=0.1014 qens=0.1046 pi=-0.536 a=0.0432 H=+2.68 (1036.1s) [pos_err_exceeded:39|joint_limit:32|max_steps:23|self_collision:1]
[  490/1500] buf=48096 R=0.445 len= 60.5/152.0 succ=0.21 q=0.1000 qens=0.1060 pi=-0.483 a=0.0431 H=+2.66 (1057.4s) [pos_err_exceeded:37|joint_limit:27|max_steps:20|self_collision:10]
[  500/1500] buf=49056 R=0.444 len= 55.9/137.1 succ=0.24 q=0.1035 qens=0.1079 pi=-0.512 a=0.0430 H=+2.74 (1078.7s) [joint_limit:32|pos_err_exceeded:28|max_steps:23|self_collision:10]
[  510/1500] buf=50016 R=0.406 len= 53.4/138.9 succ=0.14 q=0.0904 qens=0.0948 pi=-0.464 a=0.0428 H=+2.68 (1100.0s) [joint_limit:42|pos_err_exceeded:37|max_steps:13|self_collision:3]
[  520/1500] buf=50976 R=0.422 len= 51.9/140.1 succ=0.19 q=0.1018 qens=0.1038 pi=-0.472 a=0.0427 H=+2.69 (1121.3s) [pos_err_exceeded:35|joint_limit:29|max_steps:18|self_collision:13]
[  530/1500] buf=51936 R=0.382 len= 50.2/144.6 succ=0.18 q=0.0952 qens=0.0950 pi=-0.457 a=0.0426 H=+2.60 (1142.3s) [pos_err_exceeded:36|joint_limit:32|max_steps:17|self_collision:10]
[  540/1500] buf=52896 R=0.383 len= 47.3/142.5 succ=0.16 q=0.1069 qens=0.1078 pi=-0.541 a=0.0424 H=+2.68 (1163.4s) [pos_err_exceeded:36|joint_limit:32|max_steps:15|self_collision:10]
[  550/1500] buf=53856 R=0.442 len= 54.1/135.1 succ=0.22 q=0.0837 qens=0.0878 pi=-0.517 a=0.0423 H=+2.62 (1184.3s) [pos_err_exceeded:34|joint_limit:32|max_steps:21|self_collision:6]
[  560/1500] buf=54816 R=0.475 len= 61.5/150.2 succ=0.16 q=0.0944 qens=0.0985 pi=-0.505 a=0.0422 H=+2.64 (1205.7s) [pos_err_exceeded:42|joint_limit:27|max_steps:15|self_collision:10]
[  570/1500] buf=55776 R=0.394 len= 48.0/141.2 succ=0.17 q=0.0984 qens=0.1057 pi=-0.483 a=0.0421 H=+2.64 (1226.9s) [pos_err_exceeded:39|joint_limit:30|max_steps:16|self_collision:9]
[  580/1500] buf=56736 R=0.421 len= 48.9/130.5 succ=0.21 q=0.0963 qens=0.0957 pi=-0.525 a=0.0419 H=+2.62 (1248.2s) [joint_limit:32|pos_err_exceeded:28|max_steps:20|self_collision:14]
[  590/1500] buf=57696 R=0.375 len= 49.5/138.3 succ=0.15 q=0.0922 qens=0.0964 pi=-0.578 a=0.0418 H=+2.55 (1269.3s) [joint_limit:38|pos_err_exceeded:30|max_steps:14|self_collision:11]
[  600/1500] buf=58656 R=0.408 len= 54.2/139.9 succ=0.17 q=0.1212 qens=0.1197 pi=-0.501 a=0.0417 H=+2.64 (1290.7s) [joint_limit:35|pos_err_exceeded:33|max_steps:16|self_collision:10]
[  610/1500] buf=59616 R=0.389 len= 47.5/141.5 succ=0.17 q=0.0947 qens=0.0949 pi=-0.472 a=0.0416 H=+2.54 (1311.5s) [pos_err_exceeded:40|joint_limit:29|max_steps:16|self_collision:7]
[  620/1500] buf=60576 R=0.448 len= 50.3/134.1 succ=0.25 q=0.1053 qens=0.1125 pi=-0.479 a=0.0414 H=+2.60 (1333.0s) [pos_err_exceeded:31|joint_limit:31|max_steps:24|self_collision:7]
[  630/1500] buf=61536 R=0.437 len= 57.0/143.8 succ=0.21 q=0.1032 qens=0.1044 pi=-0.439 a=0.0413 H=+2.63 (1354.2s) [pos_err_exceeded:41|joint_limit:25|max_steps:20|self_collision:8]
[  640/1500] buf=62496 R=0.433 len= 49.5/137.0 succ=0.21 q=0.0978 qens=0.0946 pi=-0.516 a=0.0412 H=+2.48 (1374.9s) [pos_err_exceeded:38|joint_limit:24|max_steps:20|self_collision:10]
[  650/1500] buf=63456 R=0.363 len= 50.1/140.4 succ=0.11 q=0.0976 qens=0.1044 pi=-0.479 a=0.0411 H=+2.56 (1396.1s) [pos_err_exceeded:35|joint_limit:34|self_collision:14|max_steps:11]
[  660/1500] buf=64416 R=0.463 len= 59.5/139.8 succ=0.22 q=0.1001 qens=0.1043 pi=-0.510 a=0.0409 H=+2.50 (1417.3s) [joint_limit:33|pos_err_exceeded:31|max_steps:21|self_collision:11]
[  670/1500] buf=65376 R=0.412 len= 51.8/142.5 succ=0.17 q=0.1029 qens=0.1077 pi=-0.516 a=0.0408 H=+2.51 (1438.4s) [pos_err_exceeded:39|joint_limit:31|max_steps:16|self_collision:9]
[  680/1500] buf=66336 R=0.391 len= 47.8/139.4 succ=0.11 q=0.0809 qens=0.0852 pi=-0.496 a=0.0407 H=+2.63 (1459.7s) [pos_err_exceeded:42|joint_limit:33|max_steps:11|self_collision:8]
[  690/1500] buf=67296 R=0.399 len= 53.6/149.9 succ=0.21 q=0.1027 qens=0.1050 pi=-0.450 a=0.0406 H=+2.64 (1481.2s) [joint_limit:34|pos_err_exceeded:31|max_steps:20|self_collision:10]
[  700/1500] buf=68256 R=0.449 len= 56.5/141.2 succ=0.20 q=0.1023 qens=0.1057 pi=-0.578 a=0.0405 H=+2.65 (1503.0s) [pos_err_exceeded:41|joint_limit:31|max_steps:19|self_collision:3]
[  710/1500] buf=69216 R=0.476 len= 59.4/141.0 succ=0.22 q=0.1023 qens=0.1050 pi=-0.510 a=0.0403 H=+2.55 (1524.8s) [pos_err_exceeded:38|joint_limit:27|max_steps:21|self_collision:7]
[  720/1500] buf=70176 R=0.450 len= 53.9/131.7 succ=0.24 q=0.0938 qens=0.0970 pi=-0.492 a=0.0402 H=+2.64 (1546.9s) [joint_limit:39|pos_err_exceeded:26|max_steps:23|self_collision:6]
[  730/1500] buf=71136 R=0.462 len= 59.5/139.8 succ=0.23 q=0.0939 qens=0.0917 pi=-0.556 a=0.0401 H=+2.60 (1569.1s) [joint_limit:33|pos_err_exceeded:29|max_steps:22|self_collision:10]
[  740/1500] buf=72096 R=0.481 len= 53.4/132.0 succ=0.24 q=0.0971 qens=0.0965 pi=-0.452 a=0.0400 H=+2.39 (1590.9s) [pos_err_exceeded:34|joint_limit:26|max_steps:23|self_collision:10]
[  750/1500] buf=73056 R=0.423 len= 48.6/127.3 succ=0.17 q=0.0959 qens=0.0988 pi=-0.533 a=0.0399 H=+2.56 (1613.1s) [pos_err_exceeded:39|joint_limit:29|max_steps:16|self_collision:10]
[  760/1500] buf=74016 R=0.429 len= 56.1/147.1 succ=0.18 q=0.0957 qens=0.0998 pi=-0.476 a=0.0397 H=+2.64 (1635.2s) [pos_err_exceeded:39|joint_limit:29|max_steps:17|self_collision:9]
[  770/1500] buf=74976 R=0.428 len= 54.0/140.1 succ=0.19 q=0.0949 qens=0.1016 pi=-0.437 a=0.0396 H=+2.64 (1657.0s) [pos_err_exceeded:35|joint_limit:31|max_steps:18|self_collision:8]
[  780/1500] buf=75936 R=0.434 len= 49.5/139.0 succ=0.17 q=0.0867 qens=0.0932 pi=-0.526 a=0.0395 H=+2.57 (1678.9s) [pos_err_exceeded:38|joint_limit:36|max_steps:16|self_collision:6]
[  790/1500] buf=76896 R=0.406 len= 46.9/135.5 succ=0.21 q=0.0892 qens=0.0960 pi=-0.540 a=0.0394 H=+2.58 (1700.6s) [pos_err_exceeded:34|joint_limit:33|max_steps:20|self_collision:6]
[  800/1500] buf=77856 R=0.472 len= 55.3/139.0 succ=0.21 q=0.0969 qens=0.0996 pi=-0.515 a=0.0393 H=+2.57 (1722.2s) [pos_err_exceeded:37|joint_limit:25|max_steps:20|self_collision:12]
[  810/1500] buf=78816 R=0.434 len= 53.0/134.8 succ=0.18 q=0.0860 qens=0.0932 pi=-0.452 a=0.0392 H=+2.55 (1744.5s) [pos_err_exceeded:36|joint_limit:32|max_steps:17|self_collision:11]
[  820/1500] buf=79776 R=0.417 len= 52.5/140.5 succ=0.17 q=0.0935 qens=0.0975 pi=-0.524 a=0.0390 H=+2.52 (1766.4s) [pos_err_exceeded:40|joint_limit:29|max_steps:16|self_collision:8]
[  830/1500] buf=80736 R=0.449 len= 55.5/137.7 succ=0.24 q=0.0903 qens=0.0928 pi=-0.552 a=0.0389 H=+2.55 (1788.2s) [pos_err_exceeded:40|joint_limit:25|max_steps:23|self_collision:5]
[  840/1500] buf=81696 R=0.440 len= 54.4/142.6 succ=0.16 q=0.0805 qens=0.0835 pi=-0.543 a=0.0388 H=+2.59 (1810.4s) [pos_err_exceeded:38|joint_limit:34|max_steps:15|self_collision:9]
[  850/1500] buf=82656 R=0.478 len= 57.5/137.8 succ=0.26 q=0.0902 qens=0.0975 pi=-0.479 a=0.0387 H=+2.61 (1832.7s) [joint_limit:37|max_steps:25|pos_err_exceeded:25|self_collision:7]
[  860/1500] buf=83616 R=0.459 len= 58.8/141.9 succ=0.25 q=0.0957 qens=0.1064 pi=-0.473 a=0.0386 H=+2.53 (1854.8s) [pos_err_exceeded:35|max_steps:24|joint_limit:24|self_collision:10]
[  870/1500] buf=84576 R=0.437 len= 53.3/134.5 succ=0.20 q=0.0977 qens=0.0969 pi=-0.485 a=0.0385 H=+2.53 (1876.9s) [pos_err_exceeded:37|joint_limit:29|max_steps:19|self_collision:6]
[  880/1500] buf=85536 R=0.467 len= 60.8/143.1 succ=0.18 q=0.0944 qens=0.1018 pi=-0.511 a=0.0384 H=+2.53 (1899.3s) [pos_err_exceeded:42|joint_limit:31|max_steps:17|self_collision:3]
[  890/1500] buf=86496 R=0.383 len= 51.3/153.4 succ=0.17 q=0.0805 qens=0.0853 pi=-0.529 a=0.0382 H=+2.53 (1921.5s) [pos_err_exceeded:41|joint_limit:31|max_steps:16|self_collision:6]
[  900/1500] buf=87456 R=0.445 len= 54.3/141.9 succ=0.24 q=0.0946 qens=0.1016 pi=-0.480 a=0.0381 H=+2.54 (1943.5s) [pos_err_exceeded:36|joint_limit:27|max_steps:23|self_collision:7]
[  910/1500] buf=88416 R=0.434 len= 54.1/137.4 succ=0.18 q=0.0918 qens=0.0978 pi=-0.554 a=0.0380 H=+2.58 (1965.6s) [joint_limit:35|pos_err_exceeded:34|max_steps:17|self_collision:6]
[  920/1500] buf=89376 R=0.408 len= 50.8/143.8 succ=0.21 q=0.0850 qens=0.0893 pi=-0.493 a=0.0379 H=+2.51 (1987.8s) [pos_err_exceeded:41|joint_limit:30|max_steps:20|self_collision:3]
[  930/1500] buf=90336 R=0.429 len= 49.3/135.0 succ=0.20 q=0.0880 qens=0.0919 pi=-0.512 a=0.0378 H=+2.58 (2009.8s) [pos_err_exceeded:41|joint_limit:27|max_steps:19|self_collision:9]
[  940/1500] buf=91296 R=0.467 len= 60.7/144.4 succ=0.23 q=0.0848 qens=0.0894 pi=-0.460 a=0.0377 H=+2.58 (2031.5s) [pos_err_exceeded:38|joint_limit:28|max_steps:22|self_collision:6]
[  950/1500] buf=92256 R=0.437 len= 58.2/147.1 succ=0.16 q=0.0890 qens=0.0948 pi=-0.447 a=0.0376 H=+2.58 (2053.4s) [pos_err_exceeded:42|joint_limit:27|max_steps:15|self_collision:11]
[  960/1500] buf=93216 R=0.482 len= 54.7/131.4 succ=0.23 q=0.0959 qens=0.1032 pi=-0.469 a=0.0375 H=+2.53 (2075.3s) [pos_err_exceeded:41|joint_limit:26|max_steps:22|self_collision:7]
[  970/1500] buf=94176 R=0.422 len= 52.8/137.0 succ=0.17 q=0.0977 qens=0.1033 pi=-0.484 a=0.0373 H=+2.50 (2097.4s) [joint_limit:41|pos_err_exceeded:32|max_steps:16|self_collision:5]
[  980/1500] buf=95136 R=0.507 len= 66.3/137.1 succ=0.24 q=0.0860 qens=0.0917 pi=-0.564 a=0.0372 H=+2.58 (2119.1s) [pos_err_exceeded:33|joint_limit:29|max_steps:23|self_collision:7]
[  990/1500] buf=96096 R=0.454 len= 55.2/141.7 succ=0.21 q=0.0865 qens=0.0889 pi=-0.468 a=0.0371 H=+2.61 (2141.0s) [pos_err_exceeded:37|joint_limit:30|max_steps:20|self_collision:9]
[ 1000/1500] buf=97056 R=0.371 len= 49.5/142.8 succ=0.11 q=0.0831 qens=0.0872 pi=-0.512 a=0.0370 H=+2.53 (2163.1s) [pos_err_exceeded:41|joint_limit:31|max_steps:11|self_collision:10]
[ 1010/1500] buf=98016 R=0.400 len= 52.0/147.4 succ=0.17 q=0.0863 qens=0.0898 pi=-0.510 a=0.0369 H=+2.59 (2185.1s) [pos_err_exceeded:33|joint_limit:30|max_steps:16|self_collision:15]
[ 1020/1500] buf=98976 R=0.463 len= 52.8/127.8 succ=0.18 q=0.0837 qens=0.0913 pi=-0.478 a=0.0368 H=+2.56 (2206.8s) [pos_err_exceeded:42|joint_limit:29|max_steps:17|self_collision:7]
[ 1030/1500] buf=99936 R=0.402 len= 54.3/140.4 succ=0.14 q=0.0730 qens=0.0774 pi=-0.472 a=0.0367 H=+2.54 (2228.7s) [joint_limit:35|pos_err_exceeded:34|max_steps:13|self_collision:12]
[ 1040/1500] buf=100000 R=0.518 len= 61.3/133.9 succ=0.26 q=0.0919 qens=0.1009 pi=-0.481 a=0.0366 H=+2.52 (2250.7s) [pos_err_exceeded:37|max_steps:25|joint_limit:24|self_collision:7]
[ 1050/1500] buf=100000 R=0.426 len= 57.7/148.4 succ=0.17 q=0.0886 qens=0.0906 pi=-0.461 a=0.0365 H=+2.55 (2272.5s) [pos_err_exceeded:39|joint_limit:28|max_steps:16|self_collision:11]
[ 1060/1500] buf=100000 R=0.532 len= 62.8/136.8 succ=0.26 q=0.0885 qens=0.0914 pi=-0.539 a=0.0364 H=+2.55 (2294.4s) [pos_err_exceeded:38|max_steps:25|joint_limit:24|self_collision:8]
[ 1070/1500] buf=100000 R=0.431 len= 53.2/132.5 succ=0.18 q=0.0800 qens=0.0843 pi=-0.500 a=0.0362 H=+2.56 (2316.5s) [pos_err_exceeded:34|joint_limit:33|max_steps:17|self_collision:7]
[ 1080/1500] buf=100000 R=0.453 len= 57.8/134.6 succ=0.23 q=0.0978 qens=0.1066 pi=-0.504 a=0.0361 H=+2.55 (2338.6s) [pos_err_exceeded:38|max_steps:22|joint_limit:21|self_collision:13]
[ 1090/1500] buf=100000 R=0.422 len= 55.1/134.6 succ=0.19 q=0.0819 qens=0.0879 pi=-0.531 a=0.0360 H=+2.53 (2360.6s) [pos_err_exceeded:36|joint_limit:25|max_steps:18|self_collision:11]
[ 1100/1500] buf=100000 R=0.456 len= 54.3/133.9 succ=0.22 q=0.0900 qens=0.0962 pi=-0.491 a=0.0359 H=+2.59 (2382.8s) [pos_err_exceeded:35|joint_limit:31|max_steps:21|self_collision:8]
[ 1110/1500] buf=100000 R=0.431 len= 60.5/151.2 succ=0.21 q=0.0926 qens=0.0999 pi=-0.493 a=0.0358 H=+2.53 (2404.9s) [pos_err_exceeded:41|joint_limit:26|max_steps:20|self_collision:7]
[ 1120/1500] buf=100000 R=0.442 len= 47.3/130.8 succ=0.19 q=0.0843 qens=0.0931 pi=-0.432 a=0.0357 H=+2.55 (2426.7s) [pos_err_exceeded:37|joint_limit:28|max_steps:18|self_collision:9]
[ 1130/1500] buf=100000 R=0.445 len= 52.8/132.8 succ=0.19 q=0.0950 qens=0.1010 pi=-0.485 a=0.0356 H=+2.40 (2448.6s) [pos_err_exceeded:37|joint_limit:32|max_steps:18|self_collision:7]
[ 1140/1500] buf=100000 R=0.503 len= 57.1/131.3 succ=0.25 q=0.0918 qens=0.0961 pi=-0.452 a=0.0355 H=+2.42 (2470.6s) [pos_err_exceeded:36|joint_limit:30|max_steps:24|self_collision:5]
[ 1150/1500] buf=100000 R=0.443 len= 59.5/140.1 succ=0.19 q=0.0806 qens=0.0887 pi=-0.471 a=0.0354 H=+2.55 (2492.6s) [joint_limit:34|pos_err_exceeded:33|max_steps:18|self_collision:9]
[ 1160/1500] buf=100000 R=0.466 len= 58.6/137.8 succ=0.20 q=0.0866 qens=0.0937 pi=-0.466 a=0.0353 H=+2.56 (2514.6s) [pos_err_exceeded:38|joint_limit:32|max_steps:19|self_collision:6]
[ 1170/1500] buf=100000 R=0.401 len= 52.8/147.1 succ=0.18 q=0.0713 qens=0.0789 pi=-0.537 a=0.0352 H=+2.54 (2536.5s) [pos_err_exceeded:39|joint_limit:28|max_steps:17|self_collision:11]
[ 1180/1500] buf=100000 R=0.381 len= 48.5/139.1 succ=0.16 q=0.0786 qens=0.0844 pi=-0.495 a=0.0351 H=+2.56 (2558.6s) [pos_err_exceeded:39|joint_limit:30|max_steps:15|self_collision:7]
[ 1190/1500] buf=100000 R=0.473 len= 53.7/132.3 succ=0.22 q=0.0717 qens=0.0837 pi=-0.417 a=0.0350 H=+2.45 (2581.0s) [pos_err_exceeded:41|joint_limit:27|max_steps:21|self_collision:7]
[ 1200/1500] buf=100000 R=0.500 len= 60.4/137.1 succ=0.26 q=0.0896 qens=0.0968 pi=-0.510 a=0.0349 H=+2.40 (2602.8s) [pos_err_exceeded:34|joint_limit:26|max_steps:25|self_collision:9]
[ 1210/1500] buf=100000 R=0.419 len= 56.5/145.7 succ=0.16 q=0.1002 qens=0.1087 pi=-0.551 a=0.0348 H=+2.47 (2624.5s) [pos_err_exceeded:44|joint_limit:31|max_steps:15|self_collision:5]
[ 1220/1500] buf=100000 R=0.442 len= 55.7/144.1 succ=0.23 q=0.0858 qens=0.0960 pi=-0.433 a=0.0347 H=+2.59 (2646.6s) [pos_err_exceeded:38|joint_limit:26|max_steps:22|self_collision:9]
[ 1230/1500] buf=100000 R=0.467 len= 65.8/146.7 succ=0.23 q=0.0942 qens=0.0982 pi=-0.525 a=0.0346 H=+2.43 (2668.5s) [pos_err_exceeded:39|joint_limit:26|max_steps:22|self_collision:8]
[ 1240/1500] buf=100000 R=0.473 len= 58.1/145.6 succ=0.21 q=0.0946 qens=0.1010 pi=-0.504 a=0.0345 H=+2.50 (2690.5s) [pos_err_exceeded:39|joint_limit:30|max_steps:20|self_collision:6]
[ 1250/1500] buf=100000 R=0.436 len= 55.3/145.2 succ=0.19 q=0.0843 qens=0.0909 pi=-0.476 a=0.0344 H=+2.46 (2712.8s) [pos_err_exceeded:38|joint_limit:35|max_steps:18|self_collision:4]
[ 1260/1500] buf=100000 R=0.500 len= 62.4/139.6 succ=0.24 q=0.0785 qens=0.0837 pi=-0.461 a=0.0343 H=+2.47 (2734.4s) [pos_err_exceeded:37|joint_limit:27|max_steps:23|self_collision:9]
[ 1270/1500] buf=100000 R=0.428 len= 54.0/142.5 succ=0.22 q=0.0770 qens=0.0871 pi=-0.487 a=0.0342 H=+2.47 (2756.9s) [pos_err_exceeded:37|joint_limit:29|max_steps:21|self_collision:7]
[ 1280/1500] buf=100000 R=0.444 len= 54.8/142.9 succ=0.25 q=0.0770 qens=0.0876 pi=-0.551 a=0.0341 H=+2.58 (2779.2s) [joint_limit:34|pos_err_exceeded:30|max_steps:24|self_collision:8]
[ 1290/1500] buf=100000 R=0.431 len= 52.4/140.6 succ=0.16 q=0.0792 qens=0.0817 pi=-0.534 a=0.0340 H=+2.50 (2800.3s) [pos_err_exceeded:41|joint_limit:27|max_steps:15|self_collision:9]
[ 1300/1500] buf=100000 R=0.496 len= 52.6/122.9 succ=0.30 q=0.0813 qens=0.0826 pi=-0.479 a=0.0339 H=+2.54 (2821.4s) [pos_err_exceeded:31|joint_limit:30|max_steps:29|self_collision:6]
[ 1310/1500] buf=100000 R=0.456 len= 59.5/144.5 succ=0.17 q=0.0894 qens=0.0934 pi=-0.473 a=0.0338 H=+2.45 (2842.8s) [pos_err_exceeded:41|joint_limit:28|max_steps:16|self_collision:9]
[ 1320/1500] buf=100000 R=0.427 len= 48.8/131.0 succ=0.14 q=0.0760 qens=0.0866 pi=-0.488 a=0.0337 H=+2.42 (2863.9s) [pos_err_exceeded:39|joint_limit:32|max_steps:13|self_collision:9]
[ 1330/1500] buf=100000 R=0.496 len= 64.8/137.5 succ=0.29 q=0.0784 qens=0.0843 pi=-0.480 a=0.0336 H=+2.34 (2885.1s) [pos_err_exceeded:40|max_steps:28|joint_limit:22|self_collision:4]
[ 1340/1500] buf=100000 R=0.434 len= 46.9/127.4 succ=0.21 q=0.0874 qens=0.0932 pi=-0.468 a=0.0335 H=+2.39 (2905.9s) [joint_limit:36|pos_err_exceeded:28|max_steps:20|self_collision:9]
[ 1350/1500] buf=100000 R=0.404 len= 49.8/137.9 succ=0.16 q=0.0764 qens=0.0852 pi=-0.474 a=0.0334 H=+2.47 (2927.1s) [pos_err_exceeded:47|joint_limit:29|max_steps:15|self_collision:3]
[ 1360/1500] buf=100000 R=0.378 len= 46.1/143.1 succ=0.18 q=0.0846 qens=0.0949 pi=-0.474 a=0.0333 H=+2.44 (2948.3s) [pos_err_exceeded:36|joint_limit:31|max_steps:17|self_collision:10]
[ 1370/1500] buf=100000 R=0.365 len= 45.7/145.5 succ=0.12 q=0.0850 qens=0.0912 pi=-0.472 a=0.0332 H=+2.38 (2969.5s) [joint_limit:43|pos_err_exceeded:28|max_steps:12|self_collision:10]
[ 1380/1500] buf=100000 R=0.389 len= 54.3/148.9 succ=0.16 q=0.0663 qens=0.0738 pi=-0.454 a=0.0331 H=+2.40 (2990.6s) [pos_err_exceeded:42|joint_limit:25|max_steps:15|self_collision:11]
[ 1390/1500] buf=100000 R=0.448 len= 51.3/131.5 succ=0.17 q=0.0774 qens=0.0838 pi=-0.532 a=0.0330 H=+2.38 (3011.6s) [pos_err_exceeded:41|joint_limit:31|max_steps:16|self_collision:5]
[ 1400/1500] buf=100000 R=0.439 len= 54.9/144.3 succ=0.19 q=0.0701 qens=0.0774 pi=-0.494 a=0.0329 H=+2.33 (3032.5s) [pos_err_exceeded:50|joint_limit:21|max_steps:18|self_collision:6]
[ 1410/1500] buf=100000 R=0.456 len= 58.7/140.6 succ=0.17 q=0.0740 qens=0.0799 pi=-0.544 a=0.0328 H=+2.44 (3053.8s) [pos_err_exceeded:37|joint_limit:34|max_steps:16|self_collision:8]
[ 1420/1500] buf=100000 R=0.487 len= 58.1/133.8 succ=0.27 q=0.0975 qens=0.1019 pi=-0.486 a=0.0327 H=+2.48 (3074.9s) [pos_err_exceeded:31|joint_limit:29|max_steps:26|self_collision:10]
[ 1430/1500] buf=100000 R=0.427 len= 55.4/136.8 succ=0.18 q=0.0776 qens=0.0874 pi=-0.482 a=0.0326 H=+2.27 (3096.2s) [pos_err_exceeded:38|joint_limit:31|max_steps:17|self_collision:7]
[ 1440/1500] buf=100000 R=0.451 len= 56.3/136.1 succ=0.20 q=0.0793 qens=0.0895 pi=-0.473 a=0.0325 H=+2.25 (3117.4s) [pos_err_exceeded:48|joint_limit:21|max_steps:19|self_collision:6]
[ 1450/1500] buf=100000 R=0.439 len= 58.8/152.3 succ=0.14 q=0.0731 qens=0.0809 pi=-0.471 a=0.0324 H=+2.32 (3138.4s) [pos_err_exceeded:37|joint_limit:35|max_steps:13|self_collision:10]
[ 1460/1500] buf=100000 R=0.431 len= 51.9/138.0 succ=0.22 q=0.0740 qens=0.0793 pi=-0.479 a=0.0323 H=+2.36 (3159.4s) [pos_err_exceeded:42|joint_limit:28|max_steps:21|self_collision:4]
[ 1470/1500] buf=100000 R=0.384 len= 49.8/137.0 succ=0.11 q=0.0787 qens=0.0869 pi=-0.496 a=0.0322 H=+2.28 (3180.6s) [pos_err_exceeded:43|joint_limit:28|max_steps:11|self_collision:9]
[ 1480/1500] buf=100000 R=0.518 len= 62.4/129.9 succ=0.25 q=0.0893 qens=0.0934 pi=-0.502 a=0.0321 H=+2.30 (3201.4s) [pos_err_exceeded:40|max_steps:24|joint_limit:20|self_collision:10]
[ 1490/1500] buf=100000 R=0.449 len= 55.3/141.2 succ=0.15 q=0.0593 qens=0.0668 pi=-0.466 a=0.0320 H=+2.39 (3222.5s) [pos_err_exceeded:41|joint_limit:30|max_steps:14|self_collision:8]
[ 1500/1500] buf=100000 R=0.419 len= 54.2/137.5 succ=0.18 q=0.0705 qens=0.0772 pi=-0.430 a=0.0319 H=+2.31 (3243.7s) [pos_err_exceeded:36|joint_limit:33|max_steps:17|self_collision:6]
