[CVT] database loaded from /home/lqin/one/one/robots/manipulators/franka/fr3/data
[    1/1000] R=0.216 len= 11.0/49.2 succ=0.12 pi=-0.151 V=0.584 H=+2.92 ec=0.050 KL=0.062* cf=0.36 (1.1s) [init_ik_fail:47|pos_err_exceeded:8|max_steps:8|joint_limit:1]
[   10/1000] R=0.495 len= 23.1/48.0 succ=0.44 pi=-0.149 V=0.355 H=+2.87 ec=0.049 KL=0.054* cf=0.39 (10.9s) [max_steps:28|init_ik_fail:28|pos_err_exceeded:8]
[   20/1000] R=0.478 len= 25.7/51.6 succ=0.33 pi=-0.212 V=0.197 H=+2.58 ec=0.048 KL=0.060* cf=0.12 (23.3s) [init_ik_fail:28|max_steps:21|pos_err_exceeded:10|joint_limit:4]
[   30/1000] R=0.578 len= 30.4/51.8 succ=0.42 pi=-0.017 V=0.142 H=+2.70 ec=0.048 KL=0.055* cf=0.12 (36.2s) [max_steps:27|init_ik_fail:19|pos_err_exceeded:10|self_collision:6]
[   40/1000] R=0.390 len= 19.3/51.5 succ=0.28 pi=-0.245 V=0.189 H=+3.15 ec=0.047 KL=0.052* cf=0.41 (49.4s) [init_ik_fail:31|max_steps:18|pos_err_exceeded:9|self_collision:5]
[   50/1000] R=0.612 len= 28.8/48.8 succ=0.48 pi=-0.373 V=0.243 H=+4.25 ec=0.046 KL=0.053* cf=0.26 (63.5s) [max_steps:31|init_ik_fail:20|pos_err_exceeded:8|self_collision:3]
[   60/1000] R=0.534 len= 22.6/45.8 succ=0.47 pi=-0.069 V=0.220 H=+4.10 ec=0.045 KL=0.059* cf=0.02 (77.7s) [max_steps:30|init_ik_fail:27|pos_err_exceeded:6|joint_limit:1]
[   70/1000] R=0.592 len= 29.5/50.6 succ=0.48 pi=+0.022 V=0.222 H=+3.54 ec=0.044 KL=0.096* cf=0.24 (91.4s) [max_steps:31|init_ik_fail:21|pos_err_exceeded:9|self_collision:3]
[   80/1000] R=0.689 len= 32.9/46.5 succ=0.58 pi=-0.257 V=0.167 H=+3.45 ec=0.044 KL=0.057* cf=0.03 (106.8s) [max_steps:37|init_ik_fail:15|pos_err_exceeded:7|self_collision:5]
[   90/1000] R=0.530 len= 24.8/49.8 succ=0.48 pi=-0.434 V=0.132 H=+3.74 ec=0.043 KL=0.051* cf=0.35 (121.2s) [max_steps:31|init_ik_fail:26|pos_err_exceeded:5|self_collision:1]
[  100/1000] R=0.648 len= 30.6/48.9 succ=0.58 pi=-0.056 V=0.211 H=+4.36 ec=0.042 KL=0.078* cf=0.23 (136.5s) [max_steps:37|init_ik_fail:19|pos_err_exceeded:6|self_collision:1]
[  110/1000] R=0.618 len= 30.1/50.8 succ=0.52 pi=-0.203 V=0.166 H=+4.52 ec=0.041 KL=0.052* cf=0.09 (151.5s) [max_steps:33|init_ik_fail:19|pos_err_exceeded:6|self_collision:5]
[  120/1000] R=0.669 len= 33.8/52.0 succ=0.58 pi=-0.069 V=0.170 H=+4.28 ec=0.040 KL=0.050* cf=0.21 (166.7s) [max_steps:37|init_ik_fail:16|pos_err_exceeded:8|self_collision:2]
[  130/1000] R=0.536 len= 26.3/50.7 succ=0.42 pi=-0.189 V=0.129 H=+5.29 ec=0.039 KL=0.051* cf=0.29 (182.0s) [max_steps:27|init_ik_fail:23|pos_err_exceeded:11|joint_limit:2]
[  140/1000] R=0.705 len= 34.6/50.8 succ=0.55 pi=-0.296 V=0.147 H=+5.10 ec=0.039 KL=0.053* cf=0.20 (198.1s) [max_steps:35|init_ik_fail:14|pos_err_exceeded:11|joint_limit:2]
[  150/1000] R=0.626 len= 31.5/54.8 succ=0.53 pi=-0.146 V=0.181 H=+5.57 ec=0.038 KL=0.063* cf=0.03 (213.7s) [max_steps:34|init_ik_fail:19|pos_err_exceeded:6|joint_limit:3]
[  160/1000] R=0.621 len= 31.0/50.1 succ=0.48 pi=-0.166 V=0.192 H=+6.01 ec=0.037 KL=0.057* cf=0.05 (228.2s) [max_steps:31|init_ik_fail:20|pos_err_exceeded:7|joint_limit:3]
[  170/1000] R=0.637 len= 28.8/47.9 succ=0.55 pi=-0.389 V=0.178 H=+5.89 ec=0.036 KL=0.060* cf=0.19 (242.9s) [max_steps:35|init_ik_fail:18|pos_err_exceeded:8|self_collision:2]
[  180/1000] R=0.742 len= 36.5/50.9 succ=0.56 pi=-0.268 V=0.096 H=+6.35 ec=0.035 KL=0.052* cf=0.41 (258.8s) [max_steps:36|pos_err_exceeded:13|init_ik_fail:7|joint_limit:5]
[  190/1000] R=0.637 len= 31.3/50.7 succ=0.52 pi=-0.271 V=0.107 H=+7.29 ec=0.035 KL=0.061* cf=0.32 (273.5s) [max_steps:33|init_ik_fail:14|pos_err_exceeded:11|self_collision:4]
[  200/1000] R=0.640 len= 31.9/51.1 succ=0.52 pi=-0.289 V=0.128 H=+7.18 ec=0.034 KL=0.067* cf=0.39 (289.0s) [max_steps:33|init_ik_fail:15|pos_err_exceeded:13|self_collision:2]
[  210/1000] R=0.724 len= 35.5/49.2 succ=0.61 pi=-0.113 V=0.095 H=+7.27 ec=0.033 KL=0.071* cf=0.47 (304.7s) [max_steps:39|init_ik_fail:13|pos_err_exceeded:10|self_collision:1]
[  220/1000] R=0.735 len= 37.4/50.4 succ=0.61 pi=-0.397 V=0.094 H=+7.43 ec=0.032 KL=0.053* cf=0.21 (321.2s) [max_steps:39|pos_err_exceeded:13|init_ik_fail:9|self_collision:2]
[  230/1000] R=0.742 len= 35.1/49.8 succ=0.59 pi=-0.251 V=0.119 H=+7.58 ec=0.031 KL=0.070* cf=0.08 (337.5s) [max_steps:38|init_ik_fail:11|pos_err_exceeded:11|self_collision:3]
[  240/1000] R=0.640 len= 32.1/52.2 succ=0.55 pi=-0.329 V=0.185 H=+9.03 ec=0.030 KL=0.070* cf=0.13 (353.0s) [max_steps:35|init_ik_fail:16|pos_err_exceeded:12|self_collision:1]
[  250/1000] R=0.693 len= 31.7/48.6 succ=0.55 pi=-0.166 V=0.129 H=+8.19 ec=0.030 KL=0.063* cf=0.41 (368.7s) [max_steps:35|pos_err_exceeded:13|init_ik_fail:8|self_collision:5]
[  260/1000] R=0.731 len= 36.5/50.6 succ=0.67 pi=-0.295 V=0.088 H=+8.70 ec=0.029 KL=0.069* cf=0.42 (384.1s) [max_steps:43|init_ik_fail:13|pos_err_exceeded:6|joint_limit:2]
[  270/1000] R=0.716 len= 36.2/50.7 succ=0.61 pi=-0.069 V=0.145 H=+9.00 ec=0.028 KL=0.053* cf=0.09 (400.1s) [max_steps:39|init_ik_fail:12|pos_err_exceeded:8|joint_limit:4]
[  280/1000] R=0.763 len= 37.1/49.6 succ=0.62 pi=-0.332 V=0.075 H=+9.20 ec=0.027 KL=0.072* cf=0.42 (416.6s) [max_steps:40|pos_err_exceeded:11|init_ik_fail:7|self_collision:5]
[  290/1000] R=0.714 len= 36.0/52.5 succ=0.55 pi=-0.382 V=0.131 H=+11.26 ec=0.026 KL=0.101* cf=0.20 (432.6s) [max_steps:35|pos_err_exceeded:13|init_ik_fail:12|joint_limit:2]
[  300/1000] R=0.717 len= 34.3/50.1 succ=0.56 pi=-0.527 V=0.086 H=+9.96 ec=0.026 KL=-0.029  cf=0.46 (448.7s) [max_steps:36|init_ik_fail:15|pos_err_exceeded:10|self_collision:2]
[  310/1000] R=0.754 len= 36.9/50.3 succ=0.61 pi=-0.327 V=0.147 H=+10.14 ec=0.025 KL=0.061* cf=0.14 (465.2s) [max_steps:39|init_ik_fail:9|pos_err_exceeded:8|self_collision:6]
[  320/1000] R=0.710 len= 37.2/53.5 succ=0.59 pi=-0.280 V=0.129 H=+10.67 ec=0.024 KL=0.091* cf=0.21 (481.4s) [max_steps:38|init_ik_fail:12|pos_err_exceeded:7|self_collision:6]
[  330/1000] R=0.702 len= 34.3/50.7 succ=0.58 pi=-0.387 V=0.088 H=+12.19 ec=0.023 KL=0.073* cf=0.26 (497.7s) [max_steps:37|init_ik_fail:12|pos_err_exceeded:9|self_collision:6]
[  340/1000] R=0.715 len= 33.4/49.2 succ=0.64 pi=-0.386 V=0.107 H=+11.40 ec=0.022 KL=0.062* cf=0.16 (513.5s) [max_steps:41|init_ik_fail:12|pos_err_exceeded:8|self_collision:2]
[  350/1000] R=0.730 len= 36.4/51.0 succ=0.47 pi=-0.163 V=0.075 H=+10.87 ec=0.021 KL=0.113* cf=0.14 (529.9s) [max_steps:30|pos_err_exceeded:16|init_ik_fail:8|self_collision:7]
[  360/1000] R=0.659 len= 34.1/54.1 succ=0.47 pi=-0.176 V=0.092 H=+10.39 ec=0.021 KL=0.068* cf=0.25 (546.6s) [max_steps:30|init_ik_fail:14|pos_err_exceeded:13|self_collision:5]
[  370/1000] R=0.819 len= 43.4/53.0 succ=0.66 pi=-0.256 V=0.089 H=+9.94 ec=0.020 KL=0.074* cf=0.07 (563.6s) [max_steps:42|pos_err_exceeded:11|init_ik_fail:5|joint_limit:3]
[  380/1000] R=0.820 len= 40.5/50.8 succ=0.64 pi=-0.294 V=0.080 H=+10.19 ec=0.019 KL=0.089* cf=0.19 (579.8s) [max_steps:41|pos_err_exceeded:13|init_ik_fail:5|self_collision:4]
[  390/1000] R=0.685 len= 37.3/55.5 succ=0.52 pi=-0.341 V=0.081 H=+10.31 ec=0.018 KL=0.089* cf=0.20 (596.4s) [max_steps:33|pos_err_exceeded:12|init_ik_fail:9|self_collision:7]
[  400/1000] R=0.772 len= 37.4/49.5 succ=0.62 pi=-0.321 V=0.104 H=+10.27 ec=0.017 KL=0.050* cf=0.11 (612.9s) [max_steps:40|init_ik_fail:9|pos_err_exceeded:6|self_collision:5]
[  410/1000] R=0.643 len= 30.2/48.9 succ=0.55 pi=-0.320 V=0.167 H=+10.95 ec=0.017 KL=0.095* cf=0.18 (629.1s) [max_steps:35|init_ik_fail:17|pos_err_exceeded:8|joint_limit:3]
[  420/1000] R=0.702 len= 34.3/49.8 succ=0.56 pi=-0.212 V=0.119 H=+10.95 ec=0.016 KL=0.069* cf=0.40 (645.4s) [max_steps:36|pos_err_exceeded:15|init_ik_fail:11|joint_limit:2]
[  430/1000] R=0.696 len= 34.0/51.9 succ=0.41 pi=-0.230 V=0.063 H=+11.24 ec=0.015 KL=0.071* cf=0.22 (661.6s) [max_steps:26|pos_err_exceeded:14|self_collision:11|init_ik_fail:10]
[  440/1000] R=0.744 len= 36.2/48.7 succ=0.58 pi=-0.064 V=0.108 H=+11.68 ec=0.014 KL=0.056* cf=0.19 (678.9s) [max_steps:37|pos_err_exceeded:13|init_ik_fail:7|self_collision:5]
[  450/1000] R=0.739 len= 38.9/52.6 succ=0.59 pi=-0.210 V=0.135 H=+11.84 ec=0.013 KL=0.065* cf=0.32 (694.9s) [max_steps:38|pos_err_exceeded:11|init_ik_fail:10|joint_limit:3]
[  460/1000] R=0.731 len= 33.9/47.0 succ=0.59 pi=-0.216 V=0.080 H=+11.72 ec=0.013 KL=0.053* cf=0.25 (711.0s) [max_steps:38|pos_err_exceeded:12|init_ik_fail:11|self_collision:2]
[  470/1000] R=0.743 len= 36.1/50.0 succ=0.59 pi=-0.472 V=0.129 H=+12.42 ec=0.012 KL=0.071* cf=0.18 (727.2s) [max_steps:38|pos_err_exceeded:10|init_ik_fail:8|self_collision:6]
[  480/1000] R=0.764 len= 37.6/50.4 succ=0.62 pi=-0.302 V=0.076 H=+11.84 ec=0.011 KL=0.071* cf=0.15 (743.9s) [max_steps:40|pos_err_exceeded:10|init_ik_fail:7|self_collision:4]
[  490/1000] R=0.672 len= 35.6/52.5 succ=0.50 pi=+0.033 V=0.116 H=+11.91 ec=0.010 KL=0.055* cf=0.19 (760.8s) [max_steps:32|pos_err_exceeded:16|init_ik_fail:10|self_collision:3]
[  500/1000] R=0.760 len= 36.0/47.8 succ=0.61 pi=-0.320 V=0.047 H=+11.99 ec=0.009 KL=0.036  cf=0.25 (777.2s) [max_steps:39|pos_err_exceeded:11|self_collision:7|init_ik_fail:6]
[  510/1000] R=0.605 len= 26.6/45.9 succ=0.45 pi=-0.160 V=0.130 H=+12.20 ec=0.008 KL=0.065* cf=0.00 (793.5s) [max_steps:29|init_ik_fail:18|pos_err_exceeded:11|self_collision:5]
[  520/1000] R=0.701 len= 33.8/50.3 succ=0.52 pi=+0.003 V=0.071 H=+12.85 ec=0.008 KL=0.071* cf=0.16 (810.1s) [max_steps:33|pos_err_exceeded:11|init_ik_fail:8|self_collision:7]
[  530/1000] R=0.718 len= 34.4/49.0 succ=0.58 pi=-0.203 V=0.123 H=+12.83 ec=0.007 KL=0.058* cf=0.23 (826.4s) [max_steps:37|init_ik_fail:12|pos_err_exceeded:9|self_collision:3]
[  540/1000] R=0.673 len= 32.2/49.1 succ=0.52 pi=-0.159 V=0.075 H=+12.62 ec=0.006 KL=0.046  cf=0.36 (842.8s) [max_steps:33|pos_err_exceeded:14|init_ik_fail:14|self_collision:3]
[  550/1000] R=0.701 len= 36.4/52.2 succ=0.50 pi=-0.080 V=0.090 H=+13.11 ec=0.005 KL=0.171* cf=0.24 (859.1s) [max_steps:32|init_ik_fail:13|pos_err_exceeded:9|self_collision:7]
[  560/1000] R=0.798 len= 40.9/50.6 succ=0.62 pi=-0.151 V=0.051 H=+12.01 ec=0.004 KL=0.061* cf=0.19 (875.9s) [max_steps:40|pos_err_exceeded:11|init_ik_fail:6|self_collision:5]
[  570/1000] R=0.749 len= 39.0/51.5 succ=0.53 pi=-0.102 V=0.077 H=+11.58 ec=0.004 KL=0.173* cf=0.12 (892.0s) [max_steps:34|pos_err_exceeded:12|init_ik_fail:8|self_collision:5]
[  580/1000] R=0.756 len= 36.9/50.3 succ=0.62 pi=-0.011 V=0.117 H=+11.69 ec=0.003 KL=0.102* cf=0.25 (908.5s) [max_steps:40|init_ik_fail:11|pos_err_exceeded:8|joint_limit:3]
[  590/1000] R=0.782 len= 34.3/46.3 succ=0.62 pi=-0.217 V=0.068 H=+11.49 ec=0.002 KL=0.090* cf=0.09 (924.6s) [max_steps:40|pos_err_exceeded:9|init_ik_fail:7|self_collision:5]
[  600/1000] R=0.762 len= 35.9/49.9 succ=0.67 pi=-0.019 V=0.105 H=+11.41 ec=0.001 KL=0.050* cf=0.18 (941.3s) [max_steps:43|init_ik_fail:9|pos_err_exceeded:8|self_collision:3]
[  610/1000] R=0.711 len= 33.4/47.5 succ=0.56 pi=-0.257 V=0.080 H=+11.26 ec=0.001 KL=0.097* cf=0.31 (957.7s) [max_steps:36|pos_err_exceeded:12|init_ik_fail:10|self_collision:3]
[  620/1000] R=0.728 len= 36.8/49.4 succ=0.58 pi=-0.071 V=0.107 H=+11.92 ec=0.001 KL=0.052* cf=0.05 (974.4s) [max_steps:37|init_ik_fail:10|pos_err_exceeded:10|self_collision:6]
[  630/1000] R=0.805 len= 38.9/48.3 succ=0.69 pi=-0.102 V=0.075 H=+11.70 ec=0.001 KL=0.071* cf=0.16 (990.2s) [max_steps:44|init_ik_fail:8|pos_err_exceeded:7|joint_limit:3]
[  640/1000] R=0.758 len= 37.7/49.8 succ=0.59 pi=-0.055 V=0.087 H=+11.99 ec=0.001 KL=0.184* cf=0.06 (1006.4s) [max_steps:38|pos_err_exceeded:12|init_ik_fail:9|self_collision:5]
[  650/1000] R=0.755 len= 33.4/47.6 succ=0.64 pi=+0.085 V=0.065 H=+11.59 ec=0.001 KL=0.238* cf=0.21 (1023.1s) [max_steps:41|init_ik_fail:11|pos_err_exceeded:9|joint_limit:2]
[  660/1000] R=0.623 len= 32.6/51.5 succ=0.47 pi=-0.171 V=0.083 H=+11.51 ec=0.001 KL=0.153* cf=0.10 (1039.7s) [max_steps:30|pos_err_exceeded:15|init_ik_fail:12|self_collision:4]
[  670/1000] R=0.807 len= 39.0/49.9 succ=0.59 pi=+0.134 V=0.087 H=+10.79 ec=0.001 KL=0.110* cf=0.06 (1055.3s) [max_steps:38|pos_err_exceeded:14|self_collision:6|init_ik_fail:5]
[  680/1000] R=0.690 len= 32.4/49.8 succ=0.55 pi=-0.058 V=0.096 H=+10.55 ec=0.001 KL=0.101* cf=0.21 (1071.9s) [max_steps:35|pos_err_exceeded:13|init_ik_fail:10|joint_limit:3]
[  690/1000] R=0.814 len= 37.0/45.9 succ=0.73 pi=-0.094 V=0.084 H=+10.91 ec=0.001 KL=0.057* cf=0.27 (1088.5s) [max_steps:47|init_ik_fail:7|pos_err_exceeded:7|self_collision:2]
[  700/1000] R=0.688 len= 37.2/52.7 succ=0.56 pi=+0.030 V=0.107 H=+10.29 ec=0.001 KL=0.120* cf=0.14 (1105.0s) [max_steps:36|init_ik_fail:11|self_collision:8|pos_err_exceeded:5]
[  710/1000] R=0.742 len= 34.5/47.5 succ=0.64 pi=-0.060 V=0.051 H=+10.07 ec=0.001 KL=0.055* cf=0.30 (1121.0s) [max_steps:41|pos_err_exceeded:10|init_ik_fail:9|self_collision:2]
[  720/1000] R=0.714 len= 35.1/50.5 succ=0.59 pi=-0.111 V=0.041 H=+10.91 ec=0.001 KL=0.084* cf=0.32 (1137.9s) [max_steps:38|init_ik_fail:12|pos_err_exceeded:5|joint_limit:5]
[  730/1000] R=0.736 len= 38.0/51.7 succ=0.61 pi=-0.045 V=0.119 H=+10.89 ec=0.001 KL=0.088* cf=0.11 (1153.8s) [max_steps:39|init_ik_fail:11|pos_err_exceeded:8|self_collision:4]
[  740/1000] R=0.738 len= 36.9/50.2 succ=0.61 pi=-0.055 V=0.031 H=+10.95 ec=0.001 KL=0.086* cf=0.35 (1170.0s) [max_steps:39|pos_err_exceeded:10|init_ik_fail:10|self_collision:4]
[  750/1000] R=0.717 len= 34.0/48.8 succ=0.55 pi=+0.082 V=0.087 H=+10.67 ec=0.001 KL=0.061* cf=0.08 (1186.4s) [max_steps:35|pos_err_exceeded:17|init_ik_fail:8|self_collision:2]
[  760/1000] R=0.673 len= 30.3/48.2 succ=0.50 pi=+0.103 V=0.077 H=+10.34 ec=0.001 KL=0.129* cf=0.39 (1201.9s) [max_steps:32|pos_err_exceeded:16|init_ik_fail:10|self_collision:6]
[  770/1000] R=0.718 len= 34.6/49.6 succ=0.56 pi=-0.078 V=0.123 H=+9.80 ec=0.001 KL=0.064* cf=0.17 (1217.8s) [max_steps:36|init_ik_fail:12|pos_err_exceeded:12|self_collision:3]
[  780/1000] R=0.776 len= 39.0/50.6 succ=0.59 pi=+0.155 V=0.072 H=+9.05 ec=0.001 KL=0.084* cf=0.05 (1234.7s) [max_steps:38|pos_err_exceeded:13|self_collision:7|init_ik_fail:5]
[  790/1000] R=0.718 len= 36.3/52.5 succ=0.53 pi=-0.078 V=0.047 H=+8.56 ec=0.001 KL=0.091* cf=0.20 (1251.0s) [max_steps:34|pos_err_exceeded:14|self_collision:7|init_ik_fail:6]
[  800/1000] R=0.746 len= 35.4/47.7 succ=0.66 pi=-0.084 V=0.112 H=+8.30 ec=0.001 KL=0.083* cf=0.27 (1267.3s) [max_steps:42|init_ik_fail:9|pos_err_exceeded:8|self_collision:3]
[  810/1000] R=0.758 len= 37.2/52.4 succ=0.58 pi=+0.059 V=0.076 H=+8.85 ec=0.001 KL=0.075* cf=0.12 (1284.1s) [max_steps:37|pos_err_exceeded:16|init_ik_fail:5|joint_limit:4]
[  820/1000] R=0.752 len= 38.4/51.7 succ=0.58 pi=-0.117 V=0.101 H=+8.94 ec=0.001 KL=0.063* cf=0.16 (1300.3s) [max_steps:37|pos_err_exceeded:15|init_ik_fail:6|self_collision:4]
[  830/1000] R=0.757 len= 32.3/43.6 succ=0.66 pi=+0.090 V=0.128 H=+10.19 ec=0.001 KL=0.055* cf=0.03 (1316.1s) [max_steps:42|init_ik_fail:13|self_collision:6|pos_err_exceeded:3]
[  840/1000] R=0.724 len= 34.5/49.2 succ=0.52 pi=-0.093 V=0.061 H=+10.34 ec=0.001 KL=0.056* cf=0.29 (1332.6s) [max_steps:33|self_collision:10|pos_err_exceeded:8|init_ik_fail:7]
[  850/1000] R=0.664 len= 34.8/52.4 succ=0.52 pi=+0.089 V=0.084 H=+10.55 ec=0.001 KL=0.095* cf=0.26 (1348.7s) [max_steps:33|init_ik_fail:13|pos_err_exceeded:10|self_collision:5]
[  860/1000] R=0.747 len= 38.2/51.0 succ=0.56 pi=+0.024 V=0.058 H=+9.55 ec=0.001 KL=0.126* cf=0.32 (1365.4s) [max_steps:36|pos_err_exceeded:13|init_ik_fail:8|self_collision:4]
[  870/1000] R=0.811 len= 41.4/51.7 succ=0.66 pi=-0.107 V=0.056 H=+9.08 ec=0.001 KL=0.063* cf=0.32 (1381.6s) [max_steps:42|pos_err_exceeded:10|init_ik_fail:7|self_collision:3]
[  880/1000] R=0.829 len= 42.2/51.8 succ=0.69 pi=+0.022 V=0.017 H=+9.20 ec=0.001 KL=0.230* cf=0.33 (1398.8s) [max_steps:44|pos_err_exceeded:8|init_ik_fail:6|self_collision:5]
[  890/1000] R=0.733 len= 34.4/48.6 succ=0.62 pi=-0.116 V=0.078 H=+9.23 ec=0.001 KL=0.112* cf=0.16 (1415.6s) [max_steps:40|init_ik_fail:9|pos_err_exceeded:8|joint_limit:4]
[  900/1000] R=0.816 len= 40.5/51.0 succ=0.66 pi=-0.153 V=0.057 H=+9.35 ec=0.001 KL=0.102* cf=0.31 (1432.4s) [max_steps:42|pos_err_exceeded:13|init_ik_fail:5|self_collision:3]
[  910/1000] R=0.682 len= 32.3/49.0 succ=0.55 pi=+0.186 V=0.072 H=+10.26 ec=0.001 KL=0.053* cf=0.36 (1449.0s) [max_steps:35|init_ik_fail:12|pos_err_exceeded:9|self_collision:6]
[  920/1000] R=0.764 len= 39.0/51.7 succ=0.61 pi=+0.105 V=0.060 H=+9.78 ec=0.001 KL=0.062* cf=0.16 (1465.3s) [max_steps:39|pos_err_exceeded:9|init_ik_fail:8|joint_limit:4]
[  930/1000] R=0.784 len= 39.4/51.6 succ=0.59 pi=+0.077 V=0.043 H=+9.35 ec=0.001 KL=0.051* cf=0.02 (1481.5s) [max_steps:38|pos_err_exceeded:14|init_ik_fail:5|self_collision:4]
[  940/1000] R=0.744 len= 31.1/43.5 succ=0.67 pi=+0.123 V=0.115 H=+8.80 ec=0.001 KL=0.071* cf=0.13 (1498.3s) [max_steps:43|init_ik_fail:12|pos_err_exceeded:6|joint_limit:2]
[  950/1000] R=0.715 len= 36.2/52.4 succ=0.58 pi=-0.095 V=0.061 H=+9.03 ec=0.001 KL=0.065* cf=0.11 (1515.4s) [max_steps:37|pos_err_exceeded:11|init_ik_fail:10|joint_limit:4]
[  960/1000] R=0.732 len= 39.0/54.9 succ=0.64 pi=+0.080 V=0.067 H=+9.00 ec=0.001 KL=0.092* cf=0.03 (1532.1s) [max_steps:41|init_ik_fail:12|pos_err_exceeded:7|self_collision:3]
[  970/1000] R=0.684 len= 33.5/51.6 succ=0.58 pi=-0.131 V=0.098 H=+9.46 ec=0.001 KL=0.051* cf=0.02 (1548.1s) [max_steps:37|init_ik_fail:12|pos_err_exceeded:9|self_collision:6]
[  980/1000] R=0.731 len= 34.8/48.7 succ=0.59 pi=+0.188 V=0.108 H=+8.49 ec=0.001 KL=0.124* cf=0.20 (1564.0s) [max_steps:38|init_ik_fail:12|pos_err_exceeded:7|joint_limit:5]
[  990/1000] R=0.793 len= 39.2/50.9 succ=0.61 pi=-0.083 V=0.032 H=+8.90 ec=0.001 KL=0.109* cf=0.23 (1580.5s) [max_steps:39|pos_err_exceeded:10|self_collision:7|joint_limit:5]
[ 1000/1000] R=0.739 len= 35.3/49.3 succ=0.58 pi=-0.007 V=0.053 H=+8.62 ec=0.001 KL=0.050* cf=0.09 (1597.1s) [max_steps:37|pos_err_exceeded:14|self_collision:6|init_ik_fail:5]
