[CVT] database loaded from /home/lqin/one/one/robots/manipulators/franka/fr3/data
[warmup] collecting 1024 rollouts before learning starts
[    1/1500] buf= 1152 R=0.322 len= 36.1/139.4 succ=0.11 q=0.1965 qens=0.1723 pi=-0.601 a=0.0500 H=+1.23 (15.7s) [pos_err_exceeded:46|joint_limit:30|max_steps:11|self_collision:8]
[   10/1500] buf= 2016 R=0.343 len= 40.4/133.2 succ=0.18 q=0.1079 qens=0.1117 pi=-0.394 a=0.0498 H=+2.06 (27.6s) [pos_err_exceeded:41|joint_limit:34|max_steps:17|init_ik_fail:2]
[   20/1500] buf= 2976 R=0.303 len= 36.1/134.7 succ=0.12 q=0.0859 qens=0.0918 pi=-0.433 a=0.0497 H=+2.24 (40.1s) [pos_err_exceeded:44|joint_limit:32|max_steps:12|self_collision:8]
[   30/1500] buf= 3936 R=0.257 len= 30.4/146.4 succ=0.08 q=0.0916 qens=0.0995 pi=-0.465 a=0.0495 H=+2.34 (53.1s) [pos_err_exceeded:50|joint_limit:29|max_steps:8|self_collision:7]
[   40/1500] buf= 4896 R=0.287 len= 32.5/129.9 succ=0.11 q=0.0939 qens=0.0912 pi=-0.389 a=0.0494 H=+2.70 (66.1s) [pos_err_exceeded:48|joint_limit:26|max_steps:11|self_collision:7]
[   50/1500] buf= 5856 R=0.378 len= 41.2/132.7 succ=0.19 q=0.0938 qens=0.0994 pi=-0.423 a=0.0492 H=+2.65 (78.6s) [pos_err_exceeded:50|joint_limit:24|max_steps:18|init_ik_fail:3]
[   60/1500] buf= 6816 R=0.325 len= 41.7/144.2 succ=0.11 q=0.1001 qens=0.1011 pi=-0.449 a=0.0491 H=+2.62 (91.2s) [pos_err_exceeded:53|joint_limit:26|max_steps:11|self_collision:6]
[   70/1500] buf= 7776 R=0.323 len= 41.7/145.8 succ=0.11 q=0.0958 qens=0.1016 pi=-0.468 a=0.0489 H=+2.65 (103.9s) [pos_err_exceeded:50|joint_limit:26|max_steps:11|self_collision:7]
[   80/1500] buf= 8736 R=0.345 len= 49.8/144.7 succ=0.12 q=0.0997 qens=0.1017 pi=-0.455 a=0.0488 H=+2.70 (116.7s) [pos_err_exceeded:49|joint_limit:22|self_collision:12|max_steps:12]
[   90/1500] buf= 9696 R=0.358 len= 37.7/126.7 succ=0.16 q=0.0962 qens=0.0956 pi=-0.415 a=0.0486 H=+2.75 (129.4s) [pos_err_exceeded:53|joint_limit:21|max_steps:15|self_collision:6]
[  100/1500] buf=10656 R=0.369 len= 42.6/136.4 succ=0.14 q=0.1048 qens=0.1064 pi=-0.430 a=0.0485 H=+2.71 (142.4s) [pos_err_exceeded:46|joint_limit:30|max_steps:13|self_collision:5]
[  110/1500] buf=11616 R=0.300 len= 43.1/145.0 succ=0.07 q=0.0996 qens=0.0981 pi=-0.502 a=0.0483 H=+2.70 (155.3s) [pos_err_exceeded:59|joint_limit:24|max_steps:7|self_collision:5]
[  120/1500] buf=12576 R=0.363 len= 50.0/146.4 succ=0.19 q=0.0894 qens=0.0916 pi=-0.367 a=0.0482 H=+2.71 (168.1s) [pos_err_exceeded:41|joint_limit:30|max_steps:18|self_collision:5]
[  130/1500] buf=13536 R=0.327 len= 40.1/141.7 succ=0.16 q=0.0978 qens=0.0988 pi=-0.488 a=0.0480 H=+2.71 (180.7s) [pos_err_exceeded:50|joint_limit:24|max_steps:15|self_collision:5]
[  140/1500] buf=14496 R=0.318 len= 37.5/138.3 succ=0.11 q=0.0869 qens=0.0886 pi=-0.478 a=0.0479 H=+2.65 (193.4s) [pos_err_exceeded:54|joint_limit:23|max_steps:11|self_collision:5]
[  150/1500] buf=15456 R=0.309 len= 40.0/144.0 succ=0.15 q=0.0944 qens=0.0951 pi=-0.490 a=0.0477 H=+2.65 (206.3s) [pos_err_exceeded:52|joint_limit:22|max_steps:14|self_collision:7]
[  160/1500] buf=16416 R=0.340 len= 42.9/139.2 succ=0.12 q=0.1068 qens=0.1107 pi=-0.496 a=0.0476 H=+2.74 (219.5s) [pos_err_exceeded:50|joint_limit:30|max_steps:12|self_collision:3]
[  170/1500] buf=17376 R=0.345 len= 42.3/136.7 succ=0.15 q=0.0957 qens=0.0931 pi=-0.458 a=0.0474 H=+2.71 (232.3s) [pos_err_exceeded:39|joint_limit:32|max_steps:14|self_collision:9]
[  180/1500] buf=18336 R=0.372 len= 49.0/140.5 succ=0.19 q=0.0805 qens=0.0802 pi=-0.402 a=0.0473 H=+2.72 (244.9s) [pos_err_exceeded:43|joint_limit:32|max_steps:18|self_collision:2]
[  190/1500] buf=19296 R=0.360 len= 39.7/128.8 succ=0.17 q=0.0873 qens=0.0877 pi=-0.414 a=0.0472 H=+2.71 (257.7s) [pos_err_exceeded:40|joint_limit:34|max_steps:16|init_ik_fail:3]
[  200/1500] buf=20256 R=0.304 len= 40.7/142.6 succ=0.12 q=0.1042 qens=0.1024 pi=-0.480 a=0.0470 H=+2.75 (269.9s) [pos_err_exceeded:52|joint_limit:30|max_steps:12|init_ik_fail:1]
[  210/1500] buf=21216 R=0.355 len= 47.5/144.3 succ=0.16 q=0.1081 qens=0.1034 pi=-0.413 a=0.0469 H=+2.69 (282.8s) [pos_err_exceeded:44|joint_limit:29|max_steps:15|self_collision:5]
[  220/1500] buf=22176 R=0.345 len= 41.6/136.2 succ=0.14 q=0.0898 qens=0.1002 pi=-0.509 a=0.0467 H=+2.71 (295.7s) [pos_err_exceeded:46|joint_limit:32|max_steps:13|self_collision:4]
[  230/1500] buf=23136 R=0.329 len= 37.7/131.3 succ=0.12 q=0.0996 qens=0.1035 pi=-0.507 a=0.0466 H=+2.65 (308.5s) [pos_err_exceeded:42|joint_limit:31|max_steps:12|self_collision:8]
[  240/1500] buf=24096 R=0.337 len= 37.0/133.2 succ=0.17 q=0.1058 qens=0.1046 pi=-0.527 a=0.0464 H=+2.70 (321.1s) [pos_err_exceeded:50|joint_limit:24|max_steps:16|self_collision:5]
[  250/1500] buf=25056 R=0.357 len= 37.1/129.2 succ=0.19 q=0.1092 qens=0.1060 pi=-0.418 a=0.0463 H=+2.66 (333.7s) [pos_err_exceeded:39|joint_limit:30|max_steps:18|self_collision:6]
[  260/1500] buf=26016 R=0.358 len= 41.8/137.0 succ=0.20 q=0.0954 qens=0.0958 pi=-0.462 a=0.0462 H=+2.70 (346.5s) [pos_err_exceeded:40|joint_limit:30|max_steps:19|self_collision:5]
[  270/1500] buf=26976 R=0.271 len= 33.2/141.6 succ=0.09 q=0.0948 qens=0.0951 pi=-0.442 a=0.0460 H=+2.66 (359.5s) [pos_err_exceeded:46|joint_limit:32|max_steps:9|self_collision:8]
[  280/1500] buf=27936 R=0.349 len= 42.1/141.9 succ=0.19 q=0.1062 qens=0.1115 pi=-0.420 a=0.0459 H=+2.61 (372.2s) [pos_err_exceeded:43|joint_limit:24|max_steps:18|self_collision:10]
[  290/1500] buf=28896 R=0.304 len= 37.5/136.6 succ=0.11 q=0.0871 qens=0.0872 pi=-0.430 a=0.0457 H=+2.67 (384.5s) [pos_err_exceeded:48|joint_limit:31|max_steps:11|self_collision:4]
[  300/1500] buf=29856 R=0.328 len= 43.0/152.2 succ=0.12 q=0.0964 qens=0.0949 pi=-0.418 a=0.0456 H=+2.73 (397.3s) [pos_err_exceeded:44|joint_limit:25|self_collision:12|max_steps:12]
[  310/1500] buf=30816 R=0.313 len= 38.4/143.6 succ=0.11 q=0.0913 qens=0.0898 pi=-0.409 a=0.0455 H=+2.74 (410.0s) [pos_err_exceeded:42|joint_limit:36|max_steps:11|self_collision:5]
[  320/1500] buf=31776 R=0.298 len= 37.4/146.0 succ=0.16 q=0.1040 qens=0.0994 pi=-0.369 a=0.0453 H=+2.67 (422.6s) [pos_err_exceeded:51|joint_limit:25|max_steps:15|self_collision:4]
[  330/1500] buf=32736 R=0.357 len= 41.5/137.2 succ=0.17 q=0.0937 qens=0.0966 pi=-0.465 a=0.0452 H=+2.68 (435.4s) [pos_err_exceeded:43|joint_limit:32|max_steps:16|self_collision:3]
[  340/1500] buf=33696 R=0.297 len= 33.4/142.3 succ=0.14 q=0.0964 qens=0.0946 pi=-0.439 a=0.0451 H=+2.68 (448.1s) [pos_err_exceeded:44|joint_limit:27|max_steps:13|self_collision:9]
[  350/1500] buf=34656 R=0.316 len= 39.4/145.0 succ=0.11 q=0.0982 qens=0.0960 pi=-0.397 a=0.0449 H=+2.74 (460.6s) [pos_err_exceeded:47|joint_limit:27|max_steps:11|self_collision:9]
[  360/1500] buf=35616 R=0.348 len= 42.6/142.1 succ=0.19 q=0.0862 qens=0.0844 pi=-0.370 a=0.0448 H=+2.75 (473.2s) [pos_err_exceeded:54|max_steps:18|joint_limit:16|self_collision:6]
[  370/1500] buf=36576 R=0.308 len= 35.2/143.8 succ=0.14 q=0.0995 qens=0.1013 pi=-0.428 a=0.0447 H=+2.69 (485.6s) [pos_err_exceeded:56|joint_limit:21|max_steps:13|self_collision:5]
[  380/1500] buf=37536 R=0.312 len= 37.0/138.2 succ=0.11 q=0.0975 qens=0.1000 pi=-0.446 a=0.0445 H=+2.73 (498.6s) [pos_err_exceeded:42|joint_limit:34|max_steps:11|self_collision:6]
[  390/1500] buf=38496 R=0.289 len= 36.3/143.0 succ=0.10 q=0.1089 qens=0.1094 pi=-0.401 a=0.0444 H=+2.73 (511.3s) [pos_err_exceeded:47|joint_limit:30|max_steps:10|self_collision:6]
[  400/1500] buf=39456 R=0.264 len= 36.1/150.6 succ=0.08 q=0.0818 qens=0.0813 pi=-0.432 a=0.0443 H=+2.75 (524.3s) [pos_err_exceeded:52|joint_limit:27|max_steps:8|self_collision:8]
[  410/1500] buf=40416 R=0.264 len= 34.2/139.7 succ=0.06 q=0.0950 qens=0.0961 pi=-0.476 a=0.0441 H=+2.64 (537.0s) [pos_err_exceeded:53|joint_limit:29|max_steps:6|init_ik_fail:4]
[  420/1500] buf=41376 R=0.231 len= 32.1/152.0 succ=0.09 q=0.0950 qens=0.0926 pi=-0.430 a=0.0440 H=+2.71 (549.9s) [pos_err_exceeded:41|joint_limit:36|max_steps:9|self_collision:6]
[  430/1500] buf=42336 R=0.299 len= 40.0/142.0 succ=0.10 q=0.0888 qens=0.0912 pi=-0.419 a=0.0439 H=+2.71 (562.7s) [pos_err_exceeded:46|joint_limit:31|max_steps:10|init_ik_fail:6]
[  440/1500] buf=43296 R=0.318 len= 33.5/128.1 succ=0.14 q=0.0876 qens=0.0908 pi=-0.421 a=0.0437 H=+2.73 (575.4s) [pos_err_exceeded:42|joint_limit:32|max_steps:13|self_collision:7]
[  450/1500] buf=44256 R=0.411 len= 45.1/131.1 succ=0.18 q=0.0951 qens=0.0953 pi=-0.382 a=0.0436 H=+2.64 (588.1s) [pos_err_exceeded:44|joint_limit:29|max_steps:17|self_collision:4]
[  460/1500] buf=45216 R=0.261 len= 34.9/149.4 succ=0.07 q=0.0943 qens=0.0961 pi=-0.456 a=0.0435 H=+2.68 (600.6s) [pos_err_exceeded:55|joint_limit:28|max_steps:7|self_collision:5]
[  470/1500] buf=46176 R=0.359 len= 44.3/147.6 succ=0.16 q=0.0844 qens=0.0845 pi=-0.360 a=0.0433 H=+2.68 (613.2s) [pos_err_exceeded:42|joint_limit:29|max_steps:15|self_collision:10]
[  480/1500] buf=47136 R=0.398 len= 46.0/135.3 succ=0.18 q=0.0957 qens=0.0935 pi=-0.458 a=0.0432 H=+2.63 (626.0s) [pos_err_exceeded:53|max_steps:17|joint_limit:17|self_collision:8]
[  490/1500] buf=48096 R=0.340 len= 41.5/140.8 succ=0.14 q=0.1009 qens=0.1048 pi=-0.402 a=0.0431 H=+2.75 (638.8s) [pos_err_exceeded:51|joint_limit:24|max_steps:13|self_collision:5]
[  500/1500] buf=49056 R=0.301 len= 37.1/148.1 succ=0.10 q=0.0938 qens=0.0921 pi=-0.395 a=0.0429 H=+2.69 (651.9s) [pos_err_exceeded:54|joint_limit:23|max_steps:10|self_collision:5]
[  510/1500] buf=50016 R=0.297 len= 38.7/137.2 succ=0.11 q=0.1074 qens=0.1084 pi=-0.404 a=0.0428 H=+2.69 (664.9s) [pos_err_exceeded:48|joint_limit:32|max_steps:11|self_collision:5]
[  520/1500] buf=50976 R=0.363 len= 46.8/137.5 succ=0.11 q=0.0925 qens=0.0951 pi=-0.385 a=0.0427 H=+2.70 (677.8s) [pos_err_exceeded:47|joint_limit:29|max_steps:11|init_ik_fail:5]
[  530/1500] buf=51936 R=0.337 len= 40.0/135.6 succ=0.11 q=0.1093 qens=0.1085 pi=-0.448 a=0.0426 H=+2.67 (690.6s) [pos_err_exceeded:52|joint_limit:22|max_steps:11|self_collision:7]
[  540/1500] buf=52896 R=0.356 len= 44.5/134.5 succ=0.18 q=0.0868 qens=0.0889 pi=-0.370 a=0.0424 H=+2.66 (703.8s) [pos_err_exceeded:45|joint_limit:27|max_steps:17|self_collision:5]
[  550/1500] buf=53856 R=0.332 len= 40.5/140.7 succ=0.11 q=0.0990 qens=0.1017 pi=-0.433 a=0.0423 H=+2.68 (716.4s) [pos_err_exceeded:47|joint_limit:30|max_steps:11|self_collision:6]
[  560/1500] buf=54816 R=0.256 len= 26.9/131.5 succ=0.10 q=0.0903 qens=0.0853 pi=-0.421 a=0.0422 H=+2.61 (729.0s) [pos_err_exceeded:47|joint_limit:32|max_steps:10|self_collision:5]
[  570/1500] buf=55776 R=0.282 len= 35.7/151.5 succ=0.12 q=0.0994 qens=0.0970 pi=-0.422 a=0.0420 H=+2.66 (742.0s) [pos_err_exceeded:51|joint_limit:26|max_steps:12|self_collision:4]
[  580/1500] buf=56736 R=0.251 len= 35.5/155.2 succ=0.05 q=0.0939 qens=0.0978 pi=-0.379 a=0.0419 H=+2.66 (755.1s) [pos_err_exceeded:56|joint_limit:22|self_collision:9|max_steps:5]
[  590/1500] buf=57696 R=0.297 len= 35.6/140.6 succ=0.10 q=0.1045 qens=0.1094 pi=-0.426 a=0.0418 H=+2.66 (767.9s) [pos_err_exceeded:62|joint_limit:21|max_steps:10|init_ik_fail:3]
[  600/1500] buf=58656 R=0.215 len= 30.0/144.7 succ=0.05 q=0.0974 qens=0.0974 pi=-0.381 a=0.0417 H=+2.64 (780.9s) [pos_err_exceeded:49|joint_limit:32|self_collision:10|max_steps:5]
[  610/1500] buf=59616 R=0.305 len= 34.6/135.5 succ=0.12 q=0.0950 qens=0.0941 pi=-0.480 a=0.0415 H=+2.73 (793.9s) [pos_err_exceeded:46|joint_limit:30|max_steps:12|self_collision:6]
[  620/1500] buf=60576 R=0.406 len= 45.8/135.7 succ=0.21 q=0.0893 qens=0.0837 pi=-0.383 a=0.0414 H=+2.68 (806.8s) [pos_err_exceeded:38|joint_limit:28|max_steps:20|self_collision:6]
[  630/1500] buf=61536 R=0.418 len= 50.7/141.7 succ=0.19 q=0.0934 qens=0.0906 pi=-0.386 a=0.0413 H=+2.67 (819.2s) [pos_err_exceeded:44|joint_limit:29|max_steps:18|init_ik_fail:3]
[  640/1500] buf=62496 R=0.321 len= 44.3/148.2 succ=0.10 q=0.0791 qens=0.0788 pi=-0.434 a=0.0412 H=+2.62 (831.7s) [pos_err_exceeded:49|joint_limit:26|max_steps:10|self_collision:9]
[  650/1500] buf=63456 R=0.312 len= 34.8/134.1 succ=0.14 q=0.0926 qens=0.0957 pi=-0.430 a=0.0410 H=+2.71 (844.6s) [pos_err_exceeded:50|joint_limit:25|max_steps:13|self_collision:5]
[  660/1500] buf=64416 R=0.308 len= 35.3/136.2 succ=0.11 q=0.0897 qens=0.0922 pi=-0.456 a=0.0409 H=+2.73 (857.4s) [pos_err_exceeded:48|joint_limit:30|max_steps:11|self_collision:4]
[  670/1500] buf=65376 R=0.341 len= 41.7/138.7 succ=0.10 q=0.1062 qens=0.1105 pi=-0.438 a=0.0408 H=+2.62 (870.1s) [pos_err_exceeded:54|joint_limit:18|self_collision:11|max_steps:10]
[  680/1500] buf=66336 R=0.279 len= 34.1/144.6 succ=0.08 q=0.1034 qens=0.1026 pi=-0.501 a=0.0407 H=+2.68 (882.7s) [pos_err_exceeded:43|joint_limit:41|max_steps:8|self_collision:3]
[  690/1500] buf=67296 R=0.289 len= 39.1/144.5 succ=0.11 q=0.0893 qens=0.0894 pi=-0.453 a=0.0406 H=+2.63 (895.2s) [pos_err_exceeded:48|joint_limit:30|max_steps:11|self_collision:5]
[  700/1500] buf=68256 R=0.307 len= 36.8/143.9 succ=0.12 q=0.0881 qens=0.0888 pi=-0.460 a=0.0404 H=+2.72 (908.0s) [pos_err_exceeded:43|joint_limit:31|max_steps:12|self_collision:5]
[  710/1500] buf=69216 R=0.316 len= 37.5/137.5 succ=0.12 q=0.0902 qens=0.0885 pi=-0.399 a=0.0403 H=+2.59 (920.4s) [pos_err_exceeded:43|joint_limit:28|max_steps:12|self_collision:9]
[  720/1500] buf=70176 R=0.348 len= 37.5/132.3 succ=0.15 q=0.0886 qens=0.0913 pi=-0.424 a=0.0402 H=+2.72 (933.1s) [pos_err_exceeded:47|joint_limit:23|max_steps:14|self_collision:10]
[  730/1500] buf=71136 R=0.331 len= 41.7/140.8 succ=0.16 q=0.0914 qens=0.0916 pi=-0.413 a=0.0401 H=+2.69 (946.1s) [pos_err_exceeded:52|joint_limit:24|max_steps:15|self_collision:3]
[  740/1500] buf=72096 R=0.369 len= 44.4/142.1 succ=0.17 q=0.1029 qens=0.1029 pi=-0.469 a=0.0400 H=+2.68 (958.7s) [pos_err_exceeded:44|joint_limit:29|max_steps:16|self_collision:5]
[  750/1500] buf=73056 R=0.317 len= 39.9/137.4 succ=0.14 q=0.0785 qens=0.0790 pi=-0.377 a=0.0398 H=+2.66 (971.2s) [pos_err_exceeded:41|joint_limit:32|max_steps:13|self_collision:6]
[  760/1500] buf=74016 R=0.304 len= 33.7/130.4 succ=0.14 q=0.0891 qens=0.0899 pi=-0.451 a=0.0397 H=+2.64 (984.4s) [pos_err_exceeded:47|joint_limit:27|max_steps:13|self_collision:8]
[  770/1500] buf=74976 R=0.244 len= 30.9/134.0 succ=0.08 q=0.0996 qens=0.0979 pi=-0.430 a=0.0396 H=+2.69 (997.4s) [pos_err_exceeded:48|joint_limit:35|max_steps:8|self_collision:4]
[  780/1500] buf=75936 R=0.307 len= 38.5/144.7 succ=0.14 q=0.1018 qens=0.1070 pi=-0.457 a=0.0395 H=+2.67 (1010.1s) [pos_err_exceeded:48|joint_limit:29|max_steps:13|self_collision:4]
[  790/1500] buf=76896 R=0.352 len= 46.6/144.7 succ=0.14 q=0.0817 qens=0.0829 pi=-0.403 a=0.0394 H=+2.65 (1022.7s) [pos_err_exceeded:46|joint_limit:29|max_steps:13|self_collision:6]
[  800/1500] buf=77856 R=0.287 len= 35.0/144.0 succ=0.10 q=0.0971 qens=0.0971 pi=-0.393 a=0.0392 H=+2.69 (1035.5s) [pos_err_exceeded:49|joint_limit:26|max_steps:10|self_collision:8]
[  810/1500] buf=78816 R=0.337 len= 40.0/141.2 succ=0.16 q=0.0873 qens=0.0845 pi=-0.427 a=0.0391 H=+2.65 (1048.4s) [pos_err_exceeded:42|joint_limit:32|max_steps:15|self_collision:6]
[  820/1500] buf=79776 R=0.385 len= 46.1/145.8 succ=0.23 q=0.0891 qens=0.0887 pi=-0.404 a=0.0390 H=+2.65 (1061.5s) [pos_err_exceeded:40|joint_limit:28|max_steps:22|self_collision:6]
[  830/1500] buf=80736 R=0.290 len= 37.5/140.4 succ=0.09 q=0.0921 qens=0.0978 pi=-0.452 a=0.0389 H=+2.62 (1074.5s) [pos_err_exceeded:53|joint_limit:28|max_steps:9|init_ik_fail:3]
[  840/1500] buf=81696 R=0.303 len= 38.5/138.9 succ=0.08 q=0.0893 qens=0.0886 pi=-0.407 a=0.0388 H=+2.67 (1087.1s) [pos_err_exceeded:51|joint_limit:25|self_collision:11|max_steps:8]
[  850/1500] buf=82656 R=0.343 len= 42.6/140.4 succ=0.16 q=0.0889 qens=0.0862 pi=-0.443 a=0.0387 H=+2.63 (1100.0s) [pos_err_exceeded:46|joint_limit:30|max_steps:15|self_collision:3]
[  860/1500] buf=83616 R=0.317 len= 41.6/137.6 succ=0.10 q=0.0911 qens=0.0941 pi=-0.477 a=0.0385 H=+2.60 (1112.5s) [pos_err_exceeded:50|joint_limit:32|max_steps:10|self_collision:4]
[  870/1500] buf=84576 R=0.367 len= 39.4/134.1 succ=0.15 q=0.1056 qens=0.1056 pi=-0.441 a=0.0384 H=+2.70 (1125.0s) [pos_err_exceeded:48|joint_limit:27|max_steps:14|self_collision:5]
[  880/1500] buf=85536 R=0.275 len= 36.2/134.4 succ=0.07 q=0.0980 qens=0.0988 pi=-0.389 a=0.0383 H=+2.59 (1138.2s) [pos_err_exceeded:52|joint_limit:23|self_collision:10|max_steps:7]
[  890/1500] buf=86496 R=0.338 len= 39.1/134.2 succ=0.15 q=0.0965 qens=0.0957 pi=-0.430 a=0.0382 H=+2.64 (1151.1s) [pos_err_exceeded:50|joint_limit:28|max_steps:14|init_ik_fail:2]
[  900/1500] buf=87456 R=0.298 len= 38.0/137.5 succ=0.10 q=0.0837 qens=0.0839 pi=-0.446 a=0.0381 H=+2.63 (1164.2s) [pos_err_exceeded:51|joint_limit:29|max_steps:10|self_collision:5]
[  910/1500] buf=88416 R=0.328 len= 44.1/146.0 succ=0.08 q=0.1024 qens=0.1030 pi=-0.397 a=0.0380 H=+2.63 (1176.7s) [pos_err_exceeded:47|joint_limit:34|max_steps:8|self_collision:7]
[  920/1500] buf=89376 R=0.370 len= 45.8/136.3 succ=0.19 q=0.0946 qens=0.0997 pi=-0.415 a=0.0379 H=+2.67 (1189.9s) [pos_err_exceeded:42|joint_limit:29|max_steps:18|self_collision:6]
[  930/1500] buf=90336 R=0.305 len= 34.2/131.3 succ=0.12 q=0.0915 qens=0.0957 pi=-0.397 a=0.0377 H=+2.68 (1202.9s) [pos_err_exceeded:50|joint_limit:22|max_steps:12|self_collision:10]
[  940/1500] buf=91296 R=0.316 len= 41.6/144.6 succ=0.10 q=0.0809 qens=0.0811 pi=-0.367 a=0.0376 H=+2.58 (1215.7s) [pos_err_exceeded:46|joint_limit:32|max_steps:10|self_collision:5]
[  950/1500] buf=92256 R=0.352 len= 44.1/149.1 succ=0.15 q=0.0902 qens=0.0924 pi=-0.408 a=0.0375 H=+2.65 (1228.3s) [pos_err_exceeded:54|joint_limit:26|max_steps:14|init_ik_fail:1]
[  960/1500] buf=93216 R=0.355 len= 42.1/133.5 succ=0.19 q=0.0945 qens=0.0939 pi=-0.444 a=0.0374 H=+2.68 (1241.4s) [pos_err_exceeded:42|joint_limit:30|max_steps:18|self_collision:6]
[  970/1500] buf=94176 R=0.289 len= 38.7/152.9 succ=0.15 q=0.0876 qens=0.0868 pi=-0.370 a=0.0373 H=+2.66 (1254.0s) [pos_err_exceeded:48|joint_limit:25|max_steps:14|self_collision:5]
[  980/1500] buf=95136 R=0.364 len= 45.4/142.4 succ=0.15 q=0.0954 qens=0.1012 pi=-0.482 a=0.0372 H=+2.63 (1266.8s) [pos_err_exceeded:44|joint_limit:33|max_steps:14|self_collision:3]
[  990/1500] buf=96096 R=0.330 len= 39.9/145.0 succ=0.11 q=0.1018 qens=0.1009 pi=-0.483 a=0.0371 H=+2.62 (1279.4s) [pos_err_exceeded:54|joint_limit:26|max_steps:11|self_collision:4]
[ 1000/1500] buf=97056 R=0.276 len= 34.6/147.6 succ=0.10 q=0.0909 qens=0.0943 pi=-0.414 a=0.0370 H=+2.64 (1292.2s) [pos_err_exceeded:52|joint_limit:28|max_steps:10|init_ik_fail:3]
[ 1010/1500] buf=98016 R=0.306 len= 37.3/137.1 succ=0.09 q=0.0816 qens=0.0848 pi=-0.356 a=0.0368 H=+2.63 (1304.7s) [pos_err_exceeded:58|joint_limit:25|max_steps:9|self_collision:3]
[ 1020/1500] buf=98976 R=0.326 len= 34.7/127.7 succ=0.14 q=0.0911 qens=0.0877 pi=-0.446 a=0.0367 H=+2.61 (1317.2s) [pos_err_exceeded:46|joint_limit:34|max_steps:13|init_ik_fail:3]
[ 1030/1500] buf=99936 R=0.275 len= 35.0/140.2 succ=0.07 q=0.0890 qens=0.0870 pi=-0.370 a=0.0366 H=+2.68 (1330.7s) [pos_err_exceeded:49|joint_limit:32|max_steps:7|self_collision:7]
[ 1040/1500] buf=100000 R=0.302 len= 34.7/133.7 succ=0.14 q=0.0965 qens=0.0999 pi=-0.421 a=0.0365 H=+2.64 (1343.6s) [pos_err_exceeded:48|joint_limit:27|max_steps:13|self_collision:6]
[ 1050/1500] buf=100000 R=0.320 len= 42.1/141.8 succ=0.12 q=0.1051 qens=0.1052 pi=-0.428 a=0.0364 H=+2.62 (1356.4s) [pos_err_exceeded:46|joint_limit:29|max_steps:12|self_collision:7]
[ 1060/1500] buf=100000 R=0.317 len= 43.0/151.3 succ=0.07 q=0.0889 qens=0.0895 pi=-0.388 a=0.0363 H=+2.63 (1368.8s) [pos_err_exceeded:42|joint_limit:40|max_steps:7|self_collision:4]
[ 1070/1500] buf=100000 R=0.325 len= 40.9/145.3 succ=0.12 q=0.0922 qens=0.0925 pi=-0.412 a=0.0362 H=+2.63 (1381.6s) [pos_err_exceeded:54|joint_limit:23|max_steps:12|self_collision:6]
[ 1080/1500] buf=100000 R=0.257 len= 31.9/150.9 succ=0.08 q=0.1083 qens=0.1092 pi=-0.421 a=0.0361 H=+2.61 (1394.2s) [pos_err_exceeded:60|joint_limit:21|max_steps:8|self_collision:4]
[ 1090/1500] buf=100000 R=0.395 len= 45.6/135.4 succ=0.14 q=0.0894 qens=0.0879 pi=-0.382 a=0.0360 H=+2.65 (1406.6s) [pos_err_exceeded:53|joint_limit:22|max_steps:13|self_collision:5]
[ 1100/1500] buf=100000 R=0.308 len= 37.0/141.1 succ=0.10 q=0.0909 qens=0.0896 pi=-0.456 a=0.0359 H=+2.67 (1419.4s) [pos_err_exceeded:59|joint_limit:23|max_steps:10|self_collision:3]
[ 1110/1500] buf=100000 R=0.344 len= 47.1/146.9 succ=0.14 q=0.0949 qens=0.0961 pi=-0.343 a=0.0358 H=+2.62 (1432.1s) [pos_err_exceeded:44|joint_limit:28|max_steps:13|self_collision:8]
[ 1120/1500] buf=100000 R=0.323 len= 45.1/146.4 succ=0.07 q=0.1076 qens=0.1030 pi=-0.492 a=0.0357 H=+2.65 (1444.7s) [pos_err_exceeded:53|joint_limit:28|self_collision:7|max_steps:7]
[ 1130/1500] buf=100000 R=0.310 len= 39.1/143.1 succ=0.16 q=0.0957 qens=0.0936 pi=-0.382 a=0.0355 H=+2.60 (1457.5s) [pos_err_exceeded:51|joint_limit:25|max_steps:15|self_collision:4]
[ 1140/1500] buf=100000 R=0.249 len= 32.2/147.3 succ=0.09 q=0.0976 qens=0.0964 pi=-0.445 a=0.0354 H=+2.68 (1470.0s) [pos_err_exceeded:50|joint_limit:28|max_steps:9|self_collision:7]
[ 1150/1500] buf=100000 R=0.315 len= 34.8/146.1 succ=0.20 q=0.0922 qens=0.0926 pi=-0.397 a=0.0353 H=+2.64 (1482.9s) [pos_err_exceeded:47|joint_limit:26|max_steps:19|init_ik_fail:2]
[ 1160/1500] buf=100000 R=0.262 len= 31.0/138.4 succ=0.09 q=0.0913 qens=0.0886 pi=-0.404 a=0.0352 H=+2.61 (1495.7s) [pos_err_exceeded:47|joint_limit:33|max_steps:9|self_collision:5]
[ 1170/1500] buf=100000 R=0.322 len= 38.4/136.6 succ=0.11 q=0.0906 qens=0.0926 pi=-0.449 a=0.0351 H=+2.66 (1508.7s) [pos_err_exceeded:55|joint_limit:27|max_steps:11|init_ik_fail:2]
[ 1180/1500] buf=100000 R=0.339 len= 40.9/135.1 succ=0.14 q=0.0982 qens=0.0950 pi=-0.407 a=0.0350 H=+2.65 (1521.2s) [pos_err_exceeded:50|joint_limit:26|max_steps:13|self_collision:6]
[ 1190/1500] buf=100000 R=0.381 len= 43.7/136.9 succ=0.16 q=0.0828 qens=0.0844 pi=-0.418 a=0.0349 H=+2.61 (1534.0s) [pos_err_exceeded:48|joint_limit:30|max_steps:15|self_collision:3]
[ 1200/1500] buf=100000 R=0.377 len= 50.4/150.3 succ=0.17 q=0.0954 qens=0.0965 pi=-0.458 a=0.0348 H=+2.61 (1547.3s) [pos_err_exceeded:46|joint_limit:31|max_steps:16|self_collision:3]
[ 1210/1500] buf=100000 R=0.412 len= 53.5/137.2 succ=0.15 q=0.0923 qens=0.0919 pi=-0.388 a=0.0347 H=+2.65 (1560.0s) [pos_err_exceeded:44|joint_limit:35|max_steps:14|self_collision:2]
[ 1220/1500] buf=100000 R=0.333 len= 33.9/136.6 succ=0.16 q=0.0911 qens=0.0887 pi=-0.376 a=0.0346 H=+2.62 (1572.5s) [pos_err_exceeded:54|joint_limit:25|max_steps:15|self_collision:2]
[ 1230/1500] buf=100000 R=0.357 len= 44.5/140.7 succ=0.14 q=0.0670 qens=0.0677 pi=-0.403 a=0.0345 H=+2.67 (1585.1s) [pos_err_exceeded:47|joint_limit:32|max_steps:13|self_collision:3]
[ 1240/1500] buf=100000 R=0.299 len= 39.2/141.4 succ=0.10 q=0.0778 qens=0.0752 pi=-0.458 a=0.0344 H=+2.60 (1598.0s) [pos_err_exceeded:56|joint_limit:25|max_steps:10|init_ik_fail:3]
[ 1250/1500] buf=100000 R=0.294 len= 36.1/135.5 succ=0.09 q=0.0946 qens=0.0939 pi=-0.413 a=0.0343 H=+2.62 (1611.2s) [pos_err_exceeded:53|joint_limit:25|max_steps:9|self_collision:6]
[ 1260/1500] buf=100000 R=0.345 len= 42.3/139.1 succ=0.12 q=0.0795 qens=0.0800 pi=-0.413 a=0.0342 H=+2.61 (1623.7s) [pos_err_exceeded:52|joint_limit:26|max_steps:12|self_collision:4]
[ 1270/1500] buf=100000 R=0.294 len= 34.0/132.7 succ=0.15 q=0.1037 qens=0.1044 pi=-0.399 a=0.0341 H=+2.67 (1636.4s) [pos_err_exceeded:45|joint_limit:29|max_steps:14|self_collision:7]
[ 1280/1500] buf=100000 R=0.369 len= 48.4/142.8 succ=0.16 q=0.0874 qens=0.0890 pi=-0.398 a=0.0340 H=+2.65 (1649.6s) [pos_err_exceeded:45|joint_limit:29|max_steps:15|self_collision:4]
[ 1290/1500] buf=100000 R=0.328 len= 40.7/136.0 succ=0.10 q=0.0875 qens=0.0900 pi=-0.410 a=0.0339 H=+2.68 (1662.3s) [pos_err_exceeded:52|joint_limit:25|max_steps:10|self_collision:6]
[ 1300/1500] buf=100000 R=0.324 len= 41.9/133.6 succ=0.12 q=0.0763 qens=0.0742 pi=-0.378 a=0.0338 H=+2.56 (1675.2s) [pos_err_exceeded:46|joint_limit:31|max_steps:12|self_collision:5]
[ 1310/1500] buf=100000 R=0.320 len= 44.3/141.1 succ=0.09 q=0.0880 qens=0.0889 pi=-0.426 a=0.0337 H=+2.61 (1688.0s) [pos_err_exceeded:45|joint_limit:35|max_steps:9|self_collision:7]
[ 1320/1500] buf=100000 R=0.331 len= 42.5/136.8 succ=0.12 q=0.0950 qens=0.0962 pi=-0.378 a=0.0336 H=+2.65 (1701.1s) [pos_err_exceeded:48|joint_limit:31|max_steps:12|init_ik_fail:3]
[ 1330/1500] buf=100000 R=0.324 len= 38.0/144.4 succ=0.10 q=0.0822 qens=0.0801 pi=-0.392 a=0.0335 H=+2.69 (1714.1s) [pos_err_exceeded:44|joint_limit:29|max_steps:10|self_collision:7]
[ 1340/1500] buf=100000 R=0.303 len= 37.7/143.0 succ=0.08 q=0.0824 qens=0.0825 pi=-0.422 a=0.0334 H=+2.65 (1726.7s) [pos_err_exceeded:50|joint_limit:31|max_steps:8|self_collision:5]
[ 1350/1500] buf=100000 R=0.324 len= 39.8/137.0 succ=0.11 q=0.0844 qens=0.0832 pi=-0.395 a=0.0333 H=+2.59 (1739.3s) [pos_err_exceeded:44|joint_limit:30|max_steps:11|self_collision:8]
[ 1360/1500] buf=100000 R=0.288 len= 35.8/139.1 succ=0.09 q=0.0800 qens=0.0793 pi=-0.373 a=0.0332 H=+2.58 (1751.9s) [pos_err_exceeded:53|joint_limit:30|max_steps:9|self_collision:4]
[ 1370/1500] buf=100000 R=0.376 len= 45.0/134.9 succ=0.17 q=0.0841 qens=0.0865 pi=-0.421 a=0.0331 H=+2.62 (1764.4s) [pos_err_exceeded:51|joint_limit:19|max_steps:16|self_collision:9]
[ 1380/1500] buf=100000 R=0.291 len= 36.3/143.8 succ=0.10 q=0.0812 qens=0.0823 pi=-0.436 a=0.0330 H=+2.67 (1777.1s) [pos_err_exceeded:45|joint_limit:35|max_steps:10|self_collision:3]
[ 1390/1500] buf=100000 R=0.312 len= 38.1/138.7 succ=0.12 q=0.0947 qens=0.0958 pi=-0.452 a=0.0329 H=+2.58 (1790.0s) [pos_err_exceeded:40|joint_limit:38|max_steps:12|self_collision:4]
[ 1400/1500] buf=100000 R=0.304 len= 38.8/144.9 succ=0.09 q=0.0759 qens=0.0740 pi=-0.394 a=0.0328 H=+2.59 (1802.8s) [pos_err_exceeded:49|joint_limit:26|self_collision:9|max_steps:9]
[ 1410/1500] buf=100000 R=0.266 len= 33.3/140.3 succ=0.09 q=0.1107 qens=0.1147 pi=-0.400 a=0.0327 H=+2.72 (1815.5s) [pos_err_exceeded:50|joint_limit:29|max_steps:9|self_collision:6]
[ 1420/1500] buf=100000 R=0.358 len= 42.0/144.7 succ=0.16 q=0.0847 qens=0.0860 pi=-0.444 a=0.0326 H=+2.64 (1828.2s) [pos_err_exceeded:46|joint_limit:23|max_steps:15|self_collision:8]
[ 1430/1500] buf=100000 R=0.336 len= 37.1/128.8 succ=0.15 q=0.1054 qens=0.0998 pi=-0.358 a=0.0325 H=+2.57 (1841.0s) [pos_err_exceeded:48|joint_limit:27|max_steps:14|self_collision:7]
[ 1440/1500] buf=100000 R=0.341 len= 40.1/135.7 succ=0.15 q=0.0890 qens=0.0895 pi=-0.378 a=0.0324 H=+2.60 (1853.7s) [pos_err_exceeded:40|joint_limit:35|max_steps:14|self_collision:4]
[ 1450/1500] buf=100000 R=0.294 len= 38.1/145.6 succ=0.07 q=0.0969 qens=0.0994 pi=-0.372 a=0.0323 H=+2.56 (1866.6s) [pos_err_exceeded:49|joint_limit:31|max_steps:7|self_collision:7]
[ 1460/1500] buf=100000 R=0.325 len= 43.3/144.4 succ=0.10 q=0.0845 qens=0.0848 pi=-0.404 a=0.0322 H=+2.67 (1879.6s) [pos_err_exceeded:49|joint_limit:30|max_steps:10|self_collision:6]
[ 1470/1500] buf=100000 R=0.253 len= 29.8/142.4 succ=0.08 q=0.1036 qens=0.1062 pi=-0.422 a=0.0321 H=+2.64 (1892.3s) [pos_err_exceeded:46|joint_limit:32|max_steps:8|self_collision:7]
[ 1480/1500] buf=100000 R=0.315 len= 41.1/141.0 succ=0.11 q=0.0969 qens=0.0992 pi=-0.396 a=0.0320 H=+2.59 (1905.1s) [pos_err_exceeded:52|joint_limit:26|max_steps:11|self_collision:6]
[ 1490/1500] buf=100000 R=0.320 len= 35.6/135.1 succ=0.11 q=0.0813 qens=0.0812 pi=-0.421 a=0.0319 H=+2.52 (1917.6s) [pos_err_exceeded:46|joint_limit:32|max_steps:11|self_collision:5]
[ 1500/1500] buf=100000 R=0.323 len= 44.7/146.9 succ=0.10 q=0.0968 qens=0.0955 pi=-0.344 a=0.0318 H=+2.57 (1930.2s) [pos_err_exceeded:52|joint_limit:25|max_steps:10|self_collision:7]
