[CVT] database loaded from /home/lqin/one/one/robots/manipulators/franka/fr3/data
[warmup] collecting 1024 rollouts before learning starts
[    1/5000] buf= 1536 R=0.290 len= 36.9/138.0 succ=0.10 q=0.1331 qens=0.1294 pi=-0.220 a=0.0500 H=+1.14 (6.4s) [pos_err_exceeded:197|joint_limit:114|max_steps:37|self_collision:28]
[   10/5000] buf= 4992 R=0.325 len= 38.5/137.1 succ=0.13 q=0.0987 qens=0.1017 pi=-0.426 a=0.0497 H=+2.54 (20.2s) [pos_err_exceeded:203|joint_limit:96|max_steps:49|self_collision:25]
[   20/5000] buf= 8832 R=0.312 len= 42.2/143.1 succ=0.12 q=0.0952 qens=0.0970 pi=-0.427 a=0.0494 H=+2.64 (34.9s) [pos_err_exceeded:184|joint_limit:120|max_steps:47|self_collision:22]
[   30/5000] buf=12672 R=0.324 len= 40.2/140.2 succ=0.12 q=0.0853 qens=0.0900 pi=-0.419 a=0.0491 H=+2.68 (49.7s) [pos_err_exceeded:211|joint_limit:109|max_steps:45|self_collision:15]
[   40/5000] buf=16512 R=0.309 len= 39.1/143.4 succ=0.12 q=0.1019 qens=0.1078 pi=-0.436 a=0.0488 H=+2.71 (64.6s) [pos_err_exceeded:183|joint_limit:121|max_steps:47|self_collision:28]
[   50/5000] buf=20352 R=0.317 len= 40.2/139.1 succ=0.12 q=0.1000 qens=0.0985 pi=-0.490 a=0.0485 H=+2.72 (79.7s) [pos_err_exceeded:188|joint_limit:129|max_steps:45|self_collision:13]
[   60/5000] buf=24192 R=0.367 len= 42.3/134.4 succ=0.18 q=0.0990 qens=0.0973 pi=-0.493 a=0.0482 H=+2.75 (95.0s) [pos_err_exceeded:179|joint_limit:105|max_steps:68|self_collision:19]
[   70/5000] buf=28032 R=0.315 len= 42.0/144.8 succ=0.12 q=0.0965 qens=0.0956 pi=-0.400 a=0.0479 H=+2.74 (110.1s) [pos_err_exceeded:170|joint_limit:120|max_steps:47|self_collision:36]
[   80/5000] buf=31872 R=0.298 len= 36.9/139.9 succ=0.12 q=0.0975 qens=0.0986 pi=-0.428 a=0.0476 H=+2.74 (125.0s) [pos_err_exceeded:193|joint_limit:111|max_steps:47|self_collision:22]
[   90/5000] buf=35712 R=0.332 len= 37.8/137.4 succ=0.14 q=0.0936 qens=0.0923 pi=-0.445 a=0.0473 H=+2.73 (139.8s) [pos_err_exceeded:177|joint_limit:122|max_steps:54|self_collision:26]
[  100/5000] buf=39552 R=0.300 len= 39.1/145.9 succ=0.11 q=0.0834 qens=0.0840 pi=-0.431 a=0.0470 H=+2.75 (154.7s) [pos_err_exceeded:197|joint_limit:110|max_steps:44|self_collision:24]
[  110/5000] buf=43392 R=0.325 len= 39.6/136.5 succ=0.12 q=0.0903 qens=0.0919 pi=-0.506 a=0.0467 H=+2.73 (169.5s) [pos_err_exceeded:175|joint_limit:130|max_steps:46|self_collision:24]
[  120/5000] buf=47232 R=0.332 len= 38.6/136.5 succ=0.13 q=0.1056 qens=0.1079 pi=-0.436 a=0.0464 H=+2.74 (184.4s) [pos_err_exceeded:196|joint_limit:119|max_steps:49|self_collision:16]
[  130/5000] buf=51072 R=0.306 len= 36.9/138.2 succ=0.12 q=0.0934 qens=0.0956 pi=-0.441 a=0.0462 H=+2.73 (199.3s) [pos_err_exceeded:182|joint_limit:125|max_steps:47|self_collision:18]
[  140/5000] buf=54912 R=0.290 len= 34.2/139.7 succ=0.10 q=0.0936 qens=0.0943 pi=-0.466 a=0.0459 H=+2.74 (214.3s) [pos_err_exceeded:202|joint_limit:117|max_steps:40|self_collision:20]
[  150/5000] buf=58752 R=0.324 len= 36.3/132.6 succ=0.12 q=0.0879 qens=0.0883 pi=-0.496 a=0.0456 H=+2.71 (229.0s) [pos_err_exceeded:197|joint_limit:109|max_steps:45|self_collision:26]
[  160/5000] buf=62592 R=0.329 len= 40.6/141.2 succ=0.14 q=0.0969 qens=0.1018 pi=-0.467 a=0.0453 H=+2.71 (243.8s) [pos_err_exceeded:194|joint_limit:98|max_steps:53|self_collision:28]
[  170/5000] buf=66432 R=0.317 len= 39.7/141.8 succ=0.11 q=0.0829 qens=0.0840 pi=-0.479 a=0.0451 H=+2.69 (258.9s) [pos_err_exceeded:186|joint_limit:119|max_steps:44|self_collision:24]
[  180/5000] buf=70272 R=0.306 len= 37.4/143.2 succ=0.11 q=0.0970 qens=0.0975 pi=-0.473 a=0.0448 H=+2.72 (273.8s) [pos_err_exceeded:188|joint_limit:120|max_steps:44|self_collision:26]
[  190/5000] buf=74112 R=0.296 len= 36.5/139.3 succ=0.11 q=0.0958 qens=0.0957 pi=-0.498 a=0.0445 H=+2.72 (288.9s) [pos_err_exceeded:182|joint_limit:127|max_steps:41|self_collision:23]
[  200/5000] buf=77952 R=0.331 len= 41.6/140.1 succ=0.13 q=0.0981 qens=0.0988 pi=-0.471 a=0.0443 H=+2.72 (303.5s) [pos_err_exceeded:182|joint_limit:113|max_steps:51|self_collision:25]
[  210/5000] buf=81792 R=0.320 len= 38.7/138.3 succ=0.12 q=0.0943 qens=0.0955 pi=-0.464 a=0.0440 H=+2.71 (321.5s) [pos_err_exceeded:207|joint_limit:98|max_steps:47|self_collision:26]
[  220/5000] buf=85632 R=0.323 len= 39.4/142.2 succ=0.14 q=0.0852 qens=0.0872 pi=-0.403 a=0.0437 H=+2.69 (338.8s) [pos_err_exceeded:181|joint_limit:114|max_steps:52|self_collision:26]
[  230/5000] buf=89472 R=0.325 len= 41.0/140.7 succ=0.12 q=0.0939 qens=0.0952 pi=-0.425 a=0.0435 H=+2.67 (353.8s) [pos_err_exceeded:177|joint_limit:127|max_steps:45|self_collision:22]
[  240/5000] buf=93312 R=0.352 len= 41.4/137.2 succ=0.17 q=0.0795 qens=0.0810 pi=-0.421 a=0.0432 H=+2.73 (368.6s) [pos_err_exceeded:186|joint_limit:104|max_steps:64|self_collision:26]
[  250/5000] buf=97152 R=0.345 len= 39.6/136.5 succ=0.15 q=0.0933 qens=0.0945 pi=-0.464 a=0.0429 H=+2.69 (383.5s) [pos_err_exceeded:168|joint_limit:127|max_steps:59|self_collision:22]
[  260/5000] buf=100992 R=0.312 len= 37.1/135.2 succ=0.12 q=0.0937 qens=0.0964 pi=-0.346 a=0.0427 H=+2.58 (398.2s) [pos_err_exceeded:193|joint_limit:112|max_steps:46|self_collision:24]
[  270/5000] buf=104832 R=0.311 len= 40.4/143.0 succ=0.09 q=0.0893 qens=0.0908 pi=-0.460 a=0.0424 H=+2.69 (412.7s) [pos_err_exceeded:195|joint_limit:120|max_steps:36|self_collision:27]
[  280/5000] buf=108672 R=0.344 len= 41.9/139.9 succ=0.15 q=0.0869 qens=0.0897 pi=-0.452 a=0.0422 H=+2.72 (427.5s) [pos_err_exceeded:205|joint_limit:100|max_steps:58|self_collision:16]
[  290/5000] buf=112512 R=0.323 len= 41.0/141.7 succ=0.14 q=0.0914 qens=0.0910 pi=-0.474 a=0.0419 H=+2.61 (442.1s) [pos_err_exceeded:191|joint_limit:114|max_steps:54|self_collision:16]
[  300/5000] buf=116352 R=0.375 len= 45.5/137.2 succ=0.14 q=0.0913 qens=0.0934 pi=-0.445 a=0.0417 H=+2.69 (456.6s) [pos_err_exceeded:206|joint_limit:94|max_steps:55|self_collision:20]
[  310/5000] buf=120192 R=0.319 len= 39.5/143.7 succ=0.12 q=0.0933 qens=0.0949 pi=-0.483 a=0.0414 H=+2.67 (471.4s) [pos_err_exceeded:187|joint_limit:124|max_steps:48|self_collision:16]
[  320/5000] buf=124032 R=0.318 len= 37.8/137.3 succ=0.14 q=0.0909 qens=0.0891 pi=-0.491 a=0.0412 H=+2.70 (486.3s) [pos_err_exceeded:189|joint_limit:114|max_steps:52|self_collision:20]
[  330/5000] buf=127872 R=0.318 len= 37.6/134.6 succ=0.14 q=0.0887 qens=0.0891 pi=-0.399 a=0.0409 H=+2.66 (501.3s) [pos_err_exceeded:197|joint_limit:105|max_steps:55|self_collision:20]
[  340/5000] buf=131712 R=0.298 len= 37.7/142.2 succ=0.10 q=0.0909 qens=0.0929 pi=-0.416 a=0.0407 H=+2.68 (516.2s) [pos_err_exceeded:207|joint_limit:118|max_steps:39|self_collision:16]
[  350/5000] buf=135552 R=0.302 len= 37.2/138.6 succ=0.11 q=0.0843 qens=0.0888 pi=-0.444 a=0.0405 H=+2.72 (531.2s) [pos_err_exceeded:185|joint_limit:123|max_steps:44|self_collision:25]
[  360/5000] buf=139392 R=0.311 len= 37.0/139.2 succ=0.10 q=0.0895 qens=0.0888 pi=-0.440 a=0.0402 H=+2.68 (546.0s) [pos_err_exceeded:181|joint_limit:126|max_steps:39|self_collision:27]
[  370/5000] buf=143232 R=0.358 len= 43.1/139.0 succ=0.16 q=0.0967 qens=0.0935 pi=-0.509 a=0.0400 H=+2.70 (560.8s) [pos_err_exceeded:175|joint_limit:118|max_steps:61|self_collision:25]
[  380/5000] buf=147072 R=0.316 len= 40.2/138.9 succ=0.13 q=0.0858 qens=0.0875 pi=-0.376 a=0.0397 H=+2.68 (575.7s) [pos_err_exceeded:190|joint_limit:116|max_steps:49|self_collision:22]
[  390/5000] buf=150912 R=0.322 len= 36.5/137.4 succ=0.15 q=0.0970 qens=0.0982 pi=-0.439 a=0.0395 H=+2.66 (590.5s) [pos_err_exceeded:185|joint_limit:110|max_steps:57|self_collision:23]
[  400/5000] buf=154752 R=0.303 len= 36.8/138.2 succ=0.11 q=0.0945 qens=0.0954 pi=-0.447 a=0.0393 H=+2.68 (605.4s) [pos_err_exceeded:203|joint_limit:116|max_steps:44|self_collision:12]
[  410/5000] buf=158592 R=0.329 len= 39.6/137.2 succ=0.14 q=0.0863 qens=0.0871 pi=-0.456 a=0.0390 H=+2.63 (620.3s) [pos_err_exceeded:179|joint_limit:124|max_steps:54|self_collision:17]
[  420/5000] buf=162432 R=0.311 len= 37.9/142.1 succ=0.13 q=0.0946 qens=0.0928 pi=-0.455 a=0.0388 H=+2.67 (635.2s) [pos_err_exceeded:174|joint_limit:131|max_steps:50|self_collision:22]
[  430/5000] buf=166272 R=0.312 len= 37.4/137.8 succ=0.13 q=0.0917 qens=0.0917 pi=-0.422 a=0.0386 H=+2.63 (650.6s) [pos_err_exceeded:202|joint_limit:108|max_steps:50|self_collision:15]
[  440/5000] buf=170112 R=0.331 len= 40.4/138.7 succ=0.12 q=0.0845 qens=0.0868 pi=-0.434 a=0.0383 H=+2.65 (673.7s) [pos_err_exceeded:196|joint_limit:105|max_steps:47|self_collision:25]
[  450/5000] buf=173952 R=0.325 len= 40.6/139.7 succ=0.11 q=0.0875 qens=0.0899 pi=-0.437 a=0.0381 H=+2.64 (695.3s) [pos_err_exceeded:191|joint_limit:119|max_steps:43|self_collision:21]
[  460/5000] buf=177792 R=0.314 len= 40.3/139.3 succ=0.12 q=0.0932 qens=0.0965 pi=-0.450 a=0.0379 H=+2.68 (710.8s) [pos_err_exceeded:197|joint_limit:108|max_steps:47|self_collision:23]
[  470/5000] buf=181632 R=0.332 len= 41.9/141.8 succ=0.15 q=0.0936 qens=0.0918 pi=-0.425 a=0.0376 H=+2.69 (734.9s) [pos_err_exceeded:177|joint_limit:114|max_steps:56|self_collision:24]
[  480/5000] buf=185472 R=0.311 len= 36.7/140.3 succ=0.12 q=0.0937 qens=0.0920 pi=-0.466 a=0.0374 H=+2.70 (754.7s) [pos_err_exceeded:197|joint_limit:112|max_steps:45|self_collision:26]
[  490/5000] buf=189312 R=0.331 len= 38.9/136.4 succ=0.14 q=0.0901 qens=0.0924 pi=-0.388 a=0.0372 H=+2.69 (770.1s) [pos_err_exceeded:200|joint_limit:101|max_steps:54|self_collision:19]
[  500/5000] buf=193152 R=0.303 len= 36.6/137.4 succ=0.10 q=0.0883 qens=0.0879 pi=-0.430 a=0.0370 H=+2.71 (785.0s) [pos_err_exceeded:192|joint_limit:123|max_steps:39|self_collision:24]
[  510/5000] buf=196992 R=0.352 len= 42.4/137.0 succ=0.14 q=0.0974 qens=0.0985 pi=-0.407 a=0.0368 H=+2.62 (806.0s) [pos_err_exceeded:207|joint_limit:104|max_steps:52|self_collision:17]
[  520/5000] buf=200000 R=0.326 len= 38.7/136.7 succ=0.12 q=0.0863 qens=0.0860 pi=-0.346 a=0.0365 H=+2.65 (828.5s) [pos_err_exceeded:192|joint_limit:121|max_steps:46|self_collision:18]
[  530/5000] buf=200000 R=0.304 len= 38.8/143.0 succ=0.12 q=0.1025 qens=0.1055 pi=-0.438 a=0.0363 H=+2.67 (843.9s) [pos_err_exceeded:199|joint_limit:109|max_steps:46|self_collision:18]
[  540/5000] buf=200000 R=0.326 len= 38.5/138.1 succ=0.14 q=0.0949 qens=0.0956 pi=-0.365 a=0.0361 H=+2.66 (858.8s) [pos_err_exceeded:180|joint_limit:120|max_steps:54|self_collision:23]
[  550/5000] buf=200000 R=0.323 len= 39.8/139.9 succ=0.13 q=0.0993 qens=0.0992 pi=-0.411 a=0.0359 H=+2.67 (873.7s) [pos_err_exceeded:183|joint_limit:128|max_steps:49|self_collision:21]
[  560/5000] buf=200000 R=0.347 len= 41.4/139.5 succ=0.14 q=0.0846 qens=0.0839 pi=-0.406 a=0.0357 H=+2.62 (888.7s) [pos_err_exceeded:186|joint_limit:115|max_steps:53|self_collision:24]
[  570/5000] buf=200000 R=0.331 len= 41.2/140.5 succ=0.13 q=0.0851 qens=0.0846 pi=-0.417 a=0.0355 H=+2.68 (903.7s) [pos_err_exceeded:208|joint_limit:96|max_steps:51|self_collision:16]
[  580/5000] buf=200000 R=0.340 len= 39.8/140.3 succ=0.14 q=0.0853 qens=0.0831 pi=-0.428 a=0.0352 H=+2.64 (918.5s) [pos_err_exceeded:198|joint_limit:113|max_steps:52|self_collision:15]
[  590/5000] buf=200000 R=0.300 len= 37.5/143.1 succ=0.12 q=0.0872 qens=0.0879 pi=-0.447 a=0.0350 H=+2.64 (933.3s) [pos_err_exceeded:203|joint_limit:109|max_steps:48|self_collision:13]
[  600/5000] buf=200000 R=0.348 len= 43.2/137.2 succ=0.15 q=0.0897 qens=0.0888 pi=-0.432 a=0.0348 H=+2.58 (948.2s) [pos_err_exceeded:208|joint_limit:101|max_steps:56|self_collision:16]
[  610/5000] buf=200000 R=0.326 len= 38.8/136.9 succ=0.12 q=0.0905 qens=0.0924 pi=-0.398 a=0.0346 H=+2.67 (962.9s) [pos_err_exceeded:205|joint_limit:107|max_steps:46|self_collision:17]
[  620/5000] buf=200000 R=0.334 len= 42.5/137.3 succ=0.11 q=0.0898 qens=0.0900 pi=-0.416 a=0.0344 H=+2.69 (977.7s) [pos_err_exceeded:221|joint_limit:93|max_steps:43|self_collision:22]
[  630/5000] buf=200000 R=0.312 len= 38.2/135.3 succ=0.13 q=0.0780 qens=0.0792 pi=-0.444 a=0.0342 H=+2.60 (992.5s) [pos_err_exceeded:189|joint_limit:114|max_steps:49|self_collision:22]
[  640/5000] buf=200000 R=0.347 len= 41.5/138.3 succ=0.15 q=0.0897 qens=0.0905 pi=-0.453 a=0.0340 H=+2.63 (1007.4s) [pos_err_exceeded:202|joint_limit:99|max_steps:56|self_collision:19]
[  650/5000] buf=200000 R=0.336 len= 43.1/141.9 succ=0.14 q=0.0924 qens=0.0927 pi=-0.395 a=0.0338 H=+2.64 (1022.2s) [pos_err_exceeded:191|joint_limit:113|max_steps:54|self_collision:19]
[  660/5000] buf=200000 R=0.342 len= 40.3/137.9 succ=0.13 q=0.1001 qens=0.0984 pi=-0.443 a=0.0336 H=+2.59 (1036.9s) [pos_err_exceeded:199|joint_limit:108|max_steps:50|self_collision:22]
[  670/5000] buf=200000 R=0.324 len= 39.6/140.4 succ=0.15 q=0.0762 qens=0.0772 pi=-0.396 a=0.0334 H=+2.64 (1051.7s) [pos_err_exceeded:187|joint_limit:109|max_steps:57|self_collision:24]
[  680/5000] buf=200000 R=0.344 len= 42.9/142.1 succ=0.14 q=0.0884 qens=0.0898 pi=-0.409 a=0.0332 H=+2.67 (1066.5s) [pos_err_exceeded:190|joint_limit:109|max_steps:54|self_collision:20]
[  690/5000] buf=200000 R=0.337 len= 39.6/135.1 succ=0.14 q=0.0932 qens=0.0949 pi=-0.409 a=0.0330 H=+2.64 (1081.1s) [pos_err_exceeded:200|joint_limit:104|max_steps:55|self_collision:20]
[  700/5000] buf=200000 R=0.379 len= 45.2/137.1 succ=0.19 q=0.0934 qens=0.0947 pi=-0.413 a=0.0328 H=+2.71 (1096.0s) [pos_err_exceeded:176|joint_limit:101|max_steps:72|self_collision:28]
[  710/5000] buf=200000 R=0.333 len= 42.0/139.2 succ=0.13 q=0.0861 qens=0.0863 pi=-0.424 a=0.0326 H=+2.65 (1110.6s) [pos_err_exceeded:191|joint_limit:111|max_steps:50|self_collision:25]
[  720/5000] buf=200000 R=0.308 len= 38.3/134.8 succ=0.12 q=0.0891 qens=0.0917 pi=-0.437 a=0.0324 H=+2.59 (1125.4s) [pos_err_exceeded:206|joint_limit:94|max_steps:48|self_collision:27]
[  730/5000] buf=200000 R=0.347 len= 41.3/138.0 succ=0.15 q=0.0866 qens=0.0874 pi=-0.401 a=0.0322 H=+2.66 (1140.2s) [pos_err_exceeded:191|joint_limit:107|max_steps:58|self_collision:20]
[  740/5000] buf=200000 R=0.338 len= 41.2/140.9 succ=0.15 q=0.0889 qens=0.0914 pi=-0.423 a=0.0320 H=+2.63 (1155.0s) [pos_err_exceeded:191|joint_limit:112|max_steps:57|self_collision:17]
[  750/5000] buf=200000 R=0.324 len= 38.4/138.9 succ=0.11 q=0.0918 qens=0.0915 pi=-0.408 a=0.0318 H=+2.67 (1169.8s) [pos_err_exceeded:193|joint_limit:116|max_steps:44|self_collision:25]
[  760/5000] buf=200000 R=0.365 len= 45.6/138.0 succ=0.13 q=0.0971 qens=0.1039 pi=-0.392 a=0.0317 H=+2.59 (1184.5s) [pos_err_exceeded:199|joint_limit:106|max_steps:49|self_collision:27]
[  770/5000] buf=200000 R=0.315 len= 38.3/138.0 succ=0.11 q=0.0890 qens=0.0915 pi=-0.408 a=0.0315 H=+2.61 (1199.4s) [pos_err_exceeded:205|joint_limit:106|max_steps:42|self_collision:25]
[  780/5000] buf=200000 R=0.337 len= 41.6/140.2 succ=0.13 q=0.0814 qens=0.0841 pi=-0.387 a=0.0313 H=+2.62 (1214.1s) [pos_err_exceeded:181|joint_limit:118|max_steps:50|self_collision:26]
[  790/5000] buf=200000 R=0.322 len= 41.0/140.0 succ=0.12 q=0.0938 qens=0.0928 pi=-0.409 a=0.0311 H=+2.60 (1228.8s) [pos_err_exceeded:186|joint_limit:114|max_steps:47|self_collision:25]
[  800/5000] buf=200000 R=0.318 len= 39.9/139.1 succ=0.11 q=0.0954 qens=0.0957 pi=-0.430 a=0.0309 H=+2.56 (1243.4s) [pos_err_exceeded:206|joint_limit:105|max_steps:42|self_collision:25]
[  810/5000] buf=200000 R=0.346 len= 40.3/132.5 succ=0.15 q=0.0783 qens=0.0809 pi=-0.449 a=0.0307 H=+2.65 (1258.3s) [pos_err_exceeded:182|joint_limit:117|max_steps:57|self_collision:23]
[  820/5000] buf=200000 R=0.315 len= 40.4/144.5 succ=0.11 q=0.0886 qens=0.0902 pi=-0.376 a=0.0305 H=+2.63 (1272.9s) [pos_err_exceeded:202|joint_limit:107|max_steps:43|self_collision:23]
[  830/5000] buf=200000 R=0.336 len= 39.2/138.0 succ=0.14 q=0.0891 qens=0.0913 pi=-0.388 a=0.0304 H=+2.64 (1287.9s) [pos_err_exceeded:196|joint_limit:108|max_steps:55|self_collision:15]
[  840/5000] buf=200000 R=0.330 len= 39.3/136.4 succ=0.12 q=0.0894 qens=0.0912 pi=-0.441 a=0.0302 H=+2.61 (1302.5s) [pos_err_exceeded:208|joint_limit:103|max_steps:48|self_collision:18]
[  850/5000] buf=200000 R=0.314 len= 39.6/142.4 succ=0.10 q=0.0837 qens=0.0867 pi=-0.398 a=0.0300 H=+2.62 (1317.2s) [pos_err_exceeded:194|joint_limit:128|max_steps:39|self_collision:18]
[  860/5000] buf=200000 R=0.327 len= 40.3/134.8 succ=0.14 q=0.0766 qens=0.0783 pi=-0.413 a=0.0298 H=+2.57 (1331.9s) [pos_err_exceeded:187|joint_limit:111|max_steps:55|self_collision:24]
[  870/5000] buf=200000 R=0.332 len= 39.8/141.0 succ=0.13 q=0.0793 qens=0.0811 pi=-0.393 a=0.0296 H=+2.64 (1346.8s) [pos_err_exceeded:196|joint_limit:112|max_steps:51|self_collision:16]
[  880/5000] buf=200000 R=0.346 len= 42.5/136.7 succ=0.16 q=0.0841 qens=0.0881 pi=-0.382 a=0.0295 H=+2.57 (1361.5s) [pos_err_exceeded:174|joint_limit:115|max_steps:60|self_collision:25]
[  890/5000] buf=200000 R=0.308 len= 36.6/135.5 succ=0.12 q=0.0827 qens=0.0866 pi=-0.364 a=0.0293 H=+2.68 (1376.5s) [pos_err_exceeded:193|joint_limit:118|max_steps:45|self_collision:21]
[  900/5000] buf=200000 R=0.346 len= 42.8/139.0 succ=0.17 q=0.0775 qens=0.0789 pi=-0.422 a=0.0291 H=+2.59 (1391.5s) [pos_err_exceeded:177|joint_limit:103|max_steps:67|self_collision:25]
[  910/5000] buf=200000 R=0.307 len= 38.3/142.8 succ=0.11 q=0.0922 qens=0.0954 pi=-0.445 a=0.0289 H=+2.63 (1406.6s) [pos_err_exceeded:192|joint_limit:121|max_steps:41|self_collision:23]
[  920/5000] buf=200000 R=0.305 len= 37.5/141.7 succ=0.10 q=0.0935 qens=0.0996 pi=-0.398 a=0.0288 H=+2.58 (1421.6s) [pos_err_exceeded:199|joint_limit:124|max_steps:38|self_collision:14]
[  930/5000] buf=200000 R=0.324 len= 40.5/141.9 succ=0.13 q=0.0882 qens=0.0896 pi=-0.415 a=0.0286 H=+2.59 (1436.7s) [pos_err_exceeded:189|joint_limit:115|max_steps:50|self_collision:24]
[  940/5000] buf=200000 R=0.316 len= 38.4/138.0 succ=0.12 q=0.0849 qens=0.0879 pi=-0.407 a=0.0284 H=+2.55 (1454.1s) [pos_err_exceeded:200|joint_limit:111|max_steps:46|self_collision:18]
[  950/5000] buf=200000 R=0.318 len= 41.7/147.0 succ=0.11 q=0.0865 qens=0.0886 pi=-0.421 a=0.0283 H=+2.62 (1478.4s) [pos_err_exceeded:183|joint_limit:127|max_steps:42|self_collision:27]
[  960/5000] buf=200000 R=0.304 len= 38.3/142.4 succ=0.11 q=0.0841 qens=0.0867 pi=-0.388 a=0.0281 H=+2.55 (1502.7s) [pos_err_exceeded:195|joint_limit:114|max_steps:44|self_collision:21]
[  970/5000] buf=200000 R=0.298 len= 36.0/139.0 succ=0.12 q=0.0903 qens=0.0950 pi=-0.414 a=0.0279 H=+2.61 (1527.0s) [pos_err_exceeded:186|joint_limit:126|max_steps:47|self_collision:17]
[  980/5000] buf=200000 R=0.338 len= 38.5/133.6 succ=0.15 q=0.0850 qens=0.0893 pi=-0.417 a=0.0278 H=+2.64 (1544.6s) [pos_err_exceeded:199|joint_limit:97|max_steps:56|self_collision:23]
[  990/5000] buf=200000 R=0.312 len= 37.8/140.3 succ=0.13 q=0.0832 qens=0.0875 pi=-0.415 a=0.0276 H=+2.61 (1565.5s) [pos_err_exceeded:185|joint_limit:116|max_steps:50|self_collision:17]
[ 1000/5000] buf=200000 R=0.315 len= 41.2/143.4 succ=0.11 q=0.0829 qens=0.0872 pi=-0.406 a=0.0274 H=+2.58 (1590.0s) [pos_err_exceeded:198|joint_limit:113|max_steps:44|self_collision:23]
[ 1010/5000] buf=200000 R=0.350 len= 44.5/137.3 succ=0.14 q=0.0938 qens=0.0954 pi=-0.454 a=0.0273 H=+2.62 (1614.5s) [pos_err_exceeded:192|joint_limit:103|max_steps:53|self_collision:25]
[ 1020/5000] buf=200000 R=0.339 len= 41.0/139.4 succ=0.14 q=0.0836 qens=0.0869 pi=-0.442 a=0.0271 H=+2.54 (1639.3s) [pos_err_exceeded:193|joint_limit:113|max_steps:54|self_collision:20]
[ 1030/5000] buf=200000 R=0.329 len= 39.8/138.9 succ=0.14 q=0.0963 qens=0.1012 pi=-0.379 a=0.0269 H=+2.54 (1663.3s) [pos_err_exceeded:186|joint_limit:119|max_steps:53|self_collision:19]
[ 1040/5000] buf=200000 R=0.325 len= 39.8/138.9 succ=0.12 q=0.0845 qens=0.0866 pi=-0.373 a=0.0268 H=+2.63 (1687.4s) [pos_err_exceeded:200|joint_limit:108|max_steps:46|self_collision:19]
[ 1050/5000] buf=200000 R=0.323 len= 39.4/138.2 succ=0.13 q=0.0778 qens=0.0792 pi=-0.376 a=0.0266 H=+2.60 (1711.9s) [pos_err_exceeded:209|joint_limit:95|max_steps:49|self_collision:22]
[ 1060/5000] buf=200000 R=0.350 len= 42.4/140.4 succ=0.16 q=0.0764 qens=0.0795 pi=-0.417 a=0.0265 H=+2.57 (1735.2s) [pos_err_exceeded:188|joint_limit:111|max_steps:61|self_collision:17]
[ 1070/5000] buf=200000 R=0.337 len= 42.0/135.9 succ=0.12 q=0.0942 qens=0.0980 pi=-0.373 a=0.0263 H=+2.59 (1758.9s) [pos_err_exceeded:197|joint_limit:108|max_steps:47|self_collision:23]
[ 1080/5000] buf=200000 R=0.329 len= 41.4/143.1 succ=0.10 q=0.0879 qens=0.0934 pi=-0.393 a=0.0262 H=+2.57 (1782.2s) [pos_err_exceeded:187|joint_limit:128|max_steps:40|self_collision:22]
[ 1090/5000] buf=200000 R=0.341 len= 41.0/139.4 succ=0.14 q=0.0836 qens=0.0886 pi=-0.403 a=0.0260 H=+2.58 (1805.8s) [pos_err_exceeded:200|joint_limit:105|max_steps:54|self_collision:15]
[ 1100/5000] buf=200000 R=0.291 len= 37.9/145.0 succ=0.09 q=0.0760 qens=0.0806 pi=-0.389 a=0.0258 H=+2.56 (1829.5s) [pos_err_exceeded:191|joint_limit:122|max_steps:34|self_collision:30]
[ 1110/5000] buf=200000 R=0.320 len= 38.8/140.8 succ=0.14 q=0.0793 qens=0.0817 pi=-0.378 a=0.0257 H=+2.61 (1853.6s) [pos_err_exceeded:196|joint_limit:106|max_steps:53|self_collision:27]
[ 1120/5000] buf=200000 R=0.345 len= 43.1/140.4 succ=0.15 q=0.0907 qens=0.0943 pi=-0.405 a=0.0255 H=+2.54 (1877.7s) [pos_err_exceeded:189|joint_limit:115|max_steps:56|self_collision:15]
[ 1130/5000] buf=200000 R=0.305 len= 36.7/140.0 succ=0.13 q=0.0731 qens=0.0757 pi=-0.357 a=0.0254 H=+2.57 (1904.3s) [pos_err_exceeded:202|joint_limit:97|max_steps:49|self_collision:28]
[ 1140/5000] buf=200000 R=0.340 len= 43.7/140.9 succ=0.13 q=0.0873 qens=0.0898 pi=-0.370 a=0.0252 H=+2.60 (1928.1s) [pos_err_exceeded:201|joint_limit:102|max_steps:50|self_collision:24]
[ 1150/5000] buf=200000 R=0.348 len= 41.7/137.6 succ=0.15 q=0.0826 qens=0.0862 pi=-0.363 a=0.0251 H=+2.48 (1952.0s) [pos_err_exceeded:177|joint_limit:122|max_steps:57|self_collision:19]
[ 1160/5000] buf=200000 R=0.312 len= 36.4/136.3 succ=0.12 q=0.0821 qens=0.0849 pi=-0.406 a=0.0249 H=+2.63 (1975.7s) [pos_err_exceeded:191|joint_limit:118|max_steps:45|self_collision:22]
[ 1170/5000] buf=200000 R=0.330 len= 41.1/141.3 succ=0.13 q=0.0784 qens=0.0825 pi=-0.363 a=0.0248 H=+2.51 (1999.6s) [pos_err_exceeded:193|joint_limit:104|max_steps:51|self_collision:26]
[ 1180/5000] buf=200000 R=0.354 len= 43.5/141.0 succ=0.15 q=0.0842 qens=0.0844 pi=-0.393 a=0.0246 H=+2.57 (2023.5s) [pos_err_exceeded:185|joint_limit:111|max_steps:56|self_collision:22]
[ 1190/5000] buf=200000 R=0.347 len= 44.3/142.4 succ=0.15 q=0.0826 qens=0.0850 pi=-0.381 a=0.0245 H=+2.58 (2047.3s) [pos_err_exceeded:186|joint_limit:108|max_steps:56|self_collision:27]
[ 1200/5000] buf=200000 R=0.337 len= 41.9/140.6 succ=0.14 q=0.0877 qens=0.0907 pi=-0.367 a=0.0244 H=+2.53 (2071.1s) [pos_err_exceeded:200|joint_limit:103|max_steps:55|self_collision:20]
[ 1210/5000] buf=200000 R=0.330 len= 40.3/138.0 succ=0.13 q=0.0889 qens=0.0926 pi=-0.391 a=0.0242 H=+2.56 (2094.9s) [pos_err_exceeded:195|joint_limit:107|max_steps:51|self_collision:21]
[ 1220/5000] buf=200000 R=0.312 len= 39.1/141.8 succ=0.13 q=0.0885 qens=0.0930 pi=-0.399 a=0.0241 H=+2.54 (2118.6s) [pos_err_exceeded:181|joint_limit:121|max_steps:50|self_collision:22]
[ 1230/5000] buf=200000 R=0.335 len= 43.7/141.9 succ=0.13 q=0.0826 qens=0.0852 pi=-0.391 a=0.0239 H=+2.55 (2142.3s) [pos_err_exceeded:193|joint_limit:115|max_steps:49|self_collision:18]
[ 1240/5000] buf=200000 R=0.316 len= 37.4/137.3 succ=0.14 q=0.0747 qens=0.0780 pi=-0.391 a=0.0238 H=+2.55 (2166.1s) [pos_err_exceeded:200|joint_limit:104|max_steps:53|self_collision:19]
[ 1250/5000] buf=200000 R=0.299 len= 38.4/140.8 succ=0.12 q=0.0841 qens=0.0869 pi=-0.371 a=0.0236 H=+2.59 (2189.7s) [pos_err_exceeded:195|joint_limit:113|max_steps:47|self_collision:17]
[ 1260/5000] buf=200000 R=0.273 len= 36.1/145.1 succ=0.08 q=0.0854 qens=0.0866 pi=-0.354 a=0.0235 H=+2.51 (2213.3s) [pos_err_exceeded:207|joint_limit:115|max_steps:32|self_collision:20]
[ 1270/5000] buf=200000 R=0.321 len= 39.4/140.3 succ=0.12 q=0.0887 qens=0.0931 pi=-0.372 a=0.0234 H=+2.49 (2237.4s) [pos_err_exceeded:199|joint_limit:109|max_steps:47|self_collision:19]
[ 1280/5000] buf=200000 R=0.330 len= 41.5/139.8 succ=0.13 q=0.0806 qens=0.0821 pi=-0.387 a=0.0232 H=+2.63 (2261.6s) [pos_err_exceeded:198|joint_limit:100|max_steps:50|self_collision:23]
[ 1290/5000] buf=200000 R=0.349 len= 41.7/139.0 succ=0.15 q=0.0906 qens=0.0922 pi=-0.368 a=0.0231 H=+2.57 (2285.5s) [pos_err_exceeded:183|joint_limit:117|max_steps:59|self_collision:22]
[ 1300/5000] buf=200000 R=0.353 len= 43.1/140.5 succ=0.15 q=0.0799 qens=0.0828 pi=-0.382 a=0.0230 H=+2.53 (2309.4s) [pos_err_exceeded:195|joint_limit:110|max_steps:57|self_collision:21]
[ 1310/5000] buf=200000 R=0.335 len= 41.0/136.2 succ=0.12 q=0.0830 qens=0.0847 pi=-0.358 a=0.0228 H=+2.39 (2333.3s) [pos_err_exceeded:199|joint_limit:112|max_steps:47|self_collision:24]
[ 1320/5000] buf=200000 R=0.332 len= 41.7/141.2 succ=0.12 q=0.0827 qens=0.0836 pi=-0.429 a=0.0227 H=+2.59 (2357.6s) [pos_err_exceeded:192|joint_limit:117|max_steps:45|self_collision:20]
[ 1330/5000] buf=200000 R=0.317 len= 37.8/136.2 succ=0.12 q=0.0783 qens=0.0787 pi=-0.381 a=0.0225 H=+2.40 (2381.6s) [pos_err_exceeded:200|joint_limit:106|max_steps:48|self_collision:21]
[ 1340/5000] buf=200000 R=0.315 len= 38.2/139.8 succ=0.11 q=0.0748 qens=0.0805 pi=-0.363 a=0.0224 H=+2.47 (2405.3s) [pos_err_exceeded:188|joint_limit:126|max_steps:43|self_collision:14]
[ 1350/5000] buf=200000 R=0.314 len= 38.5/141.4 succ=0.13 q=0.0806 qens=0.0819 pi=-0.408 a=0.0223 H=+2.56 (2428.8s) [pos_err_exceeded:206|joint_limit:98|max_steps:49|self_collision:26]
[ 1360/5000] buf=200000 R=0.318 len= 39.3/143.0 succ=0.12 q=0.0833 qens=0.0859 pi=-0.346 a=0.0222 H=+2.55 (2452.3s) [pos_err_exceeded:190|joint_limit:118|max_steps:46|self_collision:20]
[ 1370/5000] buf=200000 R=0.336 len= 42.0/141.7 succ=0.12 q=0.0716 qens=0.0741 pi=-0.368 a=0.0220 H=+2.50 (2476.1s) [pos_err_exceeded:205|joint_limit:96|max_steps:46|self_collision:25]
[ 1380/5000] buf=200000 R=0.348 len= 42.0/141.5 succ=0.14 q=0.0865 qens=0.0890 pi=-0.381 a=0.0219 H=+2.52 (2499.9s) [pos_err_exceeded:206|joint_limit:100|max_steps:55|self_collision:17]
[ 1390/5000] buf=200000 R=0.350 len= 43.9/136.9 succ=0.15 q=0.0860 qens=0.0895 pi=-0.380 a=0.0218 H=+2.54 (2523.8s) [pos_err_exceeded:179|joint_limit:111|max_steps:57|self_collision:31]
[ 1400/5000] buf=200000 R=0.343 len= 41.3/137.9 succ=0.15 q=0.0864 qens=0.0908 pi=-0.380 a=0.0216 H=+2.51 (2547.7s) [pos_err_exceeded:205|joint_limit:103|max_steps:57|self_collision:10]
[ 1410/5000] buf=200000 R=0.341 len= 40.9/142.0 succ=0.15 q=0.0807 qens=0.0843 pi=-0.392 a=0.0215 H=+2.53 (2571.5s) [pos_err_exceeded:196|joint_limit:103|max_steps:57|self_collision:23]
[ 1420/5000] buf=200000 R=0.348 len= 41.9/139.2 succ=0.14 q=0.0795 qens=0.0839 pi=-0.387 a=0.0214 H=+2.49 (2593.4s) [pos_err_exceeded:198|joint_limit:111|max_steps:54|self_collision:18]
[ 1430/5000] buf=200000 R=0.335 len= 40.6/143.3 succ=0.12 q=0.0841 qens=0.0895 pi=-0.371 a=0.0213 H=+2.48 (2608.3s) [pos_err_exceeded:216|joint_limit:97|max_steps:47|self_collision:15]
[ 1440/5000] buf=200000 R=0.322 len= 38.7/140.5 succ=0.14 q=0.0785 qens=0.0798 pi=-0.366 a=0.0211 H=+2.39 (2623.2s) [pos_err_exceeded:188|joint_limit:111|max_steps:53|self_collision:23]
[ 1450/5000] buf=200000 R=0.318 len= 39.0/137.9 succ=0.13 q=0.0801 qens=0.0826 pi=-0.381 a=0.0210 H=+2.47 (2638.1s) [pos_err_exceeded:193|joint_limit:115|max_steps:49|self_collision:18]
[ 1460/5000] buf=200000 R=0.320 len= 41.0/140.2 succ=0.11 q=0.0799 qens=0.0814 pi=-0.335 a=0.0209 H=+2.47 (2652.9s) [pos_err_exceeded:196|joint_limit:101|max_steps:44|self_collision:31]
[ 1470/5000] buf=200000 R=0.353 len= 42.5/138.4 succ=0.15 q=0.0679 qens=0.0718 pi=-0.381 a=0.0208 H=+2.38 (2667.7s) [pos_err_exceeded:203|joint_limit:100|max_steps:57|self_collision:18]
[ 1480/5000] buf=200000 R=0.346 len= 44.9/142.0 succ=0.12 q=0.0903 qens=0.0931 pi=-0.371 a=0.0206 H=+2.46 (2682.6s) [pos_err_exceeded:203|joint_limit:100|max_steps:48|self_collision:24]
[ 1490/5000] buf=200000 R=0.352 len= 41.6/133.9 succ=0.14 q=0.0767 qens=0.0795 pi=-0.406 a=0.0205 H=+2.45 (2697.8s) [pos_err_exceeded:189|joint_limit:114|max_steps:55|self_collision:19]
