[CVT] database loaded from /home/lqin/one/one/robots/manipulators/franka/fr3/data
[warmup] collecting 1024 rollouts before learning starts
[    1/5000] buf= 1536 R=0.316 len= 38.9/138.0 succ=0.11 q=0.1281 qens=0.1244 pi=-0.295 a=0.0500 H=+2.69 (6.1s) [pos_err_exceeded:193|joint_limit:117|max_steps:43|self_collision:25]
[   10/5000] buf= 4992 R=0.313 len= 38.6/137.1 succ=0.10 q=0.0920 qens=0.0978 pi=-0.466 a=0.0497 H=+2.68 (19.1s) [pos_err_exceeded:205|joint_limit:106|max_steps:40|self_collision:25]
[   20/5000] buf= 8832 R=0.314 len= 41.9/143.1 succ=0.11 q=0.0948 qens=0.0978 pi=-0.437 a=0.0494 H=+2.69 (33.7s) [pos_err_exceeded:175|joint_limit:129|max_steps:43|self_collision:25]
[   30/5000] buf=12672 R=0.317 len= 38.4/140.2 succ=0.14 q=0.0890 qens=0.0926 pi=-0.430 a=0.0491 H=+2.69 (48.4s) [pos_err_exceeded:176|joint_limit:121|max_steps:52|self_collision:26]
[   40/5000] buf=16512 R=0.308 len= 38.4/143.4 succ=0.10 q=0.1057 qens=0.1075 pi=-0.426 a=0.0488 H=+2.74 (62.8s) [pos_err_exceeded:193|joint_limit:117|max_steps:39|self_collision:25]
[   50/5000] buf=20352 R=0.308 len= 37.9/139.1 succ=0.11 q=0.1012 qens=0.1023 pi=-0.456 a=0.0485 H=+2.70 (77.2s) [pos_err_exceeded:184|joint_limit:141|max_steps:42|self_collision:11]
[   60/5000] buf=24192 R=0.359 len= 41.9/134.4 succ=0.16 q=0.0943 qens=0.0930 pi=-0.481 a=0.0482 H=+2.70 (91.5s) [pos_err_exceeded:181|joint_limit:110|max_steps:62|self_collision:23]
[   70/5000] buf=28032 R=0.331 len= 41.9/144.8 succ=0.12 q=0.0922 qens=0.0923 pi=-0.452 a=0.0479 H=+2.63 (105.9s) [pos_err_exceeded:171|joint_limit:118|max_steps:48|self_collision:34]
[   80/5000] buf=31872 R=0.317 len= 39.0/139.9 succ=0.14 q=0.0867 qens=0.0914 pi=-0.490 a=0.0477 H=+2.69 (120.4s) [pos_err_exceeded:184|joint_limit:113|max_steps:54|self_collision:26]
[   90/5000] buf=35712 R=0.331 len= 38.3/137.4 succ=0.14 q=0.0963 qens=0.0953 pi=-0.436 a=0.0474 H=+2.70 (134.6s) [pos_err_exceeded:190|joint_limit:107|max_steps:55|self_collision:25]
[  100/5000] buf=39552 R=0.293 len= 37.7/145.9 succ=0.11 q=0.0996 qens=0.1011 pi=-0.461 a=0.0471 H=+2.68 (149.1s) [pos_err_exceeded:192|joint_limit:118|max_steps:44|self_collision:21]
[  110/5000] buf=43392 R=0.337 len= 40.4/136.5 succ=0.13 q=0.0950 qens=0.0937 pi=-0.455 a=0.0468 H=+2.69 (163.5s) [pos_err_exceeded:174|joint_limit:124|max_steps:50|self_collision:27]
[  120/5000] buf=47232 R=0.345 len= 40.4/136.5 succ=0.12 q=0.0957 qens=0.0957 pi=-0.433 a=0.0465 H=+2.68 (178.0s) [pos_err_exceeded:210|joint_limit:105|max_steps:48|self_collision:17]
[  130/5000] buf=51072 R=0.313 len= 38.2/138.2 succ=0.12 q=0.0976 qens=0.0946 pi=-0.430 a=0.0463 H=+2.67 (192.4s) [pos_err_exceeded:179|joint_limit:132|max_steps:47|init_ik_fail:13]
[  140/5000] buf=54912 R=0.293 len= 35.2/139.7 succ=0.11 q=0.0888 qens=0.0884 pi=-0.424 a=0.0460 H=+2.63 (206.7s) [pos_err_exceeded:195|joint_limit:120|max_steps:43|self_collision:21]
[  150/5000] buf=58752 R=0.327 len= 38.2/132.6 succ=0.11 q=0.0997 qens=0.0994 pi=-0.473 a=0.0457 H=+2.70 (221.1s) [pos_err_exceeded:209|joint_limit:104|max_steps:44|self_collision:24]
[  160/5000] buf=62592 R=0.327 len= 41.0/141.2 succ=0.12 q=0.0931 qens=0.0917 pi=-0.454 a=0.0454 H=+2.67 (235.3s) [pos_err_exceeded:192|joint_limit:109|max_steps:45|self_collision:28]
[  170/5000] buf=66432 R=0.338 len= 41.9/141.8 succ=0.14 q=0.1018 qens=0.1024 pi=-0.473 a=0.0452 H=+2.64 (249.5s) [pos_err_exceeded:196|joint_limit:108|max_steps:52|self_collision:23]
